Java HotSpot(TM) 64-Bit Server VM (25.144-b01) for windows-amd64 JRE (1.8.0_144-b01), built on Jul 21 2017 21:57:33 by "java_re" with MS VC++ 10.0 (VS2010)
Memory: 4k page, physical 12280976k(4199504k free), swap 24560092k(14114340k free)
CommandLine flags: -XX:CMSInitiatingOccupancyFraction=70 -XX:+CMSParallelRemarkEnabled -XX:+CMSScavengeBeforeRemark -XX:GCLogFileSize=104857600 -XX:+HeapDumpOnOutOfMemoryError -XX:HeapDumpPath=dump -XX:InitialHeapSize=536870912 -XX:+ManagementServer -XX:MaxHeapSize=536870912 -XX:MaxMetaspaceSize=268435456 -XX:MaxNewSize=178958336 -XX:MaxTenuringThreshold=6 -XX:NewSize=178958336 -XX:NumberOfGCLogFiles=10 -XX:OldPLABSize=16 -XX:OldSize=357912576 -XX:+PrintGC -XX:+PrintGCDateStamps -XX:+PrintGCDetails -XX:+PrintGCTimeStamps -XX:+ScavengeBeforeFullGC -XX:+UseCMSInitiatingOccupancyOnly -XX:+UseCompressedClassPointers -XX:+UseCompressedOops -XX:+UseConcMarkSweepGC -XX:+UseGCLogFileRotation -XX:-UseLargePagesIndividualAllocation -XX:+UseParNewGC 
2017-11-08T00:30:44.504+0300: 35.106: [GC (Allocation Failure) 2017-11-08T00:30:44.504+0300: 35.106: [ParNew: 139776K->17472K(157248K), 0.0328357 secs] 139776K->60861K(506816K), 0.0330456 secs] [Times: user=0.05 sys=0.03, real=0.03 secs] 
2017-11-08T00:31:25.060+0300: 75.662: [GC (Allocation Failure) 2017-11-08T00:31:25.060+0300: 75.662: [ParNew: 157248K->17472K(157248K), 0.0806712 secs] 200637K->173258K(506816K), 0.0807703 secs] [Times: user=0.25 sys=0.03, real=0.08 secs] 
2017-11-08T00:32:05.659+0300: 116.261: [GC (Allocation Failure) 2017-11-08T00:32:05.659+0300: 116.261: [ParNew: 157248K->17472K(157248K), 0.0976788 secs] 313034K->302928K(506816K), 0.0977743 secs] [Times: user=0.25 sys=0.06, real=0.10 secs] 
2017-11-08T00:32:05.757+0300: 116.359: [GC (CMS Initial Mark) [1 CMS-initial-mark: 285456K(349568K)] 305658K(506816K), 0.0003451 secs] [Times: user=0.00 sys=0.00, real=0.00 secs] 
2017-11-08T00:32:05.757+0300: 116.359: [CMS-concurrent-mark-start]
2017-11-08T00:32:05.769+0300: 116.370: [CMS-concurrent-mark: 0.011/0.011 secs] [Times: user=0.00 sys=0.00, real=0.01 secs] 
2017-11-08T00:32:05.769+0300: 116.370: [CMS-concurrent-preclean-start]
2017-11-08T00:32:05.769+0300: 116.371: [CMS-concurrent-preclean: 0.001/0.001 secs] [Times: user=0.00 sys=0.00, real=0.00 secs] 
2017-11-08T00:32:05.769+0300: 116.371: [CMS-concurrent-abortable-preclean-start]
 CMS: abort preclean due to time 2017-11-08T00:32:10.806+0300: 121.407: [CMS-concurrent-abortable-preclean: 0.255/5.036 secs] [Times: user=0.23 sys=0.00, real=5.04 secs] 
2017-11-08T00:32:10.806+0300: 121.407: [GC (CMS Final Remark) [YG occupancy: 33852 K (157248 K)]2017-11-08T00:32:10.806+0300: 121.407: [GC (CMS Final Remark) 2017-11-08T00:32:10.806+0300: 121.407: [ParNew: 33852K->17472K(157248K), 0.0282803 secs] 319309K->322833K(506816K), 0.0283503 secs] [Times: user=0.02 sys=0.02, real=0.03 secs] 
2017-11-08T00:32:10.835+0300: 121.436: [Rescan (parallel) , 0.0006253 secs]2017-11-08T00:32:10.835+0300: 121.436: [weak refs processing, 0.0000515 secs]2017-11-08T00:32:10.835+0300: 121.436: [class unloading, 0.0011390 secs]2017-11-08T00:32:10.837+0300: 121.438: [scrub symbol table, 0.0009349 secs]2017-11-08T00:32:10.837+0300: 121.438: [scrub string table, 0.0001701 secs][1 CMS-remark: 305361K(349568K)] 322833K(506816K), 0.0315156 secs] [Times: user=0.02 sys=0.02, real=0.03 secs] 
2017-11-08T00:32:10.838+0300: 121.439: [CMS-concurrent-sweep-start]
2017-11-08T00:32:10.849+0300: 121.450: [CMS-concurrent-sweep: 0.011/0.011 secs] [Times: user=0.01 sys=0.00, real=0.01 secs] 
2017-11-08T00:32:10.849+0300: 121.450: [CMS-concurrent-reset-start]
2017-11-08T00:32:10.849+0300: 121.450: [CMS-concurrent-reset: 0.000/0.000 secs] [Times: user=0.00 sys=0.00, real=0.00 secs] 
2017-11-08T00:32:50.843+0300: 161.444: [GC (CMS Initial Mark) [1 CMS-initial-mark: 200045K(349568K)] 354017K(506816K), 0.0021772 secs] [Times: user=0.00 sys=0.00, real=0.00 secs] 
2017-11-08T00:32:50.845+0300: 161.446: [CMS-concurrent-mark-start]
2017-11-08T00:32:50.859+0300: 161.459: [CMS-concurrent-mark: 0.014/0.014 secs] [Times: user=0.02 sys=0.00, real=0.01 secs] 
2017-11-08T00:32:50.859+0300: 161.460: [CMS-concurrent-preclean-start]
2017-11-08T00:32:50.860+0300: 161.461: [CMS-concurrent-preclean: 0.001/0.001 secs] [Times: user=0.00 sys=0.00, real=0.00 secs] 
2017-11-08T00:32:50.860+0300: 161.461: [CMS-concurrent-abortable-preclean-start]
2017-11-08T00:32:50.860+0300: 161.461: [CMS-concurrent-abortable-preclean: 0.000/0.000 secs] [Times: user=0.00 sys=0.00, real=0.00 secs] 
2017-11-08T00:32:50.860+0300: 161.461: [GC (CMS Final Remark) [YG occupancy: 153972 K (157248 K)]2017-11-08T00:32:50.860+0300: 161.461: [GC (CMS Final Remark) 2017-11-08T00:32:50.860+0300: 161.461: [ParNew: 153972K->153972K(157248K), 0.0000309 secs] 354017K->354017K(506816K), 0.0000739 secs] [Times: user=0.00 sys=0.00, real=0.00 secs] 
2017-11-08T00:32:50.861+0300: 161.461: [Rescan (parallel) , 0.0055080 secs]2017-11-08T00:32:50.866+0300: 161.467: [weak refs processing, 0.0000859 secs]2017-11-08T00:32:50.866+0300: 161.467: [class unloading, 0.0011305 secs]2017-11-08T00:32:50.867+0300: 161.468: [scrub symbol table, 0.0012463 secs]2017-11-08T00:32:50.869+0300: 161.469: [scrub string table, 0.0002780 secs][1 CMS-remark: 200045K(349568K)] 354017K(506816K), 0.0085743 secs] [Times: user=0.00 sys=0.00, real=0.01 secs] 
2017-11-08T00:32:50.869+0300: 161.470: [CMS-concurrent-sweep-start]
2017-11-08T00:32:50.888+0300: 161.489: [CMS-concurrent-sweep: 0.019/0.019 secs] [Times: user=0.03 sys=0.00, real=0.02 secs] 
2017-11-08T00:32:50.888+0300: 161.489: [CMS-concurrent-reset-start]
2017-11-08T00:32:50.889+0300: 161.489: [CMS-concurrent-reset: 0.000/0.000 secs] [Times: user=0.00 sys=0.00, real=0.00 secs] 
2017-11-08T00:32:52.264+0300: 162.865: [GC (Allocation Failure) 2017-11-08T00:32:52.264+0300: 162.865: [ParNew: 157248K->17472K(157248K), 0.0551259 secs] 281707K->277148K(506816K), 0.0552228 secs] [Times: user=0.16 sys=0.02, real=0.06 secs] 
2017-11-08T00:32:52.320+0300: 162.921: [GC (CMS Initial Mark) [1 CMS-initial-mark: 259676K(349568K)] 278978K(506816K), 0.0003884 secs] [Times: user=0.00 sys=0.00, real=0.00 secs] 
2017-11-08T00:32:52.320+0300: 162.921: [CMS-concurrent-mark-start]
2017-11-08T00:32:52.332+0300: 162.932: [CMS-concurrent-mark: 0.011/0.011 secs] [Times: user=0.02 sys=0.00, real=0.01 secs] 
2017-11-08T00:32:52.332+0300: 162.932: [CMS-concurrent-preclean-start]
2017-11-08T00:32:52.332+0300: 162.933: [CMS-concurrent-preclean: 0.001/0.001 secs] [Times: user=0.00 sys=0.00, real=0.00 secs] 
2017-11-08T00:32:52.332+0300: 162.933: [GC (CMS Final Remark) [YG occupancy: 19301 K (157248 K)]2017-11-08T00:32:52.333+0300: 162.933: [GC (CMS Final Remark) 2017-11-08T00:32:52.333+0300: 162.933: [ParNew: 19301K->4158K(157248K), 0.0079835 secs] 278978K->281306K(506816K), 0.0080520 secs] [Times: user=0.02 sys=0.01, real=0.01 secs] 
2017-11-08T00:32:52.341+0300: 162.941: [Rescan (parallel) , 0.0004104 secs]2017-11-08T00:32:52.341+0300: 162.942: [weak refs processing, 0.0000469 secs]2017-11-08T00:32:52.341+0300: 162.942: [class unloading, 0.0007520 secs]2017-11-08T00:32:52.342+0300: 162.943: [scrub symbol table, 0.0008518 secs]2017-11-08T00:32:52.343+0300: 162.944: [scrub string table, 0.0001626 secs][1 CMS-remark: 277147K(349568K)] 281306K(506816K), 0.0104369 secs] [Times: user=0.02 sys=0.01, real=0.01 secs] 
2017-11-08T00:32:52.343+0300: 162.944: [CMS-concurrent-sweep-start]
2017-11-08T00:32:52.350+0300: 162.951: [CMS-concurrent-sweep: 0.007/0.007 secs] [Times: user=0.00 sys=0.00, real=0.01 secs] 
2017-11-08T00:32:52.350+0300: 162.951: [CMS-concurrent-reset-start]
2017-11-08T00:32:52.350+0300: 162.951: [CMS-concurrent-reset: 0.000/0.000 secs] [Times: user=0.00 sys=0.00, real=0.00 secs] 
2017-11-08T00:32:54.350+0300: 164.951: [GC (CMS Initial Mark) [1 CMS-initial-mark: 274627K(349568K)] 284269K(506816K), 0.0003771 secs] [Times: user=0.00 sys=0.00, real=0.00 secs] 
2017-11-08T00:32:54.350+0300: 164.951: [CMS-concurrent-mark-start]
2017-11-08T00:32:54.362+0300: 164.963: [CMS-concurrent-mark: 0.012/0.012 secs] [Times: user=0.00 sys=0.00, real=0.01 secs] 
2017-11-08T00:32:54.362+0300: 164.963: [CMS-concurrent-preclean-start]
2017-11-08T00:32:54.363+0300: 164.964: [CMS-concurrent-preclean: 0.001/0.001 secs] [Times: user=0.00 sys=0.00, real=0.00 secs] 
2017-11-08T00:32:54.363+0300: 164.964: [CMS-concurrent-abortable-preclean-start]
 CMS: abort preclean due to time 2017-11-08T00:32:59.419+0300: 170.020: [CMS-concurrent-abortable-preclean: 0.086/5.056 secs] [Times: user=0.08 sys=0.00, real=5.06 secs] 
2017-11-08T00:32:59.419+0300: 170.020: [GC (CMS Final Remark) [YG occupancy: 26103 K (157248 K)]2017-11-08T00:32:59.419+0300: 170.020: [GC (CMS Final Remark) 2017-11-08T00:32:59.419+0300: 170.020: [ParNew: 26103K->17472K(157248K), 0.0074147 secs] 300731K->296922K(506816K), 0.0074967 secs] [Times: user=0.00 sys=0.00, real=0.01 secs] 
2017-11-08T00:32:59.426+0300: 170.028: [Rescan (parallel) , 0.0008465 secs]2017-11-08T00:32:59.427+0300: 170.028: [weak refs processing, 0.0000788 secs]2017-11-08T00:32:59.427+0300: 170.029: [class unloading, 0.0010946 secs]2017-11-08T00:32:59.428+0300: 170.030: [scrub symbol table, 0.0012519 secs]2017-11-08T00:32:59.430+0300: 170.031: [scrub string table, 0.0002737 secs][1 CMS-remark: 279450K(349568K)] 296922K(506816K), 0.0112951 secs] [Times: user=0.00 sys=0.00, real=0.01 secs] 
2017-11-08T00:32:59.430+0300: 170.031: [CMS-concurrent-sweep-start]
2017-11-08T00:32:59.442+0300: 170.043: [CMS-concurrent-sweep: 0.012/0.012 secs] [Times: user=0.02 sys=0.00, real=0.01 secs] 
2017-11-08T00:32:59.442+0300: 170.043: [CMS-concurrent-reset-start]
2017-11-08T00:32:59.443+0300: 170.044: [CMS-concurrent-reset: 0.001/0.001 secs] [Times: user=0.00 sys=0.00, real=0.00 secs] 
2017-11-08T00:33:01.444+0300: 172.044: [GC (CMS Initial Mark) [1 CMS-initial-mark: 276930K(349568K)] 305372K(506816K), 0.0005461 secs] [Times: user=0.00 sys=0.00, real=0.00 secs] 
2017-11-08T00:33:01.444+0300: 172.045: [CMS-concurrent-mark-start]
2017-11-08T00:33:01.458+0300: 172.059: [CMS-concurrent-mark: 0.014/0.014 secs] [Times: user=0.01 sys=0.00, real=0.01 secs] 
2017-11-08T00:33:01.458+0300: 172.059: [CMS-concurrent-preclean-start]
2017-11-08T00:33:01.459+0300: 172.060: [CMS-concurrent-preclean: 0.001/0.001 secs] [Times: user=0.00 sys=0.00, real=0.00 secs] 
2017-11-08T00:33:01.459+0300: 172.060: [CMS-concurrent-abortable-preclean-start]
 CMS: abort preclean due to time 2017-11-08T00:33:06.557+0300: 177.158: [CMS-concurrent-abortable-preclean: 0.218/5.098 secs] [Times: user=0.22 sys=0.00, real=5.10 secs] 
2017-11-08T00:33:06.557+0300: 177.158: [GC (CMS Final Remark) [YG occupancy: 43075 K (157248 K)]2017-11-08T00:33:06.557+0300: 177.158: [GC (CMS Final Remark) 2017-11-08T00:33:06.557+0300: 177.158: [ParNew: 43075K->17472K(157248K), 0.0126844 secs] 320005K->319235K(506816K), 0.0127615 secs] [Times: user=0.06 sys=0.00, real=0.01 secs] 
2017-11-08T00:33:06.570+0300: 177.171: [Rescan (parallel) , 0.0009086 secs]2017-11-08T00:33:06.571+0300: 177.172: [weak refs processing, 0.0000632 secs]2017-11-08T00:33:06.571+0300: 177.172: [class unloading, 0.0011351 secs]2017-11-08T00:33:06.572+0300: 177.173: [scrub symbol table, 0.0009803 secs]2017-11-08T00:33:06.573+0300: 177.174: [scrub string table, 0.0001789 secs][1 CMS-remark: 301763K(349568K)] 319235K(506816K), 0.0162648 secs] [Times: user=0.06 sys=0.00, real=0.02 secs] 
2017-11-08T00:33:06.574+0300: 177.174: [CMS-concurrent-sweep-start]
2017-11-08T00:33:06.584+0300: 177.184: [CMS-concurrent-sweep: 0.010/0.010 secs] [Times: user=0.02 sys=0.00, real=0.01 secs] 
2017-11-08T00:33:06.584+0300: 177.184: [CMS-concurrent-reset-start]
2017-11-08T00:33:06.584+0300: 177.185: [CMS-concurrent-reset: 0.000/0.000 secs] [Times: user=0.00 sys=0.00, real=0.00 secs] 
2017-11-08T00:33:08.584+0300: 179.184: [GC (CMS Initial Mark) [1 CMS-initial-mark: 289165K(349568K)] 312119K(506816K), 0.0005333 secs] [Times: user=0.00 sys=0.00, real=0.00 secs] 
2017-11-08T00:33:08.584+0300: 179.185: [CMS-concurrent-mark-start]
2017-11-08T00:33:08.602+0300: 179.202: [CMS-concurrent-mark: 0.018/0.018 secs] [Times: user=0.01 sys=0.00, real=0.02 secs] 
2017-11-08T00:33:08.602+0300: 179.203: [CMS-concurrent-preclean-start]
2017-11-08T00:33:08.603+0300: 179.204: [CMS-concurrent-preclean: 0.001/0.001 secs] [Times: user=0.00 sys=0.00, real=0.00 secs] 
2017-11-08T00:33:08.603+0300: 179.204: [CMS-concurrent-abortable-preclean-start]
 CMS: abort preclean due to time 2017-11-08T00:33:13.645+0300: 184.246: [CMS-concurrent-abortable-preclean: 0.258/5.042 secs] [Times: user=0.23 sys=0.00, real=5.04 secs] 
2017-11-08T00:33:13.645+0300: 184.246: [GC (CMS Final Remark) [YG occupancy: 43075 K (157248 K)]2017-11-08T00:33:13.645+0300: 184.246: [GC (CMS Final Remark) 2017-11-08T00:33:13.645+0300: 184.246: [ParNew: 43075K->17472K(157248K), 0.0157649 secs] 332240K->331847K(506816K), 0.0158345 secs] [Times: user=0.06 sys=0.00, real=0.02 secs] 
2017-11-08T00:33:13.661+0300: 184.262: [Rescan (parallel) , 0.0009544 secs]2017-11-08T00:33:13.662+0300: 184.263: [weak refs processing, 0.0000831 secs]2017-11-08T00:33:13.662+0300: 184.263: [class unloading, 0.0008901 secs]2017-11-08T00:33:13.663+0300: 184.264: [scrub symbol table, 0.0010030 secs]2017-11-08T00:33:13.664+0300: 184.265: [scrub string table, 0.0002148 secs][1 CMS-remark: 314375K(349568K)] 331847K(506816K), 0.0192086 secs] [Times: user=0.13 sys=0.00, real=0.02 secs] 
2017-11-08T00:33:13.664+0300: 184.265: [CMS-concurrent-sweep-start]
2017-11-08T00:33:13.675+0300: 184.276: [CMS-concurrent-sweep: 0.010/0.010 secs] [Times: user=0.00 sys=0.00, real=0.01 secs] 
2017-11-08T00:33:13.675+0300: 184.276: [CMS-concurrent-reset-start]
2017-11-08T00:33:13.675+0300: 184.276: [CMS-concurrent-reset: 0.001/0.001 secs] [Times: user=0.00 sys=0.00, real=0.00 secs] 
2017-11-08T00:33:15.675+0300: 186.276: [GC (CMS Initial Mark) [1 CMS-initial-mark: 304297K(349568K)] 327252K(506816K), 0.0005578 secs] [Times: user=0.00 sys=0.00, real=0.00 secs] 
2017-11-08T00:33:15.675+0300: 186.276: [CMS-concurrent-mark-start]
2017-11-08T00:33:15.692+0300: 186.293: [CMS-concurrent-mark: 0.017/0.017 secs] [Times: user=0.02 sys=0.00, real=0.02 secs] 
2017-11-08T00:33:15.692+0300: 186.293: [CMS-concurrent-preclean-start]
2017-11-08T00:33:15.694+0300: 186.294: [CMS-concurrent-preclean: 0.001/0.001 secs] [Times: user=0.00 sys=0.00, real=0.00 secs] 
2017-11-08T00:33:15.694+0300: 186.294: [CMS-concurrent-abortable-preclean-start]
 CMS: abort preclean due to time 2017-11-08T00:33:20.756+0300: 191.356: [CMS-concurrent-abortable-preclean: 0.217/5.062 secs] [Times: user=0.22 sys=0.00, real=5.06 secs] 
2017-11-08T00:33:20.756+0300: 191.356: [GC (CMS Final Remark) [YG occupancy: 39416 K (157248 K)]2017-11-08T00:33:20.756+0300: 191.356: [GC (CMS Final Remark) 2017-11-08T00:33:20.756+0300: 191.356: [ParNew: 39416K->17472K(157248K), 0.0124615 secs] 343714K->343362K(506816K), 0.0125161 secs] [Times: user=0.03 sys=0.00, real=0.01 secs] 
2017-11-08T00:33:20.769+0300: 191.369: [Rescan (parallel) , 0.0009299 secs]2017-11-08T00:33:20.770+0300: 191.370: [weak refs processing, 0.0001193 secs]2017-11-08T00:33:20.770+0300: 191.370: [class unloading, 0.0008117 secs]2017-11-08T00:33:20.771+0300: 191.371: [scrub symbol table, 0.0009033 secs]2017-11-08T00:33:20.772+0300: 191.372: [scrub string table, 0.0001701 secs][1 CMS-remark: 325890K(349568K)] 343362K(506816K), 0.0156353 secs] [Times: user=0.03 sys=0.00, real=0.02 secs] 
2017-11-08T00:33:20.772+0300: 191.372: [CMS-concurrent-sweep-start]
2017-11-08T00:33:20.781+0300: 191.381: [CMS-concurrent-sweep: 0.009/0.009 secs] [Times: user=0.02 sys=0.00, real=0.01 secs] 
2017-11-08T00:33:20.781+0300: 191.381: [CMS-concurrent-reset-start]
2017-11-08T00:33:20.782+0300: 191.382: [CMS-concurrent-reset: 0.000/0.000 secs] [Times: user=0.00 sys=0.00, real=0.00 secs] 
2017-11-08T00:33:22.782+0300: 193.382: [GC (CMS Initial Mark) [1 CMS-initial-mark: 313292K(349568K)] 341734K(506816K), 0.0006174 secs] [Times: user=0.00 sys=0.00, real=0.00 secs] 
2017-11-08T00:33:22.782+0300: 193.383: [CMS-concurrent-mark-start]
2017-11-08T00:33:22.800+0300: 193.400: [CMS-concurrent-mark: 0.017/0.017 secs] [Times: user=0.01 sys=0.00, real=0.02 secs] 
2017-11-08T00:33:22.800+0300: 193.400: [CMS-concurrent-preclean-start]
2017-11-08T00:33:22.801+0300: 193.401: [CMS-concurrent-preclean: 0.001/0.001 secs] [Times: user=0.00 sys=0.00, real=0.00 secs] 
2017-11-08T00:33:22.801+0300: 193.401: [CMS-concurrent-abortable-preclean-start]
2017-11-08T00:33:25.405+0300: 196.005: [CMS-concurrent-abortable-preclean: 0.111/2.603 secs] [Times: user=0.11 sys=0.00, real=2.60 secs] 
2017-11-08T00:33:25.405+0300: 196.005: [GC (CMS Final Remark) [YG occupancy: 39416 K (157248 K)]2017-11-08T00:33:25.405+0300: 196.005: [GC (CMS Final Remark) 2017-11-08T00:33:25.405+0300: 196.005: [ParNew: 39416K->39416K(157248K), 0.0000280 secs] 352709K->352709K(506816K), 0.0000703 secs] [Times: user=0.00 sys=0.00, real=0.00 secs] 
2017-11-08T00:33:25.405+0300: 196.005: [Rescan (parallel) , 0.0012278 secs]2017-11-08T00:33:25.406+0300: 196.007: [weak refs processing, 0.0000863 secs]2017-11-08T00:33:25.406+0300: 196.007: [class unloading, 0.0010851 secs]2017-11-08T00:33:25.407+0300: 196.008: [scrub symbol table, 0.0011983 secs]2017-11-08T00:33:25.409+0300: 196.009: [scrub string table, 0.0002730 secs][1 CMS-remark: 313292K(349568K)] 352709K(506816K), 0.0041794 secs] [Times: user=0.02 sys=0.00, real=0.00 secs] 
2017-11-08T00:33:25.409+0300: 196.009: [CMS-concurrent-sweep-start]
2017-11-08T00:33:25.421+0300: 196.021: [CMS-concurrent-sweep: 0.012/0.012 secs] [Times: user=0.00 sys=0.00, real=0.01 secs] 
2017-11-08T00:33:25.421+0300: 196.021: [CMS-concurrent-reset-start]
2017-11-08T00:33:25.422+0300: 196.022: [CMS-concurrent-reset: 0.001/0.001 secs] [Times: user=0.00 sys=0.00, real=0.00 secs] 
2017-11-08T00:33:27.422+0300: 198.022: [GC (CMS Initial Mark) [1 CMS-initial-mark: 300694K(349568K)] 345594K(506816K), 0.0011870 secs] [Times: user=0.00 sys=0.00, real=0.00 secs] 
2017-11-08T00:33:27.423+0300: 198.023: [CMS-concurrent-mark-start]
2017-11-08T00:33:27.439+0300: 198.039: [CMS-concurrent-mark: 0.016/0.016 secs] [Times: user=0.02 sys=0.00, real=0.02 secs] 
2017-11-08T00:33:27.439+0300: 198.039: [CMS-concurrent-preclean-start]
2017-11-08T00:33:27.440+0300: 198.041: [CMS-concurrent-preclean: 0.001/0.001 secs] [Times: user=0.00 sys=0.00, real=0.00 secs] 
2017-11-08T00:33:27.440+0300: 198.041: [CMS-concurrent-abortable-preclean-start]
2017-11-08T00:33:28.385+0300: 198.985: [CMS-concurrent-abortable-preclean: 0.045/0.944 secs] [Times: user=0.05 sys=0.00, real=0.94 secs] 
2017-11-08T00:33:28.385+0300: 198.985: [GC (CMS Final Remark) [YG occupancy: 50386 K (157248 K)]2017-11-08T00:33:28.385+0300: 198.985: [GC (CMS Final Remark) 2017-11-08T00:33:28.385+0300: 198.985: [ParNew: 50386K->50386K(157248K), 0.0000305 secs] 351081K->351081K(506816K), 0.0000753 secs] [Times: user=0.00 sys=0.00, real=0.00 secs] 
2017-11-08T00:33:28.385+0300: 198.986: [Rescan (parallel) , 0.0015552 secs]2017-11-08T00:33:28.387+0300: 198.987: [weak refs processing, 0.0001118 secs]2017-11-08T00:33:28.387+0300: 198.987: [class unloading, 0.0013403 secs]2017-11-08T00:33:28.388+0300: 198.989: [scrub symbol table, 0.0012534 secs]2017-11-08T00:33:28.389+0300: 198.990: [scrub string table, 0.0003156 secs][1 CMS-remark: 300694K(349568K)] 351081K(506816K), 0.0049133 secs] [Times: user=0.02 sys=0.00, real=0.01 secs] 
2017-11-08T00:33:28.390+0300: 198.990: [CMS-concurrent-sweep-start]
2017-11-08T00:33:28.401+0300: 199.002: [CMS-concurrent-sweep: 0.011/0.011 secs] [Times: user=0.00 sys=0.00, real=0.01 secs] 
2017-11-08T00:33:28.401+0300: 199.002: [CMS-concurrent-reset-start]
2017-11-08T00:33:28.402+0300: 199.002: [CMS-concurrent-reset: 0.001/0.001 secs] [Times: user=0.00 sys=0.00, real=0.00 secs] 
2017-11-08T00:33:30.402+0300: 201.002: [GC (CMS Initial Mark) [1 CMS-initial-mark: 293004K(349568K)] 348873K(506816K), 0.0016688 secs] [Times: user=0.00 sys=0.00, real=0.00 secs] 
2017-11-08T00:33:30.404+0300: 201.004: [CMS-concurrent-mark-start]
2017-11-08T00:33:30.419+0300: 201.020: [CMS-concurrent-mark: 0.015/0.015 secs] [Times: user=0.02 sys=0.00, real=0.01 secs] 
2017-11-08T00:33:30.419+0300: 201.020: [CMS-concurrent-preclean-start]
2017-11-08T00:33:30.421+0300: 201.021: [CMS-concurrent-preclean: 0.002/0.002 secs] [Times: user=0.00 sys=0.00, real=0.00 secs] 
2017-11-08T00:33:30.421+0300: 201.021: [CMS-concurrent-abortable-preclean-start]
2017-11-08T00:33:31.365+0300: 201.965: [CMS-concurrent-abortable-preclean: 0.045/0.944 secs] [Times: user=0.03 sys=0.00, real=0.94 secs] 
2017-11-08T00:33:31.365+0300: 201.965: [GC (CMS Final Remark) [YG occupancy: 61356 K (157248 K)]2017-11-08T00:33:31.365+0300: 201.966: [GC (CMS Final Remark) 2017-11-08T00:33:31.365+0300: 201.966: [ParNew: 61356K->61356K(157248K), 0.0000288 secs] 354360K->354360K(506816K), 0.0000714 secs] [Times: user=0.00 sys=0.00, real=0.00 secs] 
2017-11-08T00:33:31.365+0300: 201.966: [Rescan (parallel) , 0.0019475 secs]2017-11-08T00:33:31.367+0300: 201.968: [weak refs processing, 0.0000905 secs]2017-11-08T00:33:31.367+0300: 201.968: [class unloading, 0.0013545 secs]2017-11-08T00:33:31.368+0300: 201.969: [scrub symbol table, 0.0013634 secs]2017-11-08T00:33:31.370+0300: 201.970: [scrub string table, 0.0002791 secs][1 CMS-remark: 293004K(349568K)] 354360K(506816K), 0.0053504 secs] [Times: user=0.02 sys=0.00, real=0.00 secs] 
2017-11-08T00:33:31.370+0300: 201.971: [CMS-concurrent-sweep-start]
2017-11-08T00:33:31.382+0300: 201.983: [CMS-concurrent-sweep: 0.012/0.012 secs] [Times: user=0.00 sys=0.00, real=0.01 secs] 
2017-11-08T00:33:31.383+0300: 201.983: [CMS-concurrent-reset-start]
2017-11-08T00:33:31.383+0300: 201.984: [CMS-concurrent-reset: 0.001/0.001 secs] [Times: user=0.00 sys=0.00, real=0.00 secs] 
2017-11-08T00:33:33.383+0300: 203.983: [GC (CMS Initial Mark) [1 CMS-initial-mark: 287965K(349568K)] 354804K(506816K), 0.0021378 secs] [Times: user=0.00 sys=0.00, real=0.00 secs] 
2017-11-08T00:33:33.385+0300: 203.986: [CMS-concurrent-mark-start]
2017-11-08T00:33:33.401+0300: 204.001: [CMS-concurrent-mark: 0.016/0.016 secs] [Times: user=0.02 sys=0.00, real=0.02 secs] 
2017-11-08T00:33:33.401+0300: 204.001: [CMS-concurrent-preclean-start]
2017-11-08T00:33:33.402+0300: 204.003: [CMS-concurrent-preclean: 0.001/0.001 secs] [Times: user=0.00 sys=0.00, real=0.00 secs] 
2017-11-08T00:33:33.402+0300: 204.003: [CMS-concurrent-abortable-preclean-start]
2017-11-08T00:33:33.402+0300: 204.003: [CMS-concurrent-abortable-preclean: 0.000/0.000 secs] [Times: user=0.00 sys=0.00, real=0.00 secs] 
2017-11-08T00:33:33.402+0300: 204.003: [GC (CMS Final Remark) [YG occupancy: 66839 K (157248 K)]2017-11-08T00:33:33.402+0300: 204.003: [GC (CMS Final Remark) 2017-11-08T00:33:33.402+0300: 204.003: [ParNew: 66839K->66839K(157248K), 0.0000280 secs] 354804K->354804K(506816K), 0.0000703 secs] [Times: user=0.00 sys=0.00, real=0.00 secs] 
2017-11-08T00:33:33.402+0300: 204.003: [Rescan (parallel) , 0.0019951 secs]2017-11-08T00:33:33.404+0300: 204.005: [weak refs processing, 0.0000827 secs]2017-11-08T00:33:33.405+0300: 204.005: [class unloading, 0.0012853 secs]2017-11-08T00:33:33.406+0300: 204.007: [scrub symbol table, 0.0012764 secs]2017-11-08T00:33:33.407+0300: 204.008: [scrub string table, 0.0002681 secs][1 CMS-remark: 287965K(349568K)] 354804K(506816K), 0.0052098 secs] [Times: user=0.00 sys=0.00, real=0.01 secs] 
2017-11-08T00:33:33.408+0300: 204.008: [CMS-concurrent-sweep-start]
2017-11-08T00:33:33.417+0300: 204.018: [CMS-concurrent-sweep: 0.010/0.010 secs] [Times: user=0.02 sys=0.00, real=0.01 secs] 
2017-11-08T00:33:33.417+0300: 204.018: [CMS-concurrent-reset-start]
2017-11-08T00:33:33.418+0300: 204.019: [CMS-concurrent-reset: 0.001/0.001 secs] [Times: user=0.00 sys=0.00, real=0.00 secs] 
2017-11-08T00:33:35.418+0300: 206.018: [GC (CMS Initial Mark) [1 CMS-initial-mark: 282925K(349568K)] 355247K(506816K), 0.0025475 secs] [Times: user=0.00 sys=0.00, real=0.00 secs] 
2017-11-08T00:33:35.420+0300: 206.021: [CMS-concurrent-mark-start]
2017-11-08T00:33:35.436+0300: 206.037: [CMS-concurrent-mark: 0.016/0.016 secs] [Times: user=0.01 sys=0.00, real=0.02 secs] 
2017-11-08T00:33:35.436+0300: 206.037: [CMS-concurrent-preclean-start]
2017-11-08T00:33:35.437+0300: 206.038: [CMS-concurrent-preclean: 0.001/0.001 secs] [Times: user=0.00 sys=0.00, real=0.00 secs] 
2017-11-08T00:33:35.437+0300: 206.038: [CMS-concurrent-abortable-preclean-start]
2017-11-08T00:33:35.438+0300: 206.038: [CMS-concurrent-abortable-preclean: 0.000/0.000 secs] [Times: user=0.00 sys=0.00, real=0.00 secs] 
2017-11-08T00:33:35.438+0300: 206.038: [GC (CMS Final Remark) [YG occupancy: 72321 K (157248 K)]2017-11-08T00:33:35.438+0300: 206.039: [GC (CMS Final Remark) 2017-11-08T00:33:35.438+0300: 206.039: [ParNew: 72321K->72321K(157248K), 0.0000284 secs] 355247K->355247K(506816K), 0.0000714 secs] [Times: user=0.00 sys=0.00, real=0.00 secs] 
2017-11-08T00:33:35.438+0300: 206.039: [Rescan (parallel) , 0.0022422 secs]2017-11-08T00:33:35.440+0300: 206.041: [weak refs processing, 0.0000845 secs]2017-11-08T00:33:35.440+0300: 206.041: [class unloading, 0.0013098 secs]2017-11-08T00:33:35.442+0300: 206.042: [scrub symbol table, 0.0012931 secs]2017-11-08T00:33:35.443+0300: 206.044: [scrub string table, 0.0002677 secs][1 CMS-remark: 282925K(349568K)] 355247K(506816K), 0.0055091 secs] [Times: user=0.06 sys=0.00, real=0.01 secs] 
2017-11-08T00:33:35.443+0300: 206.044: [CMS-concurrent-sweep-start]
2017-11-08T00:33:35.453+0300: 206.054: [CMS-concurrent-sweep: 0.010/0.010 secs] [Times: user=0.00 sys=0.00, real=0.01 secs] 
2017-11-08T00:33:35.453+0300: 206.054: [CMS-concurrent-reset-start]
2017-11-08T00:33:35.454+0300: 206.055: [CMS-concurrent-reset: 0.001/0.001 secs] [Times: user=0.00 sys=0.00, real=0.00 secs] 
2017-11-08T00:33:37.455+0300: 208.055: [GC (CMS Initial Mark) [1 CMS-initial-mark: 280406K(349568K)] 363698K(506816K), 0.0029001 secs] [Times: user=0.00 sys=0.00, real=0.00 secs] 
2017-11-08T00:33:37.458+0300: 208.058: [CMS-concurrent-mark-start]
2017-11-08T00:33:37.473+0300: 208.073: [CMS-concurrent-mark: 0.015/0.015 secs] [Times: user=0.02 sys=0.00, real=0.02 secs] 
2017-11-08T00:33:37.473+0300: 208.073: [CMS-concurrent-preclean-start]
2017-11-08T00:33:37.474+0300: 208.074: [CMS-concurrent-preclean: 0.001/0.001 secs] [Times: user=0.00 sys=0.00, real=0.00 secs] 
2017-11-08T00:33:37.474+0300: 208.074: [CMS-concurrent-abortable-preclean-start]
2017-11-08T00:33:37.474+0300: 208.074: [CMS-concurrent-abortable-preclean: 0.000/0.000 secs] [Times: user=0.00 sys=0.00, real=0.00 secs] 
2017-11-08T00:33:37.475+0300: 208.075: [GC (CMS Final Remark) [YG occupancy: 83291 K (157248 K)]2017-11-08T00:33:37.475+0300: 208.075: [GC (CMS Final Remark) 2017-11-08T00:33:37.475+0300: 208.075: [ParNew: 83291K->83291K(157248K), 0.0000288 secs] 363698K->363698K(506816K), 0.0000724 secs] [Times: user=0.00 sys=0.00, real=0.00 secs] 
2017-11-08T00:33:37.475+0300: 208.075: [Rescan (parallel) , 0.0024730 secs]2017-11-08T00:33:37.477+0300: 208.077: [weak refs processing, 0.0000870 secs]2017-11-08T00:33:37.477+0300: 208.077: [class unloading, 0.0012154 secs]2017-11-08T00:33:37.479+0300: 208.079: [scrub symbol table, 0.0012494 secs]2017-11-08T00:33:37.480+0300: 208.080: [scrub string table, 0.0002670 secs][1 CMS-remark: 280406K(349568K)] 363698K(506816K), 0.0056081 secs] [Times: user=0.00 sys=0.00, real=0.01 secs] 
2017-11-08T00:33:37.480+0300: 208.080: [CMS-concurrent-sweep-start]
2017-11-08T00:33:37.490+0300: 208.090: [CMS-concurrent-sweep: 0.010/0.010 secs] [Times: user=0.02 sys=0.00, real=0.01 secs] 
2017-11-08T00:33:37.490+0300: 208.090: [CMS-concurrent-reset-start]
2017-11-08T00:33:37.491+0300: 208.091: [CMS-concurrent-reset: 0.001/0.001 secs] [Times: user=0.00 sys=0.00, real=0.00 secs] 
2017-11-08T00:33:39.491+0300: 210.091: [GC (CMS Initial Mark) [1 CMS-initial-mark: 275367K(349568K)] 364141K(506816K), 0.0032790 secs] [Times: user=0.00 sys=0.00, real=0.00 secs] 
2017-11-08T00:33:39.494+0300: 210.094: [CMS-concurrent-mark-start]
2017-11-08T00:33:39.510+0300: 210.110: [CMS-concurrent-mark: 0.016/0.016 secs] [Times: user=0.02 sys=0.00, real=0.02 secs] 
2017-11-08T00:33:39.510+0300: 210.110: [CMS-concurrent-preclean-start]
2017-11-08T00:33:39.512+0300: 210.112: [CMS-concurrent-preclean: 0.001/0.001 secs] [Times: user=0.02 sys=0.00, real=0.00 secs] 
2017-11-08T00:33:39.512+0300: 210.112: [CMS-concurrent-abortable-preclean-start]
2017-11-08T00:33:39.512+0300: 210.112: [CMS-concurrent-abortable-preclean: 0.000/0.000 secs] [Times: user=0.00 sys=0.00, real=0.00 secs] 
2017-11-08T00:33:39.512+0300: 210.112: [GC (CMS Final Remark) [YG occupancy: 88774 K (157248 K)]2017-11-08T00:33:39.512+0300: 210.112: [GC (CMS Final Remark) 2017-11-08T00:33:39.512+0300: 210.112: [ParNew: 88774K->88774K(157248K), 0.0000284 secs] 364141K->364141K(506816K), 0.0000714 secs] [Times: user=0.00 sys=0.00, real=0.00 secs] 
2017-11-08T00:33:39.512+0300: 210.112: [Rescan (parallel) , 0.0022479 secs]2017-11-08T00:33:39.514+0300: 210.114: [weak refs processing, 0.0000618 secs]2017-11-08T00:33:39.514+0300: 210.114: [class unloading, 0.0008344 secs]2017-11-08T00:33:39.515+0300: 210.115: [scrub symbol table, 0.0008571 secs]2017-11-08T00:33:39.516+0300: 210.116: [scrub string table, 0.0001523 secs][1 CMS-remark: 275367K(349568K)] 364141K(506816K), 0.0044528 secs] [Times: user=0.00 sys=0.00, real=0.00 secs] 
2017-11-08T00:33:39.516+0300: 210.116: [CMS-concurrent-sweep-start]
2017-11-08T00:33:39.524+0300: 210.124: [CMS-concurrent-sweep: 0.007/0.007 secs] [Times: user=0.00 sys=0.00, real=0.01 secs] 
2017-11-08T00:33:39.524+0300: 210.124: [CMS-concurrent-reset-start]
2017-11-08T00:33:39.524+0300: 210.124: [CMS-concurrent-reset: 0.000/0.000 secs] [Times: user=0.00 sys=0.00, real=0.00 secs] 
2017-11-08T00:33:41.524+0300: 212.124: [GC (CMS Initial Mark) [1 CMS-initial-mark: 272847K(349568K)] 367886K(506816K), 0.0035254 secs] [Times: user=0.00 sys=0.00, real=0.00 secs] 
2017-11-08T00:33:41.527+0300: 212.127: [CMS-concurrent-mark-start]
2017-11-08T00:33:41.543+0300: 212.143: [CMS-concurrent-mark: 0.016/0.016 secs] [Times: user=0.02 sys=0.00, real=0.02 secs] 
2017-11-08T00:33:41.543+0300: 212.144: [CMS-concurrent-preclean-start]
2017-11-08T00:33:41.545+0300: 212.145: [CMS-concurrent-preclean: 0.001/0.001 secs] [Times: user=0.00 sys=0.00, real=0.00 secs] 
2017-11-08T00:33:41.545+0300: 212.145: [CMS-concurrent-abortable-preclean-start]
2017-11-08T00:33:41.545+0300: 212.145: [CMS-concurrent-abortable-preclean: 0.000/0.000 secs] [Times: user=0.00 sys=0.00, real=0.00 secs] 
2017-11-08T00:33:41.545+0300: 212.145: [GC (CMS Final Remark) [YG occupancy: 95039 K (157248 K)]2017-11-08T00:33:41.545+0300: 212.145: [GC (CMS Final Remark) 2017-11-08T00:33:41.545+0300: 212.145: [ParNew: 95039K->95039K(157248K), 0.0000291 secs] 367886K->367886K(506816K), 0.0000724 secs] [Times: user=0.00 sys=0.00, real=0.00 secs] 
2017-11-08T00:33:41.545+0300: 212.145: [Rescan (parallel) , 0.0031660 secs]2017-11-08T00:33:41.549+0300: 212.149: [weak refs processing, 0.0002003 secs]2017-11-08T00:33:41.549+0300: 212.149: [class unloading, 0.0012051 secs]2017-11-08T00:33:41.550+0300: 212.150: [scrub symbol table, 0.0012615 secs]2017-11-08T00:33:41.551+0300: 212.151: [scrub string table, 0.0002617 secs][1 CMS-remark: 272847K(349568K)] 367886K(506816K), 0.0064283 secs] [Times: user=0.00 sys=0.00, real=0.01 secs] 
2017-11-08T00:33:41.552+0300: 212.152: [CMS-concurrent-sweep-start]
2017-11-08T00:33:41.559+0300: 212.159: [CMS-concurrent-sweep: 0.007/0.007 secs] [Times: user=0.01 sys=0.00, real=0.01 secs] 
2017-11-08T00:33:41.559+0300: 212.159: [CMS-concurrent-reset-start]
2017-11-08T00:33:41.560+0300: 212.160: [CMS-concurrent-reset: 0.000/0.000 secs] [Times: user=0.00 sys=0.00, real=0.00 secs] 
2017-11-08T00:33:43.560+0300: 214.160: [GC (CMS Initial Mark) [1 CMS-initial-mark: 270328K(349568K)] 376131K(506816K), 0.0034994 secs] [Times: user=0.00 sys=0.00, real=0.00 secs] 
2017-11-08T00:33:43.563+0300: 214.163: [CMS-concurrent-mark-start]
2017-11-08T00:33:43.580+0300: 214.180: [CMS-concurrent-mark: 0.016/0.016 secs] [Times: user=0.02 sys=0.00, real=0.02 secs] 
2017-11-08T00:33:43.580+0300: 214.180: [CMS-concurrent-preclean-start]
2017-11-08T00:33:43.581+0300: 214.181: [CMS-concurrent-preclean: 0.002/0.002 secs] [Times: user=0.00 sys=0.00, real=0.00 secs] 
2017-11-08T00:33:43.581+0300: 214.181: [CMS-concurrent-abortable-preclean-start]
2017-11-08T00:33:43.581+0300: 214.181: [CMS-concurrent-abortable-preclean: 0.000/0.000 secs] [Times: user=0.00 sys=0.00, real=0.00 secs] 
2017-11-08T00:33:43.581+0300: 214.182: [GC (CMS Final Remark) [YG occupancy: 105802 K (157248 K)]2017-11-08T00:33:43.581+0300: 214.182: [GC (CMS Final Remark) 2017-11-08T00:33:43.582+0300: 214.182: [ParNew: 105802K->105802K(157248K), 0.0000288 secs] 376131K->376131K(506816K), 0.0000742 secs] [Times: user=0.00 sys=0.00, real=0.00 secs] 
2017-11-08T00:33:43.582+0300: 214.182: [Rescan (parallel) , 0.0037384 secs]2017-11-08T00:33:43.585+0300: 214.186: [weak refs processing, 0.0001040 secs]2017-11-08T00:33:43.586+0300: 214.186: [class unloading, 0.0011234 secs]2017-11-08T00:33:43.587+0300: 214.187: [scrub symbol table, 0.0014469 secs]2017-11-08T00:33:43.588+0300: 214.188: [scrub string table, 0.0002656 secs][1 CMS-remark: 270328K(349568K)] 376131K(506816K), 0.0070507 secs] [Times: user=0.06 sys=0.00, real=0.01 secs] 
2017-11-08T00:33:43.589+0300: 214.189: [CMS-concurrent-sweep-start]
2017-11-08T00:33:43.597+0300: 214.197: [CMS-concurrent-sweep: 0.008/0.008 secs] [Times: user=0.00 sys=0.00, real=0.01 secs] 
2017-11-08T00:33:43.597+0300: 214.197: [CMS-concurrent-reset-start]
2017-11-08T00:33:43.597+0300: 214.198: [CMS-concurrent-reset: 0.000/0.000 secs] [Times: user=0.00 sys=0.00, real=0.00 secs] 
2017-11-08T00:33:45.597+0300: 216.197: [GC (CMS Initial Mark) [1 CMS-initial-mark: 265289K(349568K)] 376645K(506816K), 0.0039596 secs] [Times: user=0.00 sys=0.00, real=0.00 secs] 
2017-11-08T00:33:45.601+0300: 216.201: [CMS-concurrent-mark-start]
2017-11-08T00:33:45.616+0300: 216.217: [CMS-concurrent-mark: 0.016/0.016 secs] [Times: user=0.02 sys=0.00, real=0.01 secs] 
2017-11-08T00:33:45.616+0300: 216.217: [CMS-concurrent-preclean-start]
2017-11-08T00:33:45.618+0300: 216.218: [CMS-concurrent-preclean: 0.001/0.001 secs] [Times: user=0.00 sys=0.00, real=0.00 secs] 
2017-11-08T00:33:45.618+0300: 216.218: [CMS-concurrent-abortable-preclean-start]
2017-11-08T00:33:45.618+0300: 216.218: [CMS-concurrent-abortable-preclean: 0.000/0.000 secs] [Times: user=0.00 sys=0.00, real=0.00 secs] 
2017-11-08T00:33:45.618+0300: 216.218: [GC (CMS Final Remark) [YG occupancy: 111356 K (157248 K)]2017-11-08T00:33:45.618+0300: 216.218: [GC (CMS Final Remark) 2017-11-08T00:33:45.618+0300: 216.218: [ParNew: 111356K->111356K(157248K), 0.0000288 secs] 376645K->376645K(506816K), 0.0000710 secs] [Times: user=0.00 sys=0.00, real=0.00 secs] 
2017-11-08T00:33:45.618+0300: 216.218: [Rescan (parallel) , 0.0037665 secs]2017-11-08T00:33:45.622+0300: 216.222: [weak refs processing, 0.0001697 secs]2017-11-08T00:33:45.622+0300: 216.222: [class unloading, 0.0011468 secs]2017-11-08T00:33:45.623+0300: 216.224: [scrub symbol table, 0.0012416 secs]2017-11-08T00:33:45.625+0300: 216.225: [scrub string table, 0.0002649 secs][1 CMS-remark: 265289K(349568K)] 376645K(506816K), 0.0069208 secs] [Times: user=0.00 sys=0.00, real=0.01 secs] 
2017-11-08T00:33:45.625+0300: 216.225: [CMS-concurrent-sweep-start]
2017-11-08T00:33:45.634+0300: 216.234: [CMS-concurrent-sweep: 0.009/0.009 secs] [Times: user=0.01 sys=0.00, real=0.01 secs] 
2017-11-08T00:33:45.634+0300: 216.234: [CMS-concurrent-reset-start]
2017-11-08T00:33:45.635+0300: 216.235: [CMS-concurrent-reset: 0.000/0.000 secs] [Times: user=0.00 sys=0.00, real=0.00 secs] 
2017-11-08T00:33:47.635+0300: 218.235: [GC (CMS Initial Mark) [1 CMS-initial-mark: 262769K(349568K)] 379686K(506816K), 0.0035254 secs] [Times: user=0.00 sys=0.00, real=0.00 secs] 
2017-11-08T00:33:47.638+0300: 218.239: [CMS-concurrent-mark-start]
2017-11-08T00:33:47.651+0300: 218.251: [CMS-concurrent-mark: 0.012/0.012 secs] [Times: user=0.02 sys=0.00, real=0.01 secs] 
2017-11-08T00:33:47.651+0300: 218.251: [CMS-concurrent-preclean-start]
2017-11-08T00:33:47.652+0300: 218.252: [CMS-concurrent-preclean: 0.001/0.001 secs] [Times: user=0.00 sys=0.00, real=0.00 secs] 
2017-11-08T00:33:47.652+0300: 218.252: [CMS-concurrent-abortable-preclean-start]
2017-11-08T00:33:47.652+0300: 218.252: [CMS-concurrent-abortable-preclean: 0.000/0.000 secs] [Times: user=0.00 sys=0.00, real=0.00 secs] 
2017-11-08T00:33:47.652+0300: 218.252: [GC (CMS Final Remark) [YG occupancy: 116916 K (157248 K)]2017-11-08T00:33:47.652+0300: 218.252: [GC (CMS Final Remark) 2017-11-08T00:33:47.652+0300: 218.252: [ParNew: 116916K->116916K(157248K), 0.0000231 secs] 379686K->379686K(506816K), 0.0000607 secs] [Times: user=0.00 sys=0.00, real=0.00 secs] 
2017-11-08T00:33:47.652+0300: 218.252: [Rescan (parallel) , 0.0031163 secs]2017-11-08T00:33:47.655+0300: 218.256: [weak refs processing, 0.0000838 secs]2017-11-08T00:33:47.655+0300: 218.256: [class unloading, 0.0009089 secs]2017-11-08T00:33:47.656+0300: 218.257: [scrub symbol table, 0.0010069 secs]2017-11-08T00:33:47.657+0300: 218.258: [scrub string table, 0.0002105 secs][1 CMS-remark: 262769K(349568K)] 379686K(506816K), 0.0056096 secs] [Times: user=0.06 sys=0.00, real=0.01 secs] 
2017-11-08T00:33:47.658+0300: 218.258: [CMS-concurrent-sweep-start]
2017-11-08T00:33:47.666+0300: 218.266: [CMS-concurrent-sweep: 0.008/0.008 secs] [Times: user=0.00 sys=0.00, real=0.01 secs] 
2017-11-08T00:33:47.666+0300: 218.266: [CMS-concurrent-reset-start]
2017-11-08T00:33:47.666+0300: 218.267: [CMS-concurrent-reset: 0.001/0.001 secs] [Times: user=0.00 sys=0.00, real=0.00 secs] 
2017-11-08T00:33:49.666+0300: 220.266: [GC (CMS Initial Mark) [1 CMS-initial-mark: 260250K(349568K)] 387482K(506816K), 0.0042167 secs] [Times: user=0.02 sys=0.00, real=0.00 secs] 
2017-11-08T00:33:49.670+0300: 220.270: [CMS-concurrent-mark-start]
2017-11-08T00:33:49.685+0300: 220.285: [CMS-concurrent-mark: 0.015/0.015 secs] [Times: user=0.02 sys=0.00, real=0.01 secs] 
2017-11-08T00:33:49.685+0300: 220.285: [CMS-concurrent-preclean-start]
2017-11-08T00:33:49.686+0300: 220.287: [CMS-concurrent-preclean: 0.001/0.001 secs] [Times: user=0.00 sys=0.00, real=0.00 secs] 
2017-11-08T00:33:49.686+0300: 220.287: [CMS-concurrent-abortable-preclean-start]
2017-11-08T00:33:49.686+0300: 220.287: [CMS-concurrent-abortable-preclean: 0.000/0.000 secs] [Times: user=0.00 sys=0.00, real=0.00 secs] 
2017-11-08T00:33:49.686+0300: 220.287: [GC (CMS Final Remark) [YG occupancy: 127231 K (157248 K)]2017-11-08T00:33:49.686+0300: 220.287: [GC (CMS Final Remark) 2017-11-08T00:33:49.687+0300: 220.287: [ParNew: 127231K->127231K(157248K), 0.0000277 secs] 387482K->387482K(506816K), 0.0000717 secs] [Times: user=0.00 sys=0.00, real=0.00 secs] 
2017-11-08T00:33:49.687+0300: 220.287: [Rescan (parallel) , 0.0040807 secs]2017-11-08T00:33:49.691+0300: 220.291: [weak refs processing, 0.0000810 secs]2017-11-08T00:33:49.691+0300: 220.291: [class unloading, 0.0010648 secs]2017-11-08T00:33:49.692+0300: 220.292: [scrub symbol table, 0.0012040 secs]2017-11-08T00:33:49.693+0300: 220.294: [scrub string table, 0.0002475 secs][1 CMS-remark: 260250K(349568K)] 387482K(506816K), 0.0069850 secs] [Times: user=0.00 sys=0.00, real=0.01 secs] 
2017-11-08T00:33:49.694+0300: 220.294: [CMS-concurrent-sweep-start]
2017-11-08T00:33:49.703+0300: 220.304: [CMS-concurrent-sweep: 0.009/0.009 secs] [Times: user=0.01 sys=0.00, real=0.01 secs] 
2017-11-08T00:33:49.703+0300: 220.304: [CMS-concurrent-reset-start]
2017-11-08T00:33:49.704+0300: 220.304: [CMS-concurrent-reset: 0.001/0.001 secs] [Times: user=0.00 sys=0.00, real=0.00 secs] 
2017-11-08T00:33:51.704+0300: 222.304: [GC (CMS Initial Mark) [1 CMS-initial-mark: 255211K(349568K)] 387505K(506816K), 0.0048959 secs] [Times: user=0.00 sys=0.00, real=0.01 secs] 
2017-11-08T00:33:51.709+0300: 222.309: [CMS-concurrent-mark-start]
2017-11-08T00:33:51.722+0300: 222.322: [CMS-concurrent-mark: 0.013/0.013 secs] [Times: user=0.02 sys=0.00, real=0.01 secs] 
2017-11-08T00:33:51.722+0300: 222.322: [CMS-concurrent-preclean-start]
2017-11-08T00:33:51.723+0300: 222.323: [CMS-concurrent-preclean: 0.001/0.001 secs] [Times: user=0.00 sys=0.00, real=0.00 secs] 
2017-11-08T00:33:51.723+0300: 222.323: [CMS-concurrent-abortable-preclean-start]
2017-11-08T00:33:51.723+0300: 222.323: [CMS-concurrent-abortable-preclean: 0.000/0.000 secs] [Times: user=0.00 sys=0.00, real=0.00 secs] 
2017-11-08T00:33:51.723+0300: 222.323: [GC (CMS Final Remark) [YG occupancy: 132294 K (157248 K)]2017-11-08T00:33:51.723+0300: 222.323: [GC (CMS Final Remark) 2017-11-08T00:33:51.723+0300: 222.323: [ParNew: 132294K->132294K(157248K), 0.0000206 secs] 387505K->387505K(506816K), 0.0000543 secs] [Times: user=0.00 sys=0.00, real=0.00 secs] 
2017-11-08T00:33:51.723+0300: 222.323: [Rescan (parallel) , 0.0033265 secs]2017-11-08T00:33:51.726+0300: 222.327: [weak refs processing, 0.0000632 secs]2017-11-08T00:33:51.726+0300: 222.327: [class unloading, 0.0010669 secs]2017-11-08T00:33:51.727+0300: 222.328: [scrub symbol table, 0.0012406 secs]2017-11-08T00:33:51.729+0300: 222.329: [scrub string table, 0.0001921 secs][1 CMS-remark: 255211K(349568K)] 387505K(506816K), 0.0061649 secs] [Times: user=0.06 sys=0.00, real=0.01 secs] 
2017-11-08T00:33:51.729+0300: 222.330: [CMS-concurrent-sweep-start]
2017-11-08T00:33:51.737+0300: 222.337: [CMS-concurrent-sweep: 0.008/0.008 secs] [Times: user=0.00 sys=0.00, real=0.01 secs] 
2017-11-08T00:33:51.737+0300: 222.337: [CMS-concurrent-reset-start]
2017-11-08T00:33:51.737+0300: 222.338: [CMS-concurrent-reset: 0.000/0.000 secs] [Times: user=0.00 sys=0.00, real=0.00 secs] 
2017-11-08T00:33:53.738+0300: 224.337: [GC (CMS Initial Mark) [1 CMS-initial-mark: 252691K(349568K)] 390255K(506816K), 0.0047411 secs] [Times: user=0.02 sys=0.00, real=0.00 secs] 
2017-11-08T00:33:53.742+0300: 224.342: [CMS-concurrent-mark-start]
2017-11-08T00:33:53.757+0300: 224.356: [CMS-concurrent-mark: 0.014/0.014 secs] [Times: user=0.01 sys=0.00, real=0.01 secs] 
2017-11-08T00:33:53.757+0300: 224.356: [CMS-concurrent-preclean-start]
2017-11-08T00:33:53.758+0300: 224.358: [CMS-concurrent-preclean: 0.001/0.001 secs] [Times: user=0.00 sys=0.00, real=0.00 secs] 
2017-11-08T00:33:53.758+0300: 224.358: [CMS-concurrent-abortable-preclean-start]
2017-11-08T00:33:53.758+0300: 224.358: [CMS-concurrent-abortable-preclean: 0.000/0.000 secs] [Times: user=0.00 sys=0.00, real=0.00 secs] 
2017-11-08T00:33:53.758+0300: 224.358: [GC (CMS Final Remark) [YG occupancy: 137564 K (157248 K)]2017-11-08T00:33:53.758+0300: 224.358: [GC (CMS Final Remark) 2017-11-08T00:33:53.758+0300: 224.358: [ParNew: 137564K->137564K(157248K), 0.0000295 secs] 390255K->390255K(506816K), 0.0000717 secs] [Times: user=0.00 sys=0.00, real=0.00 secs] 
2017-11-08T00:33:53.758+0300: 224.358: [Rescan (parallel) , 0.0046303 secs]2017-11-08T00:33:53.763+0300: 224.363: [weak refs processing, 0.0000557 secs]2017-11-08T00:33:53.763+0300: 224.363: [class unloading, 0.0008635 secs]2017-11-08T00:33:53.764+0300: 224.364: [scrub symbol table, 0.0008976 secs]2017-11-08T00:33:53.765+0300: 224.365: [scrub string table, 0.0001566 secs][1 CMS-remark: 252691K(349568K)] 390255K(506816K), 0.0069147 secs] [Times: user=0.00 sys=0.00, real=0.01 secs] 
2017-11-08T00:33:53.765+0300: 224.365: [CMS-concurrent-sweep-start]
2017-11-08T00:33:53.773+0300: 224.372: [CMS-concurrent-sweep: 0.007/0.007 secs] [Times: user=0.02 sys=0.00, real=0.01 secs] 
2017-11-08T00:33:53.773+0300: 224.372: [CMS-concurrent-reset-start]
2017-11-08T00:33:53.773+0300: 224.373: [CMS-concurrent-reset: 0.000/0.000 secs] [Times: user=0.00 sys=0.00, real=0.00 secs] 
2017-11-08T00:33:55.773+0300: 226.372: [GC (CMS Initial Mark) [1 CMS-initial-mark: 250172K(349568K)] 397936K(506816K), 0.0050759 secs] [Times: user=0.00 sys=0.00, real=0.01 secs] 
2017-11-08T00:33:55.778+0300: 226.378: [CMS-concurrent-mark-start]
2017-11-08T00:33:55.792+0300: 226.392: [CMS-concurrent-mark: 0.014/0.014 secs] [Times: user=0.02 sys=0.00, real=0.01 secs] 
2017-11-08T00:33:55.792+0300: 226.392: [CMS-concurrent-preclean-start]
2017-11-08T00:33:55.794+0300: 226.393: [CMS-concurrent-preclean: 0.001/0.001 secs] [Times: user=0.00 sys=0.00, real=0.00 secs] 
2017-11-08T00:33:55.794+0300: 226.393: [CMS-concurrent-abortable-preclean-start]
2017-11-08T00:33:55.794+0300: 226.393: [CMS-concurrent-abortable-preclean: 0.000/0.000 secs] [Times: user=0.00 sys=0.00, real=0.00 secs] 
2017-11-08T00:33:55.794+0300: 226.394: [GC (CMS Final Remark) [YG occupancy: 147764 K (157248 K)]2017-11-08T00:33:55.794+0300: 226.394: [GC (CMS Final Remark) 2017-11-08T00:33:55.794+0300: 226.394: [ParNew: 147764K->147764K(157248K), 0.0000327 secs] 397936K->397936K(506816K), 0.0000841 secs] [Times: user=0.00 sys=0.00, real=0.00 secs] 
2017-11-08T00:33:55.794+0300: 226.394: [Rescan (parallel) , 0.0050482 secs]2017-11-08T00:33:55.799+0300: 226.399: [weak refs processing, 0.0000863 secs]2017-11-08T00:33:55.799+0300: 226.399: [class unloading, 0.0010780 secs]2017-11-08T00:33:55.800+0300: 226.400: [scrub symbol table, 0.0012228 secs]2017-11-08T00:33:55.802+0300: 226.401: [scrub string table, 0.0002652 secs][1 CMS-remark: 250172K(349568K)] 397936K(506816K), 0.0080342 secs] [Times: user=0.06 sys=0.00, real=0.01 secs] 
2017-11-08T00:33:55.802+0300: 226.402: [CMS-concurrent-sweep-start]
2017-11-08T00:33:55.809+0300: 226.409: [CMS-concurrent-sweep: 0.007/0.007 secs] [Times: user=0.00 sys=0.00, real=0.01 secs] 
2017-11-08T00:33:55.809+0300: 226.409: [CMS-concurrent-reset-start]
2017-11-08T00:33:55.810+0300: 226.410: [CMS-concurrent-reset: 0.000/0.000 secs] [Times: user=0.00 sys=0.00, real=0.00 secs] 
2017-11-08T00:33:57.810+0300: 228.409: [GC (CMS Initial Mark) [1 CMS-initial-mark: 245132K(349568K)] 398099K(506816K), 0.0053308 secs] [Times: user=0.02 sys=0.00, real=0.01 secs] 
2017-11-08T00:33:57.815+0300: 228.415: [CMS-concurrent-mark-start]
2017-11-08T00:33:57.829+0300: 228.429: [CMS-concurrent-mark: 0.014/0.014 secs] [Times: user=0.01 sys=0.00, real=0.01 secs] 
2017-11-08T00:33:57.829+0300: 228.429: [CMS-concurrent-preclean-start]
2017-11-08T00:33:57.830+0300: 228.430: [CMS-concurrent-preclean: 0.001/0.001 secs] [Times: user=0.00 sys=0.00, real=0.00 secs] 
2017-11-08T00:33:57.830+0300: 228.430: [CMS-concurrent-abortable-preclean-start]
2017-11-08T00:33:57.830+0300: 228.430: [CMS-concurrent-abortable-preclean: 0.000/0.000 secs] [Times: user=0.00 sys=0.00, real=0.00 secs] 
2017-11-08T00:33:57.831+0300: 228.430: [GC (CMS Final Remark) [YG occupancy: 152966 K (157248 K)]2017-11-08T00:33:57.831+0300: 228.430: [GC (CMS Final Remark) 2017-11-08T00:33:57.831+0300: 228.430: [ParNew: 152966K->152966K(157248K), 0.0000273 secs] 398099K->398099K(506816K), 0.0000685 secs] [Times: user=0.00 sys=0.00, real=0.00 secs] 
2017-11-08T00:33:57.831+0300: 228.431: [Rescan (parallel) , 0.0050329 secs]2017-11-08T00:33:57.836+0300: 228.436: [weak refs processing, 0.0000827 secs]2017-11-08T00:33:57.836+0300: 228.436: [class unloading, 0.0012044 secs]2017-11-08T00:33:57.837+0300: 228.437: [scrub symbol table, 0.0013755 secs]2017-11-08T00:33:57.839+0300: 228.438: [scrub string table, 0.0002603 secs][1 CMS-remark: 245132K(349568K)] 398099K(506816K), 0.0083066 secs] [Times: user=0.00 sys=0.00, real=0.01 secs] 
2017-11-08T00:33:57.839+0300: 228.439: [CMS-concurrent-sweep-start]
2017-11-08T00:33:57.848+0300: 228.447: [CMS-concurrent-sweep: 0.008/0.008 secs] [Times: user=0.02 sys=0.00, real=0.01 secs] 
2017-11-08T00:33:57.848+0300: 228.447: [CMS-concurrent-reset-start]
2017-11-08T00:33:57.848+0300: 228.448: [CMS-concurrent-reset: 0.000/0.000 secs] [Times: user=0.00 sys=0.00, real=0.00 secs] 
2017-11-08T00:33:58.324+0300: 228.924: [GC (Allocation Failure) 2017-11-08T00:33:58.324+0300: 228.924: [ParNew: 157248K->157248K(157248K), 0.0000320 secs]2017-11-08T00:33:58.324+0300: 228.924: [CMS: 242613K->349565K(349568K), 0.1174140 secs] 399861K->388492K(506816K), [Metaspace: 8349K->8349K(1056768K)], 0.1175631 secs] [Times: user=0.13 sys=0.00, real=0.12 secs] 
2017-11-08T00:33:58.442+0300: 229.042: [GC (CMS Initial Mark) [1 CMS-initial-mark: 349565K(349568K)] 388875K(506816K), 0.0013116 secs] [Times: user=0.00 sys=0.00, real=0.00 secs] 
2017-11-08T00:33:58.444+0300: 229.043: [CMS-concurrent-mark-start]
2017-11-08T00:33:58.457+0300: 229.056: [CMS-concurrent-mark: 0.013/0.013 secs] [Times: user=0.02 sys=0.00, real=0.01 secs] 
2017-11-08T00:33:58.457+0300: 229.056: [CMS-concurrent-preclean-start]
2017-11-08T00:33:58.470+0300: 229.070: [CMS-concurrent-preclean: 0.014/0.014 secs] [Times: user=0.02 sys=0.00, real=0.01 secs] 
2017-11-08T00:33:58.470+0300: 229.070: [CMS-concurrent-abortable-preclean-start]
2017-11-08T00:33:58.470+0300: 229.070: [CMS-concurrent-abortable-preclean: 0.000/0.000 secs] [Times: user=0.00 sys=0.00, real=0.00 secs] 
2017-11-08T00:33:58.470+0300: 229.070: [GC (CMS Final Remark) [YG occupancy: 39851 K (157248 K)]2017-11-08T00:33:58.470+0300: 229.070: [GC (CMS Final Remark) 2017-11-08T00:33:58.470+0300: 229.070: [ParNew: 39851K->39851K(157248K), 0.0000178 secs] 389417K->389417K(506816K), 0.0000447 secs] [Times: user=0.00 sys=0.00, real=0.00 secs] 
2017-11-08T00:33:58.470+0300: 229.070: [Rescan (parallel) , 0.0012676 secs]2017-11-08T00:33:58.472+0300: 229.072: [weak refs processing, 0.0000653 secs]2017-11-08T00:33:58.472+0300: 229.072: [class unloading, 0.0008230 secs]2017-11-08T00:33:58.473+0300: 229.073: [scrub symbol table, 0.0008915 secs]2017-11-08T00:33:58.474+0300: 229.073: [scrub string table, 0.0001672 secs][1 CMS-remark: 349565K(349568K)] 389417K(506816K), 0.0034416 secs] [Times: user=0.00 sys=0.00, real=0.00 secs] 
2017-11-08T00:33:58.474+0300: 229.074: [CMS-concurrent-sweep-start]
2017-11-08T00:33:58.483+0300: 229.083: [CMS-concurrent-sweep: 0.009/0.009 secs] [Times: user=0.02 sys=0.00, real=0.01 secs] 
2017-11-08T00:33:58.483+0300: 229.083: [CMS-concurrent-reset-start]
2017-11-08T00:33:58.483+0300: 229.083: [CMS-concurrent-reset: 0.000/0.000 secs] [Times: user=0.00 sys=0.00, real=0.00 secs] 
2017-11-08T00:34:00.483+0300: 231.083: [GC (CMS Initial Mark) [1 CMS-initial-mark: 347045K(349568K)] 392075K(506816K), 0.0018651 secs] [Times: user=0.00 sys=0.00, real=0.00 secs] 
2017-11-08T00:34:00.485+0300: 231.085: [CMS-concurrent-mark-start]
2017-11-08T00:34:00.505+0300: 231.105: [CMS-concurrent-mark: 0.021/0.021 secs] [Times: user=0.02 sys=0.00, real=0.02 secs] 
2017-11-08T00:34:00.505+0300: 231.105: [CMS-concurrent-preclean-start]
2017-11-08T00:34:00.507+0300: 231.107: [CMS-concurrent-preclean: 0.001/0.001 secs] [Times: user=0.00 sys=0.00, real=0.00 secs] 
2017-11-08T00:34:00.507+0300: 231.107: [CMS-concurrent-abortable-preclean-start]
2017-11-08T00:34:00.507+0300: 231.107: [CMS-concurrent-abortable-preclean: 0.000/0.000 secs] [Times: user=0.00 sys=0.00, real=0.00 secs] 
2017-11-08T00:34:00.507+0300: 231.107: [GC (CMS Final Remark) [YG occupancy: 45029 K (157248 K)]2017-11-08T00:34:00.507+0300: 231.107: [GC (CMS Final Remark) 2017-11-08T00:34:00.507+0300: 231.107: [ParNew: 45029K->45029K(157248K), 0.0000273 secs] 392075K->392075K(506816K), 0.0000699 secs] [Times: user=0.00 sys=0.00, real=0.00 secs] 
2017-11-08T00:34:00.507+0300: 231.107: [Rescan (parallel) , 0.0018655 secs]2017-11-08T00:34:00.509+0300: 231.109: [weak refs processing, 0.0000799 secs]2017-11-08T00:34:00.509+0300: 231.109: [class unloading, 0.0011145 secs]2017-11-08T00:34:00.510+0300: 231.110: [scrub symbol table, 0.0012221 secs]2017-11-08T00:34:00.512+0300: 231.112: [scrub string table, 0.0001811 secs][1 CMS-remark: 347045K(349568K)] 392075K(506816K), 0.0047592 secs] [Times: user=0.06 sys=0.00, real=0.01 secs] 
2017-11-08T00:34:00.512+0300: 231.112: [CMS-concurrent-sweep-start]
2017-11-08T00:34:00.522+0300: 231.122: [CMS-concurrent-sweep: 0.010/0.010 secs] [Times: user=0.00 sys=0.00, real=0.01 secs] 
2017-11-08T00:34:00.522+0300: 231.122: [CMS-concurrent-reset-start]
2017-11-08T00:34:00.522+0300: 231.122: [CMS-concurrent-reset: 0.000/0.000 secs] [Times: user=0.00 sys=0.00, real=0.00 secs] 
2017-11-08T00:34:02.522+0300: 233.122: [GC (CMS Initial Mark) [1 CMS-initial-mark: 344526K(349568K)] 394733K(506816K), 0.0019276 secs] [Times: user=0.00 sys=0.00, real=0.00 secs] 
2017-11-08T00:34:02.524+0300: 233.124: [CMS-concurrent-mark-start]
2017-11-08T00:34:02.544+0300: 233.144: [CMS-concurrent-mark: 0.020/0.020 secs] [Times: user=0.02 sys=0.00, real=0.02 secs] 
2017-11-08T00:34:02.544+0300: 233.144: [CMS-concurrent-preclean-start]
2017-11-08T00:34:02.545+0300: 233.145: [CMS-concurrent-preclean: 0.001/0.001 secs] [Times: user=0.00 sys=0.00, real=0.00 secs] 
2017-11-08T00:34:02.545+0300: 233.145: [CMS-concurrent-abortable-preclean-start]
2017-11-08T00:34:02.545+0300: 233.145: [CMS-concurrent-abortable-preclean: 0.000/0.000 secs] [Times: user=0.00 sys=0.00, real=0.00 secs] 
2017-11-08T00:34:02.546+0300: 233.146: [GC (CMS Final Remark) [YG occupancy: 50207 K (157248 K)]2017-11-08T00:34:02.546+0300: 233.146: [GC (CMS Final Remark) 2017-11-08T00:34:02.546+0300: 233.146: [ParNew: 50207K->50207K(157248K), 0.0000291 secs] 394733K->394733K(506816K), 0.0000724 secs] [Times: user=0.00 sys=0.00, real=0.00 secs] 
2017-11-08T00:34:02.546+0300: 233.146: [Rescan (parallel) , 0.0019723 secs]2017-11-08T00:34:02.548+0300: 233.148: [weak refs processing, 0.0000753 secs]2017-11-08T00:34:02.548+0300: 233.148: [class unloading, 0.0010794 secs]2017-11-08T00:34:02.549+0300: 233.149: [scrub symbol table, 0.0012445 secs]2017-11-08T00:34:02.550+0300: 233.150: [scrub string table, 0.0002638 secs][1 CMS-remark: 344526K(349568K)] 394733K(506816K), 0.0049303 secs] [Times: user=0.00 sys=0.00, real=0.01 secs] 
2017-11-08T00:34:02.551+0300: 233.151: [CMS-concurrent-sweep-start]
2017-11-08T00:34:02.560+0300: 233.160: [CMS-concurrent-sweep: 0.009/0.009 secs] [Times: user=0.02 sys=0.00, real=0.01 secs] 
2017-11-08T00:34:02.560+0300: 233.160: [CMS-concurrent-reset-start]
2017-11-08T00:34:02.561+0300: 233.161: [CMS-concurrent-reset: 0.000/0.000 secs] [Times: user=0.00 sys=0.00, real=0.00 secs] 
2017-11-08T00:34:04.561+0300: 235.161: [GC (CMS Initial Mark) [1 CMS-initial-mark: 342006K(349568K)] 402426K(506816K), 0.0022180 secs] [Times: user=0.00 sys=0.00, real=0.00 secs] 
2017-11-08T00:34:04.563+0300: 235.163: [CMS-concurrent-mark-start]
2017-11-08T00:34:04.583+0300: 235.183: [CMS-concurrent-mark: 0.020/0.020 secs] [Times: user=0.03 sys=0.00, real=0.02 secs] 
2017-11-08T00:34:04.583+0300: 235.183: [CMS-concurrent-preclean-start]
2017-11-08T00:34:04.584+0300: 235.184: [CMS-concurrent-preclean: 0.001/0.001 secs] [Times: user=0.00 sys=0.00, real=0.00 secs] 
2017-11-08T00:34:04.584+0300: 235.184: [CMS-concurrent-abortable-preclean-start]
2017-11-08T00:34:04.584+0300: 235.184: [CMS-concurrent-abortable-preclean: 0.000/0.000 secs] [Times: user=0.00 sys=0.00, real=0.00 secs] 
2017-11-08T00:34:04.584+0300: 235.185: [GC (CMS Final Remark) [YG occupancy: 60419 K (157248 K)]2017-11-08T00:34:04.585+0300: 235.185: [GC (CMS Final Remark) 2017-11-08T00:34:04.585+0300: 235.185: [ParNew: 60419K->60419K(157248K), 0.0000284 secs] 402426K->402426K(506816K), 0.0000710 secs] [Times: user=0.00 sys=0.00, real=0.00 secs] 
2017-11-08T00:34:04.585+0300: 235.185: [Rescan (parallel) , 0.0025980 secs]2017-11-08T00:34:04.587+0300: 235.187: [weak refs processing, 0.0000877 secs]2017-11-08T00:34:04.587+0300: 235.188: [class unloading, 0.0011774 secs]2017-11-08T00:34:04.589+0300: 235.189: [scrub symbol table, 0.0012420 secs]2017-11-08T00:34:04.590+0300: 235.190: [scrub string table, 0.0002624 secs][1 CMS-remark: 342006K(349568K)] 402426K(506816K), 0.0057260 secs] [Times: user=0.00 sys=0.00, real=0.01 secs] 
2017-11-08T00:34:04.590+0300: 235.190: [CMS-concurrent-sweep-start]
2017-11-08T00:34:04.601+0300: 235.201: [CMS-concurrent-sweep: 0.010/0.010 secs] [Times: user=0.02 sys=0.00, real=0.01 secs] 
2017-11-08T00:34:04.601+0300: 235.201: [CMS-concurrent-reset-start]
2017-11-08T00:34:04.601+0300: 235.201: [CMS-concurrent-reset: 0.000/0.000 secs] [Times: user=0.00 sys=0.00, real=0.00 secs] 
2017-11-08T00:34:06.601+0300: 237.201: [GC (CMS Initial Mark) [1 CMS-initial-mark: 336967K(349568K)] 402564K(506816K), 0.0024779 secs] [Times: user=0.00 sys=0.00, real=0.00 secs] 
2017-11-08T00:34:06.603+0300: 237.203: [CMS-concurrent-mark-start]
2017-11-08T00:34:06.624+0300: 237.225: [CMS-concurrent-mark: 0.021/0.021 secs] [Times: user=0.03 sys=0.00, real=0.02 secs] 
2017-11-08T00:34:06.625+0300: 237.225: [CMS-concurrent-preclean-start]
2017-11-08T00:34:06.626+0300: 237.226: [CMS-concurrent-preclean: 0.001/0.001 secs] [Times: user=0.00 sys=0.00, real=0.00 secs] 
2017-11-08T00:34:06.626+0300: 237.226: [CMS-concurrent-abortable-preclean-start]
2017-11-08T00:34:06.626+0300: 237.226: [CMS-concurrent-abortable-preclean: 0.000/0.000 secs] [Times: user=0.00 sys=0.00, real=0.00 secs] 
2017-11-08T00:34:06.626+0300: 237.226: [GC (CMS Final Remark) [YG occupancy: 65597 K (157248 K)]2017-11-08T00:34:06.626+0300: 237.227: [GC (CMS Final Remark) 2017-11-08T00:34:06.626+0300: 237.227: [ParNew: 65597K->65597K(157248K), 0.0000280 secs] 402564K->402564K(506816K), 0.0000753 secs] [Times: user=0.00 sys=0.00, real=0.00 secs] 
2017-11-08T00:34:06.626+0300: 237.227: [Rescan (parallel) , 0.0028440 secs]2017-11-08T00:34:06.629+0300: 237.230: [weak refs processing, 0.0001065 secs]2017-11-08T00:34:06.629+0300: 237.230: [class unloading, 0.0011916 secs]2017-11-08T00:34:06.631+0300: 237.231: [scrub symbol table, 0.0011341 secs]2017-11-08T00:34:06.632+0300: 237.232: [scrub string table, 0.0001704 secs][1 CMS-remark: 336967K(349568K)] 402564K(506816K), 0.0057945 secs] [Times: user=0.00 sys=0.00, real=0.01 secs] 
2017-11-08T00:34:06.632+0300: 237.232: [CMS-concurrent-sweep-start]
2017-11-08T00:34:06.641+0300: 237.242: [CMS-concurrent-sweep: 0.009/0.009 secs] [Times: user=0.01 sys=0.00, real=0.01 secs] 
2017-11-08T00:34:06.641+0300: 237.242: [CMS-concurrent-reset-start]
2017-11-08T00:34:06.642+0300: 237.242: [CMS-concurrent-reset: 0.000/0.000 secs] [Times: user=0.00 sys=0.00, real=0.00 secs] 
2017-11-08T00:34:08.642+0300: 239.242: [GC (CMS Initial Mark) [1 CMS-initial-mark: 334448K(349568K)] 405223K(506816K), 0.0026349 secs] [Times: user=0.00 sys=0.00, real=0.00 secs] 
2017-11-08T00:34:08.644+0300: 239.245: [CMS-concurrent-mark-start]
2017-11-08T00:34:08.665+0300: 239.266: [CMS-concurrent-mark: 0.021/0.021 secs] [Times: user=0.02 sys=0.00, real=0.02 secs] 
2017-11-08T00:34:08.665+0300: 239.266: [CMS-concurrent-preclean-start]
2017-11-08T00:34:08.667+0300: 239.267: [CMS-concurrent-preclean: 0.001/0.001 secs] [Times: user=0.00 sys=0.00, real=0.00 secs] 
2017-11-08T00:34:08.667+0300: 239.267: [CMS-concurrent-abortable-preclean-start]
2017-11-08T00:34:08.667+0300: 239.267: [CMS-concurrent-abortable-preclean: 0.000/0.000 secs] [Times: user=0.00 sys=0.00, real=0.00 secs] 
2017-11-08T00:34:08.667+0300: 239.267: [GC (CMS Final Remark) [YG occupancy: 70774 K (157248 K)]2017-11-08T00:34:08.667+0300: 239.267: [GC (CMS Final Remark) 2017-11-08T00:34:08.667+0300: 239.267: [ParNew: 70774K->70774K(157248K), 0.0000284 secs] 405223K->405223K(506816K), 0.0000717 secs] [Times: user=0.00 sys=0.00, real=0.00 secs] 
2017-11-08T00:34:08.667+0300: 239.268: [Rescan (parallel) , 0.0031057 secs]2017-11-08T00:34:08.670+0300: 239.271: [weak refs processing, 0.0000838 secs]2017-11-08T00:34:08.671+0300: 239.271: [class unloading, 0.0011259 secs]2017-11-08T00:34:08.672+0300: 239.272: [scrub symbol table, 0.0008866 secs]2017-11-08T00:34:08.673+0300: 239.273: [scrub string table, 0.0001626 secs][1 CMS-remark: 334448K(349568K)] 405223K(506816K), 0.0056731 secs] [Times: user=0.06 sys=0.00, real=0.01 secs] 
2017-11-08T00:34:08.673+0300: 239.273: [CMS-concurrent-sweep-start]
2017-11-08T00:34:08.682+0300: 239.282: [CMS-concurrent-sweep: 0.009/0.009 secs] [Times: user=0.00 sys=0.00, real=0.01 secs] 
2017-11-08T00:34:08.682+0300: 239.282: [CMS-concurrent-reset-start]
2017-11-08T00:34:08.682+0300: 239.282: [CMS-concurrent-reset: 0.000/0.000 secs] [Times: user=0.00 sys=0.00, real=0.00 secs] 
2017-11-08T00:34:10.682+0300: 241.282: [GC (CMS Initial Mark) [1 CMS-initial-mark: 331928K(349568K)] 412957K(506816K), 0.0029314 secs] [Times: user=0.00 sys=0.00, real=0.00 secs] 
2017-11-08T00:34:10.685+0300: 241.285: [CMS-concurrent-mark-start]
2017-11-08T00:34:10.706+0300: 241.306: [CMS-concurrent-mark: 0.021/0.021 secs] [Times: user=0.02 sys=0.00, real=0.02 secs] 
2017-11-08T00:34:10.706+0300: 241.306: [CMS-concurrent-preclean-start]
2017-11-08T00:34:10.707+0300: 241.308: [CMS-concurrent-preclean: 0.001/0.001 secs] [Times: user=0.00 sys=0.00, real=0.00 secs] 
2017-11-08T00:34:10.707+0300: 241.308: [CMS-concurrent-abortable-preclean-start]
2017-11-08T00:34:10.707+0300: 241.308: [CMS-concurrent-abortable-preclean: 0.000/0.000 secs] [Times: user=0.00 sys=0.00, real=0.00 secs] 
2017-11-08T00:34:10.707+0300: 241.308: [GC (CMS Final Remark) [YG occupancy: 81028 K (157248 K)]2017-11-08T00:34:10.707+0300: 241.308: [GC (CMS Final Remark) 2017-11-08T00:34:10.708+0300: 241.308: [ParNew: 81028K->81028K(157248K), 0.0000330 secs] 412957K->412957K(506816K), 0.0000909 secs] [Times: user=0.00 sys=0.00, real=0.00 secs] 
2017-11-08T00:34:10.708+0300: 241.308: [Rescan (parallel) , 0.0033830 secs]2017-11-08T00:34:10.711+0300: 241.311: [weak refs processing, 0.0000831 secs]2017-11-08T00:34:10.711+0300: 241.312: [class unloading, 0.0009537 secs]2017-11-08T00:34:10.712+0300: 241.313: [scrub symbol table, 0.0009008 secs]2017-11-08T00:34:10.713+0300: 241.313: [scrub string table, 0.0001594 secs][1 CMS-remark: 331928K(349568K)] 412957K(506816K), 0.0057999 secs] [Times: user=0.06 sys=0.00, real=0.01 secs] 
2017-11-08T00:34:10.713+0300: 241.314: [CMS-concurrent-sweep-start]
2017-11-08T00:34:10.722+0300: 241.322: [CMS-concurrent-sweep: 0.009/0.009 secs] [Times: user=0.00 sys=0.00, real=0.01 secs] 
2017-11-08T00:34:10.722+0300: 241.323: [CMS-concurrent-reset-start]
2017-11-08T00:34:10.723+0300: 241.323: [CMS-concurrent-reset: 0.000/0.000 secs] [Times: user=0.00 sys=0.00, real=0.00 secs] 
2017-11-08T00:34:12.723+0300: 243.322: [GC (CMS Initial Mark) [1 CMS-initial-mark: 326889K(349568K)] 413026K(506816K), 0.0032960 secs] [Times: user=0.02 sys=0.00, real=0.00 secs] 
2017-11-08T00:34:12.726+0300: 243.326: [CMS-concurrent-mark-start]
2017-11-08T00:34:12.747+0300: 243.346: [CMS-concurrent-mark: 0.021/0.021 secs] [Times: user=0.01 sys=0.00, real=0.02 secs] 
2017-11-08T00:34:12.747+0300: 243.346: [CMS-concurrent-preclean-start]
2017-11-08T00:34:12.748+0300: 243.348: [CMS-concurrent-preclean: 0.001/0.001 secs] [Times: user=0.00 sys=0.00, real=0.00 secs] 
2017-11-08T00:34:12.748+0300: 243.348: [CMS-concurrent-abortable-preclean-start]
2017-11-08T00:34:12.748+0300: 243.348: [CMS-concurrent-abortable-preclean: 0.000/0.000 secs] [Times: user=0.00 sys=0.00, real=0.00 secs] 
2017-11-08T00:34:12.749+0300: 243.348: [GC (CMS Final Remark) [YG occupancy: 86136 K (157248 K)]2017-11-08T00:34:12.749+0300: 243.348: [GC (CMS Final Remark) 2017-11-08T00:34:12.749+0300: 243.348: [ParNew: 86136K->86136K(157248K), 0.0000284 secs] 413026K->413026K(506816K), 0.0000703 secs] [Times: user=0.00 sys=0.00, real=0.00 secs] 
2017-11-08T00:34:12.749+0300: 243.348: [Rescan (parallel) , 0.0035158 secs]2017-11-08T00:34:12.752+0300: 243.352: [weak refs processing, 0.0001832 secs]2017-11-08T00:34:12.753+0300: 243.352: [class unloading, 0.0008422 secs]2017-11-08T00:34:12.753+0300: 243.353: [scrub symbol table, 0.0008781 secs]2017-11-08T00:34:12.754+0300: 243.354: [scrub string table, 0.0001559 secs][1 CMS-remark: 326889K(349568K)] 413026K(506816K), 0.0058844 secs] [Times: user=0.00 sys=0.00, real=0.00 secs] 
2017-11-08T00:34:12.755+0300: 243.354: [CMS-concurrent-sweep-start]
2017-11-08T00:34:12.763+0300: 243.363: [CMS-concurrent-sweep: 0.009/0.009 secs] [Times: user=0.02 sys=0.00, real=0.01 secs] 
2017-11-08T00:34:12.763+0300: 243.363: [CMS-concurrent-reset-start]
2017-11-08T00:34:12.764+0300: 243.363: [CMS-concurrent-reset: 0.000/0.000 secs] [Times: user=0.00 sys=0.00, real=0.00 secs] 
2017-11-08T00:34:14.764+0300: 245.363: [GC (CMS Initial Mark) [1 CMS-initial-mark: 324370K(349568K)] 415733K(506816K), 0.0034803 secs] [Times: user=0.00 sys=0.00, real=0.00 secs] 
2017-11-08T00:34:14.767+0300: 245.367: [CMS-concurrent-mark-start]
2017-11-08T00:34:14.789+0300: 245.388: [CMS-concurrent-mark: 0.021/0.021 secs] [Times: user=0.03 sys=0.00, real=0.02 secs] 
2017-11-08T00:34:14.789+0300: 245.388: [CMS-concurrent-preclean-start]
2017-11-08T00:34:14.790+0300: 245.390: [CMS-concurrent-preclean: 0.001/0.001 secs] [Times: user=0.00 sys=0.00, real=0.00 secs] 
2017-11-08T00:34:14.790+0300: 245.390: [CMS-concurrent-abortable-preclean-start]
2017-11-08T00:34:14.790+0300: 245.390: [CMS-concurrent-abortable-preclean: 0.000/0.000 secs] [Times: user=0.00 sys=0.00, real=0.00 secs] 
2017-11-08T00:34:14.790+0300: 245.390: [GC (CMS Final Remark) [YG occupancy: 91363 K (157248 K)]2017-11-08T00:34:14.790+0300: 245.390: [GC (CMS Final Remark) 2017-11-08T00:34:14.790+0300: 245.390: [ParNew: 91363K->91363K(157248K), 0.0001186 secs] 415733K->415733K(506816K), 0.0001679 secs] [Times: user=0.00 sys=0.00, real=0.00 secs] 
2017-11-08T00:34:14.791+0300: 245.390: [Rescan (parallel) , 0.0033489 secs]2017-11-08T00:34:14.794+0300: 245.394: [weak refs processing, 0.0000533 secs]2017-11-08T00:34:14.794+0300: 245.394: [class unloading, 0.0007932 secs]2017-11-08T00:34:14.795+0300: 245.394: [scrub symbol table, 0.0008763 secs]2017-11-08T00:34:14.796+0300: 245.395: [scrub string table, 0.0001541 secs][1 CMS-remark: 324370K(349568K)] 415733K(506816K), 0.0056127 secs] [Times: user=0.00 sys=0.00, real=0.01 secs] 
2017-11-08T00:34:14.796+0300: 245.396: [CMS-concurrent-sweep-start]
2017-11-08T00:34:14.805+0300: 245.405: [CMS-concurrent-sweep: 0.009/0.009 secs] [Times: user=0.02 sys=0.00, real=0.01 secs] 
2017-11-08T00:34:14.805+0300: 245.405: [CMS-concurrent-reset-start]
2017-11-08T00:34:14.806+0300: 245.405: [CMS-concurrent-reset: 0.000/0.000 secs] [Times: user=0.00 sys=0.00, real=0.00 secs] 
2017-11-08T00:34:16.806+0300: 247.405: [GC (CMS Initial Mark) [1 CMS-initial-mark: 321850K(349568K)] 423422K(506816K), 0.0038975 secs] [Times: user=0.00 sys=0.00, real=0.00 secs] 
2017-11-08T00:34:16.810+0300: 247.409: [CMS-concurrent-mark-start]
2017-11-08T00:34:16.830+0300: 247.430: [CMS-concurrent-mark: 0.021/0.021 secs] [Times: user=0.03 sys=0.00, real=0.02 secs] 
2017-11-08T00:34:16.830+0300: 247.430: [CMS-concurrent-preclean-start]
2017-11-08T00:34:16.832+0300: 247.431: [CMS-concurrent-preclean: 0.001/0.001 secs] [Times: user=0.00 sys=0.00, real=0.00 secs] 
2017-11-08T00:34:16.832+0300: 247.431: [CMS-concurrent-abortable-preclean-start]
2017-11-08T00:34:16.832+0300: 247.431: [CMS-concurrent-abortable-preclean: 0.000/0.000 secs] [Times: user=0.00 sys=0.00, real=0.00 secs] 
2017-11-08T00:34:16.832+0300: 247.432: [GC (CMS Final Remark) [YG occupancy: 101572 K (157248 K)]2017-11-08T00:34:16.832+0300: 247.432: [GC (CMS Final Remark) 2017-11-08T00:34:16.832+0300: 247.432: [ParNew: 101572K->101572K(157248K), 0.0000288 secs] 423422K->423422K(506816K), 0.0000721 secs] [Times: user=0.00 sys=0.00, real=0.00 secs] 
2017-11-08T00:34:16.832+0300: 247.432: [Rescan (parallel) , 0.0032836 secs]2017-11-08T00:34:16.835+0300: 247.435: [weak refs processing, 0.0000834 secs]2017-11-08T00:34:16.836+0300: 247.435: [class unloading, 0.0010517 secs]2017-11-08T00:34:16.837+0300: 247.436: [scrub symbol table, 0.0010435 secs]2017-11-08T00:34:16.838+0300: 247.437: [scrub string table, 0.0001683 secs][1 CMS-remark: 321850K(349568K)] 423422K(506816K), 0.0059490 secs] [Times: user=0.00 sys=0.00, real=0.01 secs] 
2017-11-08T00:34:16.838+0300: 247.438: [CMS-concurrent-sweep-start]
2017-11-08T00:34:16.848+0300: 247.447: [CMS-concurrent-sweep: 0.010/0.010 secs] [Times: user=0.02 sys=0.00, real=0.01 secs] 
2017-11-08T00:34:16.848+0300: 247.447: [CMS-concurrent-reset-start]
2017-11-08T00:34:16.848+0300: 247.448: [CMS-concurrent-reset: 0.000/0.000 secs] [Times: user=0.00 sys=0.00, real=0.00 secs] 
2017-11-08T00:34:18.848+0300: 249.447: [GC (CMS Initial Mark) [1 CMS-initial-mark: 316811K(349568K)] 423524K(506816K), 0.0043150 secs] [Times: user=0.00 sys=0.00, real=0.00 secs] 
2017-11-08T00:34:18.852+0300: 249.452: [CMS-concurrent-mark-start]
2017-11-08T00:34:18.870+0300: 249.469: [CMS-concurrent-mark: 0.017/0.017 secs] [Times: user=0.01 sys=0.00, real=0.02 secs] 
2017-11-08T00:34:18.870+0300: 249.469: [CMS-concurrent-preclean-start]
2017-11-08T00:34:18.871+0300: 249.471: [CMS-concurrent-preclean: 0.001/0.001 secs] [Times: user=0.02 sys=0.00, real=0.00 secs] 
2017-11-08T00:34:18.871+0300: 249.471: [CMS-concurrent-abortable-preclean-start]
2017-11-08T00:34:18.871+0300: 249.471: [CMS-concurrent-abortable-preclean: 0.000/0.000 secs] [Times: user=0.00 sys=0.00, real=0.00 secs] 
2017-11-08T00:34:18.871+0300: 249.471: [GC (CMS Final Remark) [YG occupancy: 106712 K (157248 K)]2017-11-08T00:34:18.871+0300: 249.471: [GC (CMS Final Remark) 2017-11-08T00:34:18.871+0300: 249.471: [ParNew: 106712K->106712K(157248K), 0.0000259 secs] 423524K->423524K(506816K), 0.0000717 secs] [Times: user=0.00 sys=0.00, real=0.00 secs] 
2017-11-08T00:34:18.871+0300: 249.471: [Rescan (parallel) , 0.0039316 secs]2017-11-08T00:34:18.875+0300: 249.475: [weak refs processing, 0.0000760 secs]2017-11-08T00:34:18.875+0300: 249.475: [class unloading, 0.0015644 secs]2017-11-08T00:34:18.877+0300: 249.477: [scrub symbol table, 0.0010943 secs]2017-11-08T00:34:18.878+0300: 249.478: [scrub string table, 0.0002311 secs][1 CMS-remark: 316811K(349568K)] 423524K(506816K), 0.0072204 secs] [Times: user=0.00 sys=0.00, real=0.01 secs] 
2017-11-08T00:34:18.879+0300: 249.478: [CMS-concurrent-sweep-start]
2017-11-08T00:34:18.889+0300: 249.489: [CMS-concurrent-sweep: 0.011/0.011 secs] [Times: user=0.01 sys=0.00, real=0.01 secs] 
2017-11-08T00:34:18.889+0300: 249.489: [CMS-concurrent-reset-start]
2017-11-08T00:34:18.890+0300: 249.490: [CMS-concurrent-reset: 0.001/0.001 secs] [Times: user=0.00 sys=0.00, real=0.00 secs] 
2017-11-08T00:34:20.890+0300: 251.489: [GC (CMS Initial Mark) [1 CMS-initial-mark: 314291K(349568K)] 426210K(506816K), 0.0045099 secs] [Times: user=0.00 sys=0.00, real=0.00 secs] 
2017-11-08T00:34:20.894+0300: 251.494: [CMS-concurrent-mark-start]
2017-11-08T00:34:20.913+0300: 251.513: [CMS-concurrent-mark: 0.019/0.019 secs] [Times: user=0.02 sys=0.00, real=0.02 secs] 
2017-11-08T00:34:20.913+0300: 251.513: [CMS-concurrent-preclean-start]
2017-11-08T00:34:20.914+0300: 251.514: [CMS-concurrent-preclean: 0.001/0.001 secs] [Times: user=0.02 sys=0.00, real=0.00 secs] 
2017-11-08T00:34:20.914+0300: 251.514: [CMS-concurrent-abortable-preclean-start]
2017-11-08T00:34:20.914+0300: 251.514: [CMS-concurrent-abortable-preclean: 0.000/0.000 secs] [Times: user=0.00 sys=0.00, real=0.00 secs] 
2017-11-08T00:34:20.914+0300: 251.514: [GC (CMS Final Remark) [YG occupancy: 111918 K (157248 K)]2017-11-08T00:34:20.914+0300: 251.514: [GC (CMS Final Remark) 2017-11-08T00:34:20.914+0300: 251.514: [ParNew: 111918K->111918K(157248K), 0.0000195 secs] 426210K->426210K(506816K), 0.0000490 secs] [Times: user=0.00 sys=0.00, real=0.00 secs] 
2017-11-08T00:34:20.914+0300: 251.514: [Rescan (parallel) , 0.0034188 secs]2017-11-08T00:34:20.918+0300: 251.518: [weak refs processing, 0.0000586 secs]2017-11-08T00:34:20.918+0300: 251.518: [class unloading, 0.0008060 secs]2017-11-08T00:34:20.919+0300: 251.518: [scrub symbol table, 0.0008923 secs]2017-11-08T00:34:20.919+0300: 251.519: [scrub string table, 0.0001750 secs][1 CMS-remark: 314291K(349568K)] 426210K(506816K), 0.0055730 secs] [Times: user=0.00 sys=0.00, real=0.01 secs] 
2017-11-08T00:34:20.920+0300: 251.520: [CMS-concurrent-sweep-start]
2017-11-08T00:34:20.929+0300: 251.529: [CMS-concurrent-sweep: 0.009/0.009 secs] [Times: user=0.00 sys=0.00, real=0.01 secs] 
2017-11-08T00:34:20.929+0300: 251.529: [CMS-concurrent-reset-start]
2017-11-08T00:34:20.929+0300: 251.529: [CMS-concurrent-reset: 0.000/0.000 secs] [Times: user=0.00 sys=0.00, real=0.00 secs] 
2017-11-08T00:34:22.929+0300: 253.529: [GC (CMS Initial Mark) [1 CMS-initial-mark: 311772K(349568K)] 433842K(506816K), 0.0034831 secs] [Times: user=0.00 sys=0.00, real=0.00 secs] 
2017-11-08T00:34:22.932+0300: 253.532: [CMS-concurrent-mark-start]
2017-11-08T00:34:22.946+0300: 253.546: [CMS-concurrent-mark: 0.014/0.014 secs] [Times: user=0.02 sys=0.00, real=0.01 secs] 
2017-11-08T00:34:22.946+0300: 253.546: [CMS-concurrent-preclean-start]
2017-11-08T00:34:22.947+0300: 253.547: [CMS-concurrent-preclean: 0.001/0.001 secs] [Times: user=0.00 sys=0.00, real=0.00 secs] 
2017-11-08T00:34:22.947+0300: 253.547: [CMS-concurrent-abortable-preclean-start]
2017-11-08T00:34:22.947+0300: 253.547: [CMS-concurrent-abortable-preclean: 0.000/0.000 secs] [Times: user=0.00 sys=0.00, real=0.00 secs] 
2017-11-08T00:34:22.947+0300: 253.547: [GC (CMS Final Remark) [YG occupancy: 122069 K (157248 K)]2017-11-08T00:34:22.947+0300: 253.547: [GC (CMS Final Remark) 2017-11-08T00:34:22.947+0300: 253.547: [ParNew: 122069K->122069K(157248K), 0.0000199 secs] 433842K->433842K(506816K), 0.0000497 secs] [Times: user=0.00 sys=0.00, real=0.00 secs] 
2017-11-08T00:34:22.947+0300: 253.547: [Rescan (parallel) , 0.0039521 secs]2017-11-08T00:34:22.951+0300: 253.551: [weak refs processing, 0.0000607 secs]2017-11-08T00:34:22.951+0300: 253.551: [class unloading, 0.0009260 secs]2017-11-08T00:34:22.952+0300: 253.552: [scrub symbol table, 0.0009452 secs]2017-11-08T00:34:22.953+0300: 253.553: [scrub string table, 0.0001711 secs][1 CMS-remark: 311772K(349568K)] 433842K(506816K), 0.0062962 secs] [Times: user=0.00 sys=0.00, real=0.01 secs] 
2017-11-08T00:34:22.954+0300: 253.554: [CMS-concurrent-sweep-start]
2017-11-08T00:34:22.963+0300: 253.563: [CMS-concurrent-sweep: 0.009/0.009 secs] [Times: user=0.02 sys=0.00, real=0.01 secs] 
2017-11-08T00:34:22.963+0300: 253.563: [CMS-concurrent-reset-start]
2017-11-08T00:34:22.964+0300: 253.564: [CMS-concurrent-reset: 0.000/0.000 secs] [Times: user=0.00 sys=0.00, real=0.00 secs] 
2017-11-08T00:34:24.964+0300: 255.564: [GC (CMS Initial Mark) [1 CMS-initial-mark: 306733K(349568K)] 434030K(506816K), 0.0047255 secs] [Times: user=0.00 sys=0.00, real=0.00 secs] 
2017-11-08T00:34:24.969+0300: 255.569: [CMS-concurrent-mark-start]
2017-11-08T00:34:24.988+0300: 255.589: [CMS-concurrent-mark: 0.020/0.020 secs] [Times: user=0.03 sys=0.00, real=0.02 secs] 
2017-11-08T00:34:24.989+0300: 255.589: [CMS-concurrent-preclean-start]
2017-11-08T00:34:24.990+0300: 255.590: [CMS-concurrent-preclean: 0.001/0.001 secs] [Times: user=0.00 sys=0.00, real=0.00 secs] 
2017-11-08T00:34:24.990+0300: 255.590: [CMS-concurrent-abortable-preclean-start]
2017-11-08T00:34:24.990+0300: 255.590: [CMS-concurrent-abortable-preclean: 0.000/0.000 secs] [Times: user=0.00 sys=0.00, real=0.00 secs] 
2017-11-08T00:34:24.995+0300: 255.595: [GC (CMS Final Remark) [YG occupancy: 127297 K (157248 K)]2017-11-08T00:34:24.995+0300: 255.595: [GC (CMS Final Remark) 2017-11-08T00:34:24.995+0300: 255.595: [ParNew: 127297K->127297K(157248K), 0.0000195 secs] 434030K->434030K(506816K), 0.0000465 secs] [Times: user=0.00 sys=0.00, real=0.00 secs] 
2017-11-08T00:34:24.995+0300: 255.595: [Rescan (parallel) , 0.0039752 secs]2017-11-08T00:34:24.999+0300: 255.599: [weak refs processing, 0.0000621 secs]2017-11-08T00:34:24.999+0300: 255.599: [class unloading, 0.0010190 secs]2017-11-08T00:34:25.000+0300: 255.600: [scrub symbol table, 0.0013901 secs]2017-11-08T00:34:25.001+0300: 255.601: [scrub string table, 0.0001758 secs][1 CMS-remark: 306733K(349568K)] 434030K(506816K), 0.0069414 secs] [Times: user=0.00 sys=0.00, real=0.01 secs] 
2017-11-08T00:34:25.002+0300: 255.602: [CMS-concurrent-sweep-start]
2017-11-08T00:34:25.011+0300: 255.611: [CMS-concurrent-sweep: 0.009/0.009 secs] [Times: user=0.00 sys=0.00, real=0.01 secs] 
2017-11-08T00:34:25.011+0300: 255.611: [CMS-concurrent-reset-start]
2017-11-08T00:34:25.012+0300: 255.612: [CMS-concurrent-reset: 0.001/0.001 secs] [Times: user=0.00 sys=0.00, real=0.00 secs] 
2017-11-08T00:34:27.012+0300: 257.612: [GC (CMS Initial Mark) [1 CMS-initial-mark: 304213K(349568K)] 441696K(506816K), 0.0048810 secs] [Times: user=0.02 sys=0.00, real=0.00 secs] 
2017-11-08T00:34:27.017+0300: 257.617: [CMS-concurrent-mark-start]
2017-11-08T00:34:27.037+0300: 257.637: [CMS-concurrent-mark: 0.020/0.020 secs] [Times: user=0.01 sys=0.00, real=0.02 secs] 
2017-11-08T00:34:27.037+0300: 257.637: [CMS-concurrent-preclean-start]
2017-11-08T00:34:27.038+0300: 257.638: [CMS-concurrent-preclean: 0.001/0.001 secs] [Times: user=0.00 sys=0.00, real=0.00 secs] 
2017-11-08T00:34:27.038+0300: 257.638: [CMS-concurrent-abortable-preclean-start]
2017-11-08T00:34:27.038+0300: 257.638: [CMS-concurrent-abortable-preclean: 0.000/0.000 secs] [Times: user=0.00 sys=0.00, real=0.00 secs] 
2017-11-08T00:34:27.038+0300: 257.638: [GC (CMS Final Remark) [YG occupancy: 137482 K (157248 K)]2017-11-08T00:34:27.038+0300: 257.639: [GC (CMS Final Remark) 2017-11-08T00:34:27.038+0300: 257.639: [ParNew: 137482K->137482K(157248K), 0.0000291 secs] 441696K->441696K(506816K), 0.0000714 secs] [Times: user=0.00 sys=0.00, real=0.00 secs] 
2017-11-08T00:34:27.038+0300: 257.639: [Rescan (parallel) , 0.0053060 secs]2017-11-08T00:34:27.044+0300: 257.644: [weak refs processing, 0.0000849 secs]2017-11-08T00:34:27.044+0300: 257.644: [class unloading, 0.0010914 secs]2017-11-08T00:34:27.045+0300: 257.645: [scrub symbol table, 0.0012281 secs]2017-11-08T00:34:27.046+0300: 257.646: [scrub string table, 0.0002606 secs][1 CMS-remark: 304213K(349568K)] 441696K(506816K), 0.0082885 secs] [Times: user=0.02 sys=0.00, real=0.01 secs] 
2017-11-08T00:34:27.047+0300: 257.647: [CMS-concurrent-sweep-start]
2017-11-08T00:34:27.058+0300: 257.658: [CMS-concurrent-sweep: 0.011/0.011 secs] [Times: user=0.00 sys=0.00, real=0.01 secs] 
2017-11-08T00:34:27.058+0300: 257.658: [CMS-concurrent-reset-start]
2017-11-08T00:34:27.059+0300: 257.659: [CMS-concurrent-reset: 0.001/0.001 secs] [Times: user=0.00 sys=0.00, real=0.00 secs] 
2017-11-08T00:34:29.060+0300: 259.659: [GC (CMS Initial Mark) [1 CMS-initial-mark: 299174K(349568K)] 441702K(506816K), 0.0041556 secs] [Times: user=0.00 sys=0.00, real=0.00 secs] 
2017-11-08T00:34:29.064+0300: 259.663: [CMS-concurrent-mark-start]
2017-11-08T00:34:29.079+0300: 259.678: [CMS-concurrent-mark: 0.015/0.015 secs] [Times: user=0.02 sys=0.00, real=0.02 secs] 
2017-11-08T00:34:29.079+0300: 259.678: [CMS-concurrent-preclean-start]
2017-11-08T00:34:29.080+0300: 259.679: [CMS-concurrent-preclean: 0.001/0.001 secs] [Times: user=0.00 sys=0.00, real=0.00 secs] 
2017-11-08T00:34:29.080+0300: 259.679: [CMS-concurrent-abortable-preclean-start]
2017-11-08T00:34:29.080+0300: 259.679: [CMS-concurrent-abortable-preclean: 0.000/0.000 secs] [Times: user=0.00 sys=0.00, real=0.00 secs] 
2017-11-08T00:34:29.080+0300: 259.679: [GC (CMS Final Remark) [YG occupancy: 142527 K (157248 K)]2017-11-08T00:34:29.080+0300: 259.679: [GC (CMS Final Remark) 2017-11-08T00:34:29.080+0300: 259.679: [ParNew: 142527K->142527K(157248K), 0.0000192 secs] 441702K->441702K(506816K), 0.0000472 secs] [Times: user=0.00 sys=0.00, real=0.00 secs] 
2017-11-08T00:34:29.080+0300: 259.679: [Rescan (parallel) , 0.0043388 secs]2017-11-08T00:34:29.084+0300: 259.683: [weak refs processing, 0.0000596 secs]2017-11-08T00:34:29.084+0300: 259.684: [class unloading, 0.0009203 secs]2017-11-08T00:34:29.085+0300: 259.684: [scrub symbol table, 0.0011184 secs]2017-11-08T00:34:29.086+0300: 259.686: [scrub string table, 0.0001907 secs][1 CMS-remark: 299174K(349568K)] 441702K(506816K), 0.0068626 secs] [Times: user=0.00 sys=0.00, real=0.01 secs] 
2017-11-08T00:34:29.087+0300: 259.686: [CMS-concurrent-sweep-start]
2017-11-08T00:34:29.096+0300: 259.695: [CMS-concurrent-sweep: 0.009/0.009 secs] [Times: user=0.02 sys=0.00, real=0.01 secs] 
2017-11-08T00:34:29.096+0300: 259.695: [CMS-concurrent-reset-start]
2017-11-08T00:34:29.096+0300: 259.696: [CMS-concurrent-reset: 0.000/0.000 secs] [Times: user=0.00 sys=0.00, real=0.00 secs] 
2017-11-08T00:34:31.096+0300: 261.695: [GC (CMS Initial Mark) [1 CMS-initial-mark: 296655K(349568K)] 444221K(506816K), 0.0052243 secs] [Times: user=0.01 sys=0.00, real=0.01 secs] 
2017-11-08T00:34:31.101+0300: 261.700: [CMS-concurrent-mark-start]
2017-11-08T00:34:31.121+0300: 261.720: [CMS-concurrent-mark: 0.020/0.020 secs] [Times: user=0.02 sys=0.00, real=0.02 secs] 
2017-11-08T00:34:31.121+0300: 261.720: [CMS-concurrent-preclean-start]
2017-11-08T00:34:31.122+0300: 261.721: [CMS-concurrent-preclean: 0.001/0.001 secs] [Times: user=0.00 sys=0.00, real=0.00 secs] 
2017-11-08T00:34:31.122+0300: 261.721: [CMS-concurrent-abortable-preclean-start]
2017-11-08T00:34:31.122+0300: 261.721: [CMS-concurrent-abortable-preclean: 0.000/0.000 secs] [Times: user=0.00 sys=0.00, real=0.00 secs] 
2017-11-08T00:34:31.122+0300: 261.722: [GC (CMS Final Remark) [YG occupancy: 147566 K (157248 K)]2017-11-08T00:34:31.122+0300: 261.722: [GC (CMS Final Remark) 2017-11-08T00:34:31.122+0300: 261.722: [ParNew: 147566K->147566K(157248K), 0.0000288 secs] 444221K->444221K(506816K), 0.0000692 secs] [Times: user=0.00 sys=0.00, real=0.00 secs] 
2017-11-08T00:34:31.122+0300: 261.722: [Rescan (parallel) , 0.0060615 secs]2017-11-08T00:34:31.129+0300: 261.728: [weak refs processing, 0.0000934 secs]2017-11-08T00:34:31.129+0300: 261.728: [class unloading, 0.0012274 secs]2017-11-08T00:34:31.130+0300: 261.729: [scrub symbol table, 0.0012115 secs]2017-11-08T00:34:31.131+0300: 261.730: [scrub string table, 0.0002599 secs][1 CMS-remark: 296655K(349568K)] 444221K(506816K), 0.0091857 secs] [Times: user=0.00 sys=0.00, real=0.01 secs] 
2017-11-08T00:34:31.132+0300: 261.731: [CMS-concurrent-sweep-start]
2017-11-08T00:34:31.143+0300: 261.742: [CMS-concurrent-sweep: 0.011/0.011 secs] [Times: user=0.01 sys=0.00, real=0.01 secs] 
2017-11-08T00:34:31.143+0300: 261.742: [CMS-concurrent-reset-start]
2017-11-08T00:34:31.144+0300: 261.743: [CMS-concurrent-reset: 0.000/0.000 secs] [Times: user=0.00 sys=0.00, real=0.00 secs] 
2017-11-08T00:34:32.953+0300: 263.553: [GC (Allocation Failure) 2017-11-08T00:34:32.954+0300: 263.553: [ParNew: 157246K->157246K(157248K), 0.0000337 secs]2017-11-08T00:34:32.954+0300: 263.553: [CMS: 294135K->349565K(349568K), 0.1317753 secs] 451382K->446854K(506816K), [Metaspace: 8349K->8349K(1056768K)], 0.1319220 secs] [Times: user=0.14 sys=0.00, real=0.13 secs] 
2017-11-08T00:34:33.086+0300: 263.685: [GC (CMS Initial Mark) [1 CMS-initial-mark: 349565K(349568K)] 447392K(506816K), 0.0030876 secs] [Times: user=0.00 sys=0.00, real=0.00 secs] 
2017-11-08T00:34:33.089+0300: 263.688: [CMS-concurrent-mark-start]
2017-11-08T00:34:33.102+0300: 263.701: [CMS-concurrent-mark: 0.013/0.013 secs] [Times: user=0.01 sys=0.00, real=0.01 secs] 
2017-11-08T00:34:33.102+0300: 263.701: [CMS-concurrent-preclean-start]
2017-11-08T00:34:33.116+0300: 263.715: [CMS-concurrent-preclean: 0.014/0.014 secs] [Times: user=0.02 sys=0.00, real=0.01 secs] 
2017-11-08T00:34:33.116+0300: 263.715: [CMS-concurrent-abortable-preclean-start]
2017-11-08T00:34:33.116+0300: 263.715: [CMS-concurrent-abortable-preclean: 0.000/0.000 secs] [Times: user=0.00 sys=0.00, real=0.00 secs] 
2017-11-08T00:34:33.116+0300: 263.715: [GC (CMS Final Remark) [YG occupancy: 97826 K (157248 K)]2017-11-08T00:34:33.116+0300: 263.715: [GC (CMS Final Remark) 2017-11-08T00:34:33.116+0300: 263.715: [ParNew: 97826K->97826K(157248K), 0.0000188 secs] 447392K->447392K(506816K), 0.0000462 secs] [Times: user=0.00 sys=0.00, real=0.00 secs] 
2017-11-08T00:34:33.116+0300: 263.715: [Rescan (parallel) , 0.0028973 secs]2017-11-08T00:34:33.119+0300: 263.718: [weak refs processing, 0.0000685 secs]2017-11-08T00:34:33.119+0300: 263.718: [class unloading, 0.0008067 secs]2017-11-08T00:34:33.120+0300: 263.719: [scrub symbol table, 0.0008617 secs]2017-11-08T00:34:33.121+0300: 263.720: [scrub string table, 0.0001548 secs][1 CMS-remark: 349565K(349568K)] 447392K(506816K), 0.0050134 secs] [Times: user=0.00 sys=0.00, real=0.01 secs] 
2017-11-08T00:34:33.121+0300: 263.720: [CMS-concurrent-sweep-start]
2017-11-08T00:34:33.130+0300: 263.730: [CMS-concurrent-sweep: 0.009/0.009 secs] [Times: user=0.02 sys=0.00, real=0.01 secs] 
2017-11-08T00:34:33.130+0300: 263.730: [CMS-concurrent-reset-start]
2017-11-08T00:34:33.131+0300: 263.730: [CMS-concurrent-reset: 0.000/0.000 secs] [Times: user=0.00 sys=0.00, real=0.00 secs] 
2017-11-08T00:34:35.131+0300: 265.730: [GC (CMS Initial Mark) [1 CMS-initial-mark: 347045K(349568K)] 449998K(506816K), 0.0039983 secs] [Times: user=0.00 sys=0.00, real=0.00 secs] 
2017-11-08T00:34:35.135+0300: 265.734: [CMS-concurrent-mark-start]
2017-11-08T00:34:35.155+0300: 265.754: [CMS-concurrent-mark: 0.020/0.020 secs] [Times: user=0.01 sys=0.00, real=0.02 secs] 
2017-11-08T00:34:35.155+0300: 265.754: [CMS-concurrent-preclean-start]
2017-11-08T00:34:35.156+0300: 265.756: [CMS-concurrent-preclean: 0.001/0.001 secs] [Times: user=0.00 sys=0.00, real=0.00 secs] 
2017-11-08T00:34:35.156+0300: 265.756: [CMS-concurrent-abortable-preclean-start]
2017-11-08T00:34:35.156+0300: 265.756: [CMS-concurrent-abortable-preclean: 0.000/0.000 secs] [Times: user=0.00 sys=0.00, real=0.00 secs] 
2017-11-08T00:34:35.157+0300: 265.756: [GC (CMS Final Remark) [YG occupancy: 102952 K (157248 K)]2017-11-08T00:34:35.157+0300: 265.756: [GC (CMS Final Remark) 2017-11-08T00:34:35.157+0300: 265.756: [ParNew: 102952K->102952K(157248K), 0.0000362 secs] 449998K->449998K(506816K), 0.0000827 secs] [Times: user=0.00 sys=0.00, real=0.00 secs] 
2017-11-08T00:34:35.157+0300: 265.756: [Rescan (parallel) , 0.0039774 secs]2017-11-08T00:34:35.161+0300: 265.760: [weak refs processing, 0.0001005 secs]2017-11-08T00:34:35.161+0300: 265.760: [class unloading, 0.0010961 secs]2017-11-08T00:34:35.162+0300: 265.761: [scrub symbol table, 0.0012285 secs]2017-11-08T00:34:35.163+0300: 265.763: [scrub string table, 0.0002482 secs][1 CMS-remark: 347045K(349568K)] 449998K(506816K), 0.0070042 secs] [Times: user=0.02 sys=0.00, real=0.01 secs] 
2017-11-08T00:34:35.164+0300: 265.763: [CMS-concurrent-sweep-start]
2017-11-08T00:34:35.176+0300: 265.775: [CMS-concurrent-sweep: 0.012/0.012 secs] [Times: user=0.02 sys=0.00, real=0.01 secs] 
2017-11-08T00:34:35.176+0300: 265.775: [CMS-concurrent-reset-start]
2017-11-08T00:34:35.176+0300: 265.776: [CMS-concurrent-reset: 0.001/0.001 secs] [Times: user=0.00 sys=0.00, real=0.00 secs] 
2017-11-08T00:34:37.176+0300: 267.775: [GC (CMS Initial Mark) [1 CMS-initial-mark: 344526K(349568K)] 452596K(506816K), 0.0040927 secs] [Times: user=0.00 sys=0.00, real=0.00 secs] 
2017-11-08T00:34:37.180+0300: 267.779: [CMS-concurrent-mark-start]
2017-11-08T00:34:37.200+0300: 267.800: [CMS-concurrent-mark: 0.020/0.020 secs] [Times: user=0.02 sys=0.00, real=0.02 secs] 
2017-11-08T00:34:37.200+0300: 267.800: [CMS-concurrent-preclean-start]
2017-11-08T00:34:37.202+0300: 267.801: [CMS-concurrent-preclean: 0.001/0.001 secs] [Times: user=0.02 sys=0.00, real=0.00 secs] 
2017-11-08T00:34:37.202+0300: 267.801: [CMS-concurrent-abortable-preclean-start]
2017-11-08T00:34:37.202+0300: 267.801: [CMS-concurrent-abortable-preclean: 0.000/0.000 secs] [Times: user=0.00 sys=0.00, real=0.00 secs] 
2017-11-08T00:34:37.202+0300: 267.801: [GC (CMS Final Remark) [YG occupancy: 108070 K (157248 K)]2017-11-08T00:34:37.202+0300: 267.802: [GC (CMS Final Remark) 2017-11-08T00:34:37.202+0300: 267.802: [ParNew: 108070K->108070K(157248K), 0.0000284 secs] 452596K->452596K(506816K), 0.0000717 secs] [Times: user=0.00 sys=0.00, real=0.00 secs] 
2017-11-08T00:34:37.202+0300: 267.802: [Rescan (parallel) , 0.0044766 secs]2017-11-08T00:34:37.207+0300: 267.806: [weak refs processing, 0.0000831 secs]2017-11-08T00:34:37.207+0300: 267.806: [class unloading, 0.0011053 secs]2017-11-08T00:34:37.208+0300: 267.807: [scrub symbol table, 0.0012839 secs]2017-11-08T00:34:37.209+0300: 267.809: [scrub string table, 0.0002642 secs][1 CMS-remark: 344526K(349568K)] 452596K(506816K), 0.0075538 secs] [Times: user=0.00 sys=0.00, real=0.01 secs] 
2017-11-08T00:34:37.210+0300: 267.809: [CMS-concurrent-sweep-start]
2017-11-08T00:34:37.222+0300: 267.822: [CMS-concurrent-sweep: 0.013/0.013 secs] [Times: user=0.01 sys=0.00, real=0.01 secs] 
2017-11-08T00:34:37.222+0300: 267.822: [CMS-concurrent-reset-start]
2017-11-08T00:34:37.223+0300: 267.822: [CMS-concurrent-reset: 0.001/0.001 secs] [Times: user=0.00 sys=0.00, real=0.00 secs] 
2017-11-08T00:34:39.223+0300: 269.822: [GC (CMS Initial Mark) [1 CMS-initial-mark: 342006K(349568K)] 460299K(506816K), 0.0042039 secs] [Times: user=0.00 sys=0.00, real=0.00 secs] 
2017-11-08T00:34:39.227+0300: 269.827: [CMS-concurrent-mark-start]
2017-11-08T00:34:39.246+0300: 269.846: [CMS-concurrent-mark: 0.019/0.019 secs] [Times: user=0.03 sys=0.00, real=0.02 secs] 
2017-11-08T00:34:39.246+0300: 269.846: [CMS-concurrent-preclean-start]
2017-11-08T00:34:39.248+0300: 269.848: [CMS-concurrent-preclean: 0.001/0.001 secs] [Times: user=0.00 sys=0.00, real=0.00 secs] 
2017-11-08T00:34:39.248+0300: 269.848: [CMS-concurrent-abortable-preclean-start]
2017-11-08T00:34:39.248+0300: 269.848: [CMS-concurrent-abortable-preclean: 0.000/0.000 secs] [Times: user=0.00 sys=0.00, real=0.00 secs] 
2017-11-08T00:34:39.248+0300: 269.848: [GC (CMS Final Remark) [YG occupancy: 118292 K (157248 K)]2017-11-08T00:34:39.248+0300: 269.848: [GC (CMS Final Remark) 2017-11-08T00:34:39.248+0300: 269.848: [ParNew: 118292K->118292K(157248K), 0.0000280 secs] 460299K->460299K(506816K), 0.0000770 secs] [Times: user=0.00 sys=0.00, real=0.00 secs] 
2017-11-08T00:34:39.248+0300: 269.848: [Rescan (parallel) , 0.0045618 secs]2017-11-08T00:34:39.253+0300: 269.853: [weak refs processing, 0.0001303 secs]2017-11-08T00:34:39.253+0300: 269.853: [class unloading, 0.0011713 secs]2017-11-08T00:34:39.254+0300: 269.854: [scrub symbol table, 0.0012193 secs]2017-11-08T00:34:39.256+0300: 269.855: [scrub string table, 0.0002656 secs][1 CMS-remark: 342006K(349568K)] 460299K(506816K), 0.0078233 secs] [Times: user=0.00 sys=0.00, real=0.01 secs] 
2017-11-08T00:34:39.256+0300: 269.856: [CMS-concurrent-sweep-start]
2017-11-08T00:34:39.269+0300: 269.868: [CMS-concurrent-sweep: 0.012/0.012 secs] [Times: user=0.02 sys=0.00, real=0.01 secs] 
2017-11-08T00:34:39.269+0300: 269.868: [CMS-concurrent-reset-start]
2017-11-08T00:34:39.269+0300: 269.869: [CMS-concurrent-reset: 0.001/0.001 secs] [Times: user=0.00 sys=0.00, real=0.00 secs] 
2017-11-08T00:34:41.269+0300: 271.868: [GC (CMS Initial Mark) [1 CMS-initial-mark: 336967K(349568K)] 460352K(506816K), 0.0045430 secs] [Times: user=0.02 sys=0.00, real=0.00 secs] 
2017-11-08T00:34:41.273+0300: 271.873: [CMS-concurrent-mark-start]
2017-11-08T00:34:41.292+0300: 271.892: [CMS-concurrent-mark: 0.019/0.019 secs] [Times: user=0.02 sys=0.00, real=0.02 secs] 
2017-11-08T00:34:41.292+0300: 271.892: [CMS-concurrent-preclean-start]
2017-11-08T00:34:41.294+0300: 271.894: [CMS-concurrent-preclean: 0.001/0.001 secs] [Times: user=0.00 sys=0.00, real=0.00 secs] 
2017-11-08T00:34:41.294+0300: 271.894: [CMS-concurrent-abortable-preclean-start]
2017-11-08T00:34:41.294+0300: 271.894: [CMS-concurrent-abortable-preclean: 0.000/0.000 secs] [Times: user=0.00 sys=0.00, real=0.00 secs] 
2017-11-08T00:34:41.294+0300: 271.894: [GC (CMS Final Remark) [YG occupancy: 123384 K (157248 K)]2017-11-08T00:34:41.294+0300: 271.894: [GC (CMS Final Remark) 2017-11-08T00:34:41.294+0300: 271.894: [ParNew: 123384K->123384K(157248K), 0.0000270 secs] 460352K->460352K(506816K), 0.0000678 secs] [Times: user=0.00 sys=0.00, real=0.00 secs] 
2017-11-08T00:34:41.294+0300: 271.894: [Rescan (parallel) , 0.0045678 secs]2017-11-08T00:34:41.299+0300: 271.899: [weak refs processing, 0.0000849 secs]2017-11-08T00:34:41.299+0300: 271.899: [class unloading, 0.0010847 secs]2017-11-08T00:34:41.300+0300: 271.900: [scrub symbol table, 0.0011912 secs]2017-11-08T00:34:41.301+0300: 271.901: [scrub string table, 0.0002546 secs][1 CMS-remark: 336967K(349568K)] 460352K(506816K), 0.0075162 secs] [Times: user=0.00 sys=0.00, real=0.01 secs] 
2017-11-08T00:34:41.302+0300: 271.901: [CMS-concurrent-sweep-start]
2017-11-08T00:34:41.313+0300: 271.913: [CMS-concurrent-sweep: 0.012/0.012 secs] [Times: user=0.02 sys=0.00, real=0.01 secs] 
2017-11-08T00:34:41.313+0300: 271.913: [CMS-concurrent-reset-start]
2017-11-08T00:34:41.314+0300: 271.913: [CMS-concurrent-reset: 0.000/0.000 secs] [Times: user=0.00 sys=0.00, real=0.00 secs] 
2017-11-08T00:34:43.314+0300: 273.913: [GC (CMS Initial Mark) [1 CMS-initial-mark: 334448K(349568K)] 463076K(506816K), 0.0048256 secs] [Times: user=0.02 sys=0.00, real=0.01 secs] 
2017-11-08T00:34:43.319+0300: 273.918: [CMS-concurrent-mark-start]
2017-11-08T00:34:43.334+0300: 273.934: [CMS-concurrent-mark: 0.015/0.015 secs] [Times: user=0.02 sys=0.00, real=0.02 secs] 
2017-11-08T00:34:43.334+0300: 273.934: [CMS-concurrent-preclean-start]
2017-11-08T00:34:43.335+0300: 273.935: [CMS-concurrent-preclean: 0.001/0.001 secs] [Times: user=0.00 sys=0.00, real=0.00 secs] 
2017-11-08T00:34:43.335+0300: 273.935: [CMS-concurrent-abortable-preclean-start]
2017-11-08T00:34:43.335+0300: 273.935: [CMS-concurrent-abortable-preclean: 0.000/0.000 secs] [Times: user=0.00 sys=0.00, real=0.00 secs] 
2017-11-08T00:34:43.335+0300: 273.935: [GC (CMS Final Remark) [YG occupancy: 128627 K (157248 K)]2017-11-08T00:34:43.335+0300: 273.935: [GC (CMS Final Remark) 2017-11-08T00:34:43.335+0300: 273.935: [ParNew: 128627K->128627K(157248K), 0.0000174 secs] 463076K->463076K(506816K), 0.0000508 secs] [Times: user=0.00 sys=0.00, real=0.00 secs] 
2017-11-08T00:34:43.335+0300: 273.935: [Rescan (parallel) , 0.0039990 secs]2017-11-08T00:34:43.339+0300: 273.939: [weak refs processing, 0.0000671 secs]2017-11-08T00:34:43.339+0300: 273.939: [class unloading, 0.0008283 secs]2017-11-08T00:34:43.340+0300: 273.940: [scrub symbol table, 0.0008848 secs]2017-11-08T00:34:43.341+0300: 273.941: [scrub string table, 0.0001630 secs][1 CMS-remark: 334448K(349568K)] 463076K(506816K), 0.0061730 secs] [Times: user=0.00 sys=0.00, real=0.01 secs] 
2017-11-08T00:34:43.341+0300: 273.941: [CMS-concurrent-sweep-start]
2017-11-08T00:34:43.351+0300: 273.951: [CMS-concurrent-sweep: 0.010/0.010 secs] [Times: user=0.02 sys=0.00, real=0.01 secs] 
2017-11-08T00:34:43.351+0300: 273.951: [CMS-concurrent-reset-start]
2017-11-08T00:34:43.351+0300: 273.951: [CMS-concurrent-reset: 0.000/0.000 secs] [Times: user=0.00 sys=0.00, real=0.00 secs] 
2017-11-08T00:34:45.351+0300: 275.951: [GC (CMS Initial Mark) [1 CMS-initial-mark: 331928K(349568K)] 470908K(506816K), 0.0050393 secs] [Times: user=0.00 sys=0.00, real=0.00 secs] 
2017-11-08T00:34:45.356+0300: 275.956: [CMS-concurrent-mark-start]
2017-11-08T00:34:45.375+0300: 275.975: [CMS-concurrent-mark: 0.019/0.019 secs] [Times: user=0.03 sys=0.00, real=0.02 secs] 
2017-11-08T00:34:45.375+0300: 275.975: [CMS-concurrent-preclean-start]
2017-11-08T00:34:45.376+0300: 275.976: [CMS-concurrent-preclean: 0.001/0.001 secs] [Times: user=0.00 sys=0.00, real=0.00 secs] 
2017-11-08T00:34:45.376+0300: 275.976: [CMS-concurrent-abortable-preclean-start]
2017-11-08T00:34:45.376+0300: 275.976: [CMS-concurrent-abortable-preclean: 0.000/0.000 secs] [Times: user=0.00 sys=0.00, real=0.00 secs] 
2017-11-08T00:34:45.376+0300: 275.976: [GC (CMS Final Remark) [YG occupancy: 138979 K (157248 K)]2017-11-08T00:34:45.376+0300: 275.976: [GC (CMS Final Remark) 2017-11-08T00:34:45.377+0300: 275.976: [ParNew: 138979K->138979K(157248K), 0.0000199 secs] 470908K->470908K(506816K), 0.0000525 secs] [Times: user=0.00 sys=0.00, real=0.00 secs] 
2017-11-08T00:34:45.377+0300: 275.977: [Rescan (parallel) , 0.0042479 secs]2017-11-08T00:34:45.381+0300: 275.981: [weak refs processing, 0.0000618 secs]2017-11-08T00:34:45.381+0300: 275.981: [class unloading, 0.0011056 secs]2017-11-08T00:34:45.382+0300: 275.982: [scrub symbol table, 0.0012743 secs]2017-11-08T00:34:45.383+0300: 275.983: [scrub string table, 0.0002098 secs][1 CMS-remark: 331928K(349568K)] 470908K(506816K), 0.0072144 secs] [Times: user=0.00 sys=0.00, real=0.01 secs] 
2017-11-08T00:34:45.384+0300: 275.984: [CMS-concurrent-sweep-start]
2017-11-08T00:34:45.395+0300: 275.995: [CMS-concurrent-sweep: 0.011/0.011 secs] [Times: user=0.01 sys=0.00, real=0.01 secs] 
2017-11-08T00:34:45.395+0300: 275.995: [CMS-concurrent-reset-start]
2017-11-08T00:34:45.396+0300: 275.996: [CMS-concurrent-reset: 0.000/0.000 secs] [Times: user=0.00 sys=0.00, real=0.00 secs] 
2017-11-08T00:34:47.397+0300: 277.996: [GC (CMS Initial Mark) [1 CMS-initial-mark: 326889K(349568K)] 470913K(506816K), 0.0052999 secs] [Times: user=0.00 sys=0.00, real=0.00 secs] 
2017-11-08T00:34:47.402+0300: 278.001: [CMS-concurrent-mark-start]
2017-11-08T00:34:47.421+0300: 278.020: [CMS-concurrent-mark: 0.019/0.019 secs] [Times: user=0.03 sys=0.00, real=0.02 secs] 
2017-11-08T00:34:47.421+0300: 278.020: [CMS-concurrent-preclean-start]
2017-11-08T00:34:47.423+0300: 278.022: [CMS-concurrent-preclean: 0.001/0.001 secs] [Times: user=0.00 sys=0.00, real=0.00 secs] 
2017-11-08T00:34:47.423+0300: 278.022: [CMS-concurrent-abortable-preclean-start]
2017-11-08T00:34:47.423+0300: 278.022: [CMS-concurrent-abortable-preclean: 0.000/0.000 secs] [Times: user=0.00 sys=0.00, real=0.00 secs] 
2017-11-08T00:34:47.423+0300: 278.022: [GC (CMS Final Remark) [YG occupancy: 144023 K (157248 K)]2017-11-08T00:34:47.423+0300: 278.022: [GC (CMS Final Remark) 2017-11-08T00:34:47.423+0300: 278.022: [ParNew: 144023K->144023K(157248K), 0.0000280 secs] 470913K->470913K(506816K), 0.0000703 secs] [Times: user=0.00 sys=0.00, real=0.00 secs] 
2017-11-08T00:34:47.423+0300: 278.022: [Rescan (parallel) , 0.0055272 secs]2017-11-08T00:34:47.429+0300: 278.028: [weak refs processing, 0.0000859 secs]2017-11-08T00:34:47.429+0300: 278.028: [class unloading, 0.0011071 secs]2017-11-08T00:34:47.430+0300: 278.029: [scrub symbol table, 0.0012335 secs]2017-11-08T00:34:47.431+0300: 278.030: [scrub string table, 0.0002617 secs][1 CMS-remark: 326889K(349568K)] 470913K(506816K), 0.0085473 secs] [Times: user=0.00 sys=0.00, real=0.01 secs] 
2017-11-08T00:34:47.432+0300: 278.031: [CMS-concurrent-sweep-start]
2017-11-08T00:34:47.442+0300: 278.041: [CMS-concurrent-sweep: 0.010/0.010 secs] [Times: user=0.02 sys=0.00, real=0.01 secs] 
2017-11-08T00:34:47.442+0300: 278.041: [CMS-concurrent-reset-start]
2017-11-08T00:34:47.442+0300: 278.041: [CMS-concurrent-reset: 0.000/0.000 secs] [Times: user=0.00 sys=0.00, real=0.00 secs] 
2017-11-08T00:34:49.442+0300: 280.041: [GC (CMS Initial Mark) [1 CMS-initial-mark: 324370K(349568K)] 473433K(506816K), 0.0052044 secs] [Times: user=0.02 sys=0.00, real=0.01 secs] 
2017-11-08T00:34:49.447+0300: 280.046: [CMS-concurrent-mark-start]
2017-11-08T00:34:49.466+0300: 280.065: [CMS-concurrent-mark: 0.019/0.019 secs] [Times: user=0.02 sys=0.00, real=0.02 secs] 
2017-11-08T00:34:49.466+0300: 280.065: [CMS-concurrent-preclean-start]
2017-11-08T00:34:49.468+0300: 280.067: [CMS-concurrent-preclean: 0.001/0.001 secs] [Times: user=0.00 sys=0.00, real=0.00 secs] 
2017-11-08T00:34:49.468+0300: 280.067: [CMS-concurrent-abortable-preclean-start]
2017-11-08T00:34:49.468+0300: 280.067: [CMS-concurrent-abortable-preclean: 0.000/0.000 secs] [Times: user=0.00 sys=0.00, real=0.00 secs] 
2017-11-08T00:34:49.468+0300: 280.067: [GC (CMS Final Remark) [YG occupancy: 149063 K (157248 K)]2017-11-08T00:34:49.468+0300: 280.067: [GC (CMS Final Remark) 2017-11-08T00:34:49.468+0300: 280.067: [ParNew: 149063K->149063K(157248K), 0.0000291 secs] 473433K->473433K(506816K), 0.0000707 secs] [Times: user=0.00 sys=0.00, real=0.00 secs] 
2017-11-08T00:34:49.468+0300: 280.067: [Rescan (parallel) , 0.0053958 secs]2017-11-08T00:34:49.473+0300: 280.073: [weak refs processing, 0.0000550 secs]2017-11-08T00:34:49.473+0300: 280.073: [class unloading, 0.0007584 secs]2017-11-08T00:34:49.474+0300: 280.073: [scrub symbol table, 0.0008514 secs]2017-11-08T00:34:49.475+0300: 280.074: [scrub string table, 0.0001541 secs][1 CMS-remark: 324370K(349568K)] 473433K(506816K), 0.0075031 secs] [Times: user=0.00 sys=0.00, real=0.01 secs] 
2017-11-08T00:34:49.475+0300: 280.075: [CMS-concurrent-sweep-start]
2017-11-08T00:34:49.485+0300: 280.084: [CMS-concurrent-sweep: 0.009/0.009 secs] [Times: user=0.02 sys=0.00, real=0.01 secs] 
2017-11-08T00:34:49.485+0300: 280.084: [CMS-concurrent-reset-start]
2017-11-08T00:34:49.485+0300: 280.084: [CMS-concurrent-reset: 0.000/0.000 secs] [Times: user=0.00 sys=0.00, real=0.00 secs] 
2017-11-08T00:34:51.094+0300: 281.693: [GC (Allocation Failure) 2017-11-08T00:34:51.094+0300: 281.693: [ParNew: 157246K->157246K(157248K), 0.0000330 secs]2017-11-08T00:34:51.094+0300: 281.693: [CMS: 321850K->349565K(349568K), 0.1383201 secs] 479097K->475592K(506816K), [Metaspace: 8349K->8349K(1056768K)], 0.1384632 secs] [Times: user=0.14 sys=0.00, real=0.14 secs] 
2017-11-08T00:34:51.232+0300: 281.832: [GC (CMS Initial Mark) [1 CMS-initial-mark: 349565K(349568K)] 476305K(506816K), 0.0036869 secs] [Times: user=0.00 sys=0.00, real=0.00 secs] 
2017-11-08T00:34:51.236+0300: 281.835: [CMS-concurrent-mark-start]
2017-11-08T00:34:51.250+0300: 281.849: [CMS-concurrent-mark: 0.013/0.013 secs] [Times: user=0.02 sys=0.00, real=0.01 secs] 
2017-11-08T00:34:51.250+0300: 281.849: [CMS-concurrent-preclean-start]
2017-11-08T00:34:51.263+0300: 281.862: [CMS-concurrent-preclean: 0.014/0.014 secs] [Times: user=0.02 sys=0.00, real=0.01 secs] 
2017-11-08T00:34:51.263+0300: 281.862: [CMS-concurrent-abortable-preclean-start]
2017-11-08T00:34:51.263+0300: 281.862: [CMS-concurrent-abortable-preclean: 0.000/0.000 secs] [Times: user=0.00 sys=0.00, real=0.00 secs] 
2017-11-08T00:34:51.263+0300: 281.863: [GC (CMS Final Remark) [YG occupancy: 128024 K (157248 K)]2017-11-08T00:34:51.263+0300: 281.863: [GC (CMS Final Remark) 2017-11-08T00:34:51.263+0300: 281.863: [ParNew: 128024K->128024K(157248K), 0.0000220 secs] 477590K->477590K(506816K), 0.0000543 secs] [Times: user=0.00 sys=0.00, real=0.00 secs] 
2017-11-08T00:34:51.263+0300: 281.863: [Rescan (parallel) , 0.0037391 secs]2017-11-08T00:34:51.267+0300: 281.866: [weak refs processing, 0.0000518 secs]2017-11-08T00:34:51.267+0300: 281.867: [class unloading, 0.0007506 secs]2017-11-08T00:34:51.268+0300: 281.867: [scrub symbol table, 0.0008568 secs]2017-11-08T00:34:51.269+0300: 281.868: [scrub string table, 0.0001552 secs][1 CMS-remark: 349565K(349568K)] 477590K(506816K), 0.0057722 secs] [Times: user=0.00 sys=0.00, real=0.01 secs] 
2017-11-08T00:34:51.269+0300: 281.868: [CMS-concurrent-sweep-start]
2017-11-08T00:34:51.279+0300: 281.878: [CMS-concurrent-sweep: 0.009/0.009 secs] [Times: user=0.01 sys=0.00, real=0.01 secs] 
2017-11-08T00:34:51.279+0300: 281.878: [CMS-concurrent-reset-start]
2017-11-08T00:34:51.279+0300: 281.878: [CMS-concurrent-reset: 0.000/0.000 secs] [Times: user=0.00 sys=0.00, real=0.00 secs] 
2017-11-08T00:34:53.279+0300: 283.878: [GC (CMS Initial Mark) [1 CMS-initial-mark: 347045K(349568K)] 480181K(506816K), 0.0043370 secs] [Times: user=0.00 sys=0.00, real=0.00 secs] 
2017-11-08T00:34:53.283+0300: 283.882: [CMS-concurrent-mark-start]
2017-11-08T00:34:53.298+0300: 283.898: [CMS-concurrent-mark: 0.015/0.015 secs] [Times: user=0.02 sys=0.00, real=0.02 secs] 
2017-11-08T00:34:53.298+0300: 283.898: [CMS-concurrent-preclean-start]
2017-11-08T00:34:53.299+0300: 283.899: [CMS-concurrent-preclean: 0.001/0.001 secs] [Times: user=0.00 sys=0.00, real=0.00 secs] 
2017-11-08T00:34:53.299+0300: 283.899: [CMS-concurrent-abortable-preclean-start]
2017-11-08T00:34:53.299+0300: 283.899: [CMS-concurrent-abortable-preclean: 0.000/0.000 secs] [Times: user=0.00 sys=0.00, real=0.00 secs] 
2017-11-08T00:34:53.300+0300: 283.899: [GC (CMS Final Remark) [YG occupancy: 133135 K (157248 K)]2017-11-08T00:34:53.300+0300: 283.899: [GC (CMS Final Remark) 2017-11-08T00:34:53.300+0300: 283.899: [ParNew: 133135K->133135K(157248K), 0.0000202 secs] 480181K->480181K(506816K), 0.0000490 secs] [Times: user=0.00 sys=0.00, real=0.00 secs] 
2017-11-08T00:34:53.300+0300: 283.899: [Rescan (parallel) , 0.0041169 secs]2017-11-08T00:34:53.304+0300: 283.903: [weak refs processing, 0.0000550 secs]2017-11-08T00:34:53.304+0300: 283.903: [class unloading, 0.0007879 secs]2017-11-08T00:34:53.305+0300: 283.904: [scrub symbol table, 0.0008969 secs]2017-11-08T00:34:53.306+0300: 283.905: [scrub string table, 0.0001701 secs][1 CMS-remark: 347045K(349568K)] 480181K(506816K), 0.0062416 secs] [Times: user=0.00 sys=0.00, real=0.01 secs] 
2017-11-08T00:34:53.306+0300: 283.905: [CMS-concurrent-sweep-start]
2017-11-08T00:34:53.316+0300: 283.915: [CMS-concurrent-sweep: 0.010/0.010 secs] [Times: user=0.01 sys=0.00, real=0.01 secs] 
2017-11-08T00:34:53.316+0300: 283.915: [CMS-concurrent-reset-start]
2017-11-08T00:34:53.316+0300: 283.915: [CMS-concurrent-reset: 0.000/0.000 secs] [Times: user=0.00 sys=0.00, real=0.00 secs] 
2017-11-08T00:34:55.316+0300: 285.915: [GC (CMS Initial Mark) [1 CMS-initial-mark: 344526K(349568K)] 482783K(506816K), 0.0045884 secs] [Times: user=0.00 sys=0.00, real=0.00 secs] 
2017-11-08T00:34:55.320+0300: 285.920: [CMS-concurrent-mark-start]
2017-11-08T00:34:55.336+0300: 285.935: [CMS-concurrent-mark: 0.016/0.016 secs] [Times: user=0.02 sys=0.00, real=0.02 secs] 
2017-11-08T00:34:55.336+0300: 285.935: [CMS-concurrent-preclean-start]
2017-11-08T00:34:55.337+0300: 285.937: [CMS-concurrent-preclean: 0.001/0.001 secs] [Times: user=0.00 sys=0.00, real=0.00 secs] 
2017-11-08T00:34:55.337+0300: 285.937: [CMS-concurrent-abortable-preclean-start]
2017-11-08T00:34:55.337+0300: 285.937: [CMS-concurrent-abortable-preclean: 0.000/0.000 secs] [Times: user=0.00 sys=0.00, real=0.00 secs] 
2017-11-08T00:34:55.337+0300: 285.937: [GC (CMS Final Remark) [YG occupancy: 138257 K (157248 K)]2017-11-08T00:34:55.337+0300: 285.937: [GC (CMS Final Remark) 2017-11-08T00:34:55.337+0300: 285.937: [ParNew: 138257K->138257K(157248K), 0.0000238 secs] 482783K->482783K(506816K), 0.0000614 secs] [Times: user=0.00 sys=0.00, real=0.00 secs] 
2017-11-08T00:34:55.337+0300: 285.937: [Rescan (parallel) , 0.0044883 secs]2017-11-08T00:34:55.342+0300: 285.941: [weak refs processing, 0.0000639 secs]2017-11-08T00:34:55.342+0300: 285.941: [class unloading, 0.0008280 secs]2017-11-08T00:34:55.343+0300: 285.942: [scrub symbol table, 0.0009430 secs]2017-11-08T00:34:55.344+0300: 285.943: [scrub string table, 0.0002635 secs][1 CMS-remark: 344526K(349568K)] 482783K(506816K), 0.0068455 secs] [Times: user=0.02 sys=0.00, real=0.01 secs] 
2017-11-08T00:34:55.344+0300: 285.944: [CMS-concurrent-sweep-start]
2017-11-08T00:34:55.355+0300: 285.954: [CMS-concurrent-sweep: 0.010/0.010 secs] [Times: user=0.00 sys=0.00, real=0.01 secs] 
2017-11-08T00:34:55.355+0300: 285.954: [CMS-concurrent-reset-start]
2017-11-08T00:34:55.355+0300: 285.954: [CMS-concurrent-reset: 0.000/0.000 secs] [Times: user=0.00 sys=0.00, real=0.00 secs] 
2017-11-08T00:34:57.355+0300: 287.954: [GC (CMS Initial Mark) [1 CMS-initial-mark: 342006K(349568K)] 490359K(506816K), 0.0045536 secs] [Times: user=0.02 sys=0.00, real=0.00 secs] 
2017-11-08T00:34:57.360+0300: 287.959: [CMS-concurrent-mark-start]
2017-11-08T00:34:57.375+0300: 287.975: [CMS-concurrent-mark: 0.016/0.016 secs] [Times: user=0.02 sys=0.00, real=0.02 secs] 
2017-11-08T00:34:57.375+0300: 287.975: [CMS-concurrent-preclean-start]
2017-11-08T00:34:57.376+0300: 287.976: [CMS-concurrent-preclean: 0.001/0.001 secs] [Times: user=0.00 sys=0.00, real=0.00 secs] 
2017-11-08T00:34:57.376+0300: 287.976: [CMS-concurrent-abortable-preclean-start]
2017-11-08T00:34:57.376+0300: 287.976: [CMS-concurrent-abortable-preclean: 0.000/0.000 secs] [Times: user=0.00 sys=0.00, real=0.00 secs] 
2017-11-08T00:34:57.376+0300: 287.976: [GC (CMS Final Remark) [YG occupancy: 148352 K (157248 K)]2017-11-08T00:34:57.376+0300: 287.976: [GC (CMS Final Remark) 2017-11-08T00:34:57.376+0300: 287.976: [ParNew: 148352K->148352K(157248K), 0.0000181 secs] 490359K->490359K(506816K), 0.0000447 secs] [Times: user=0.00 sys=0.00, real=0.00 secs] 
2017-11-08T00:34:57.376+0300: 287.976: [Rescan (parallel) , 0.0041307 secs]2017-11-08T00:34:57.381+0300: 287.980: [weak refs processing, 0.0000557 secs]2017-11-08T00:34:57.381+0300: 287.980: [class unloading, 0.0009136 secs]2017-11-08T00:34:57.382+0300: 287.981: [scrub symbol table, 0.0009721 secs]2017-11-08T00:34:57.383+0300: 287.982: [scrub string table, 0.0001598 secs][1 CMS-remark: 342006K(349568K)] 490359K(506816K), 0.0064553 secs] [Times: user=0.00 sys=0.00, real=0.01 secs] 
2017-11-08T00:34:57.383+0300: 287.982: [CMS-concurrent-sweep-start]
2017-11-08T00:34:57.393+0300: 287.993: [CMS-concurrent-sweep: 0.010/0.010 secs] [Times: user=0.01 sys=0.00, real=0.01 secs] 
2017-11-08T00:34:57.393+0300: 287.993: [CMS-concurrent-reset-start]
2017-11-08T00:34:57.394+0300: 287.993: [CMS-concurrent-reset: 0.000/0.000 secs] [Times: user=0.00 sys=0.00, real=0.00 secs] 
2017-11-08T00:34:59.394+0300: 289.993: [GC (CMS Initial Mark) [1 CMS-initial-mark: 336967K(349568K)] 490359K(506816K), 0.0047113 secs] [Times: user=0.00 sys=0.00, real=0.00 secs] 
2017-11-08T00:34:59.398+0300: 289.998: [CMS-concurrent-mark-start]
2017-11-08T00:34:59.416+0300: 290.015: [CMS-concurrent-mark: 0.017/0.017 secs] [Times: user=0.03 sys=0.00, real=0.02 secs] 
2017-11-08T00:34:59.416+0300: 290.015: [CMS-concurrent-preclean-start]
2017-11-08T00:34:59.417+0300: 290.016: [CMS-concurrent-preclean: 0.001/0.001 secs] [Times: user=0.00 sys=0.00, real=0.00 secs] 
2017-11-08T00:34:59.417+0300: 290.016: [CMS-concurrent-abortable-preclean-start]
2017-11-08T00:34:59.417+0300: 290.016: [CMS-concurrent-abortable-preclean: 0.000/0.000 secs] [Times: user=0.00 sys=0.00, real=0.00 secs] 
2017-11-08T00:34:59.417+0300: 290.017: [GC (CMS Final Remark) [YG occupancy: 153391 K (157248 K)]2017-11-08T00:34:59.417+0300: 290.017: [GC (CMS Final Remark) 2017-11-08T00:34:59.417+0300: 290.017: [ParNew: 153391K->153391K(157248K), 0.0000234 secs] 490359K->490359K(506816K), 0.0000632 secs] [Times: user=0.00 sys=0.00, real=0.00 secs] 
2017-11-08T00:34:59.417+0300: 290.017: [Rescan (parallel) , 0.0049030 secs]2017-11-08T00:34:59.422+0300: 290.022: [weak refs processing, 0.0000692 secs]2017-11-08T00:34:59.422+0300: 290.022: [class unloading, 0.0011103 secs]2017-11-08T00:34:59.423+0300: 290.023: [scrub symbol table, 0.0011493 secs]2017-11-08T00:34:59.424+0300: 290.024: [scrub string table, 0.0002137 secs][1 CMS-remark: 336967K(349568K)] 490359K(506816K), 0.0077356 secs] [Times: user=0.00 sys=0.00, real=0.01 secs] 
2017-11-08T00:34:59.425+0300: 290.024: [CMS-concurrent-sweep-start]
2017-11-08T00:34:59.435+0300: 290.035: [CMS-concurrent-sweep: 0.010/0.010 secs] [Times: user=0.01 sys=0.00, real=0.01 secs] 
2017-11-08T00:34:59.435+0300: 290.035: [CMS-concurrent-reset-start]
2017-11-08T00:34:59.436+0300: 290.035: [CMS-concurrent-reset: 0.000/0.000 secs] [Times: user=0.00 sys=0.00, real=0.00 secs] 
2017-11-08T00:35:00.241+0300: 290.840: [GC (Allocation Failure) 2017-11-08T00:35:00.241+0300: 290.840: [ParNew: 157246K->157246K(157248K), 0.0000256 secs]2017-11-08T00:35:00.241+0300: 290.840: [CMS: 334448K->349565K(349568K), 0.1534392 secs] 491695K->491420K(506816K), [Metaspace: 8358K->8358K(1056768K)], 0.1535737 secs] [Times: user=0.16 sys=0.00, real=0.15 secs] 
2017-11-08T00:35:00.394+0300: 290.994: [GC (CMS Initial Mark) [1 CMS-initial-mark: 349565K(349568K)] 491538K(506816K), 0.0045344 secs] [Times: user=0.02 sys=0.00, real=0.00 secs] 
2017-11-08T00:35:00.399+0300: 290.999: [CMS-concurrent-mark-start]
2017-11-08T00:35:00.414+0300: 291.014: [CMS-concurrent-mark: 0.015/0.015 secs] [Times: user=0.01 sys=0.00, real=0.02 secs] 
2017-11-08T00:35:00.414+0300: 291.014: [CMS-concurrent-preclean-start]
2017-11-08T00:35:00.429+0300: 291.028: [CMS-concurrent-preclean: 0.015/0.015 secs] [Times: user=0.02 sys=0.00, real=0.01 secs] 
2017-11-08T00:35:00.429+0300: 291.028: [CMS-concurrent-abortable-preclean-start]
2017-11-08T00:35:00.429+0300: 291.028: [CMS-concurrent-abortable-preclean: 0.000/0.000 secs] [Times: user=0.00 sys=0.00, real=0.00 secs] 
2017-11-08T00:35:00.429+0300: 291.028: [GC (CMS Final Remark) [YG occupancy: 143040 K (157248 K)]2017-11-08T00:35:00.429+0300: 291.028: [GC (CMS Final Remark) 2017-11-08T00:35:00.429+0300: 291.029: [ParNew: 143040K->143040K(157248K), 0.0000188 secs] 492606K->492606K(506816K), 0.0000462 secs] [Times: user=0.00 sys=0.00, real=0.00 secs] 
2017-11-08T00:35:00.429+0300: 291.029: [Rescan (parallel) , 0.0044609 secs]2017-11-08T00:35:00.433+0300: 291.033: [weak refs processing, 0.0000810 secs]2017-11-08T00:35:00.434+0300: 291.033: [class unloading, 0.0009175 secs]2017-11-08T00:35:00.435+0300: 291.034: [scrub symbol table, 0.0008695 secs]2017-11-08T00:35:00.435+0300: 291.035: [scrub string table, 0.0001637 secs][1 CMS-remark: 349565K(349568K)] 492606K(506816K), 0.0067315 secs] [Times: user=0.00 sys=0.00, real=0.01 secs] 
2017-11-08T00:35:00.436+0300: 291.035: [CMS-concurrent-sweep-start]
2017-11-08T00:35:00.446+0300: 291.045: [CMS-concurrent-sweep: 0.010/0.010 secs] [Times: user=0.02 sys=0.00, real=0.01 secs] 
2017-11-08T00:35:00.446+0300: 291.046: [CMS-concurrent-reset-start]
2017-11-08T00:35:00.446+0300: 291.046: [CMS-concurrent-reset: 0.000/0.000 secs] [Times: user=0.00 sys=0.00, real=0.00 secs] 
2017-11-08T00:35:02.446+0300: 293.045: [GC (CMS Initial Mark) [1 CMS-initial-mark: 349565K(349568K)] 497645K(506816K), 0.0051817 secs] [Times: user=0.00 sys=0.00, real=0.00 secs] 
2017-11-08T00:35:02.451+0300: 293.051: [CMS-concurrent-mark-start]
2017-11-08T00:35:02.472+0300: 293.072: [CMS-concurrent-mark: 0.021/0.021 secs] [Times: user=0.03 sys=0.00, real=0.02 secs] 
2017-11-08T00:35:02.472+0300: 293.072: [CMS-concurrent-preclean-start]
2017-11-08T00:35:02.474+0300: 293.073: [CMS-concurrent-preclean: 0.001/0.001 secs] [Times: user=0.00 sys=0.00, real=0.00 secs] 
2017-11-08T00:35:02.474+0300: 293.073: [CMS-concurrent-abortable-preclean-start]
2017-11-08T00:35:02.474+0300: 293.073: [CMS-concurrent-abortable-preclean: 0.000/0.000 secs] [Times: user=0.00 sys=0.00, real=0.00 secs] 
2017-11-08T00:35:02.474+0300: 293.074: [GC (CMS Final Remark) [YG occupancy: 148080 K (157248 K)]2017-11-08T00:35:02.474+0300: 293.074: [GC (CMS Final Remark) 2017-11-08T00:35:02.474+0300: 293.074: [ParNew: 148080K->148080K(157248K), 0.0000288 secs] 497645K->497645K(506816K), 0.0000717 secs] [Times: user=0.00 sys=0.00, real=0.00 secs] 
2017-11-08T00:35:02.474+0300: 293.074: [Rescan (parallel) , 0.0055311 secs]2017-11-08T00:35:02.480+0300: 293.079: [weak refs processing, 0.0000873 secs]2017-11-08T00:35:02.480+0300: 293.079: [class unloading, 0.0011309 secs]2017-11-08T00:35:02.481+0300: 293.081: [scrub symbol table, 0.0012012 secs]2017-11-08T00:35:02.482+0300: 293.082: [scrub string table, 0.0002666 secs][1 CMS-remark: 349565K(349568K)] 497645K(506816K), 0.0085462 secs] [Times: user=0.00 sys=0.00, real=0.01 secs] 
2017-11-08T00:35:02.483+0300: 293.082: [CMS-concurrent-sweep-start]
2017-11-08T00:35:02.494+0300: 293.094: [CMS-concurrent-sweep: 0.012/0.012 secs] [Times: user=0.01 sys=0.00, real=0.01 secs] 
2017-11-08T00:35:02.494+0300: 293.094: [CMS-concurrent-reset-start]
2017-11-08T00:35:02.495+0300: 293.094: [CMS-concurrent-reset: 0.000/0.000 secs] [Times: user=0.00 sys=0.00, real=0.00 secs] 
2017-11-08T00:35:04.496+0300: 295.094: [GC (CMS Initial Mark) [1 CMS-initial-mark: 344526K(349568K)] 497645K(506816K), 0.0052023 secs] [Times: user=0.02 sys=0.00, real=0.00 secs] 
2017-11-08T00:35:04.501+0300: 295.100: [CMS-concurrent-mark-start]
2017-11-08T00:35:04.522+0300: 295.121: [CMS-concurrent-mark: 0.021/0.021 secs] [Times: user=0.02 sys=0.00, real=0.02 secs] 
2017-11-08T00:35:04.522+0300: 295.121: [CMS-concurrent-preclean-start]
2017-11-08T00:35:04.524+0300: 295.122: [CMS-concurrent-preclean: 0.001/0.001 secs] [Times: user=0.00 sys=0.00, real=0.00 secs] 
2017-11-08T00:35:04.524+0300: 295.122: [CMS-concurrent-abortable-preclean-start]
2017-11-08T00:35:04.524+0300: 295.122: [CMS-concurrent-abortable-preclean: 0.000/0.000 secs] [Times: user=0.00 sys=0.00, real=0.00 secs] 
2017-11-08T00:35:04.524+0300: 295.123: [GC (CMS Final Remark) [YG occupancy: 153119 K (157248 K)]2017-11-08T00:35:04.524+0300: 295.123: [GC (CMS Final Remark) 2017-11-08T00:35:04.524+0300: 295.123: [ParNew: 153119K->153119K(157248K), 0.0000280 secs] 497645K->497645K(506816K), 0.0000696 secs] [Times: user=0.00 sys=0.00, real=0.00 secs] 
2017-11-08T00:35:04.524+0300: 295.123: [Rescan (parallel) , 0.0059284 secs]2017-11-08T00:35:04.530+0300: 295.129: [weak refs processing, 0.0000866 secs]2017-11-08T00:35:04.530+0300: 295.129: [class unloading, 0.0012651 secs]2017-11-08T00:35:04.531+0300: 295.130: [scrub symbol table, 0.0012210 secs]2017-11-08T00:35:04.533+0300: 295.131: [scrub string table, 0.0001562 secs][1 CMS-remark: 344526K(349568K)] 497645K(506816K), 0.0089865 secs] [Times: user=0.01 sys=0.00, real=0.01 secs] 
2017-11-08T00:35:04.533+0300: 295.132: [CMS-concurrent-sweep-start]
2017-11-08T00:35:04.542+0300: 295.141: [CMS-concurrent-sweep: 0.009/0.009 secs] [Times: user=0.00 sys=0.00, real=0.01 secs] 
2017-11-08T00:35:04.542+0300: 295.141: [CMS-concurrent-reset-start]
2017-11-08T00:35:04.543+0300: 295.141: [CMS-concurrent-reset: 0.000/0.000 secs] [Times: user=0.00 sys=0.00, real=0.00 secs] 
2017-11-08T00:35:04.903+0300: 295.502: [GC (Allocation Failure) 2017-11-08T00:35:04.903+0300: 295.502: [ParNew: 157246K->157246K(157248K), 0.0000309 secs]2017-11-08T00:35:04.903+0300: 295.502: [CMS: 342006K->349565K(349568K), 0.1470496 secs] 499253K->499250K(506816K), [Metaspace: 8358K->8358K(1056768K)], 0.1471905 secs] [Times: user=0.16 sys=0.00, real=0.15 secs] 
2017-11-08T00:35:05.050+0300: 295.649: [GC (CMS Initial Mark) [1 CMS-initial-mark: 349565K(349568K)] 499388K(506816K), 0.0040995 secs] [Times: user=0.00 sys=0.00, real=0.00 secs] 
2017-11-08T00:35:05.054+0300: 295.653: [CMS-concurrent-mark-start]
2017-11-08T00:35:05.069+0300: 295.668: [CMS-concurrent-mark: 0.014/0.014 secs] [Times: user=0.02 sys=0.00, real=0.02 secs] 
2017-11-08T00:35:05.069+0300: 295.668: [CMS-concurrent-preclean-start]
2017-11-08T00:35:05.083+0300: 295.681: [CMS-concurrent-preclean: 0.014/0.014 secs] [Times: user=0.02 sys=0.00, real=0.01 secs] 
2017-11-08T00:35:05.083+0300: 295.681: [CMS-concurrent-abortable-preclean-start]
2017-11-08T00:35:05.083+0300: 295.681: [CMS-concurrent-abortable-preclean: 0.000/0.000 secs] [Times: user=0.00 sys=0.00, real=0.00 secs] 
2017-11-08T00:35:05.083+0300: 295.682: [GC (CMS Final Remark) [YG occupancy: 150599 K (157248 K)]2017-11-08T00:35:05.083+0300: 295.682: [GC (CMS Final Remark) 2017-11-08T00:35:05.083+0300: 295.682: [ParNew: 150599K->150599K(157248K), 0.0000181 secs] 500164K->500164K(506816K), 0.0000451 secs] [Times: user=0.00 sys=0.00, real=0.00 secs] 
2017-11-08T00:35:05.083+0300: 295.682: [Rescan (parallel) , 0.0041904 secs]2017-11-08T00:35:05.087+0300: 295.686: [weak refs processing, 0.0000604 secs]2017-11-08T00:35:05.087+0300: 295.686: [class unloading, 0.0008805 secs]2017-11-08T00:35:05.088+0300: 295.687: [scrub symbol table, 0.0008653 secs]2017-11-08T00:35:05.089+0300: 295.688: [scrub string table, 0.0001555 secs][1 CMS-remark: 349565K(349568K)] 500164K(506816K), 0.0063690 secs] [Times: user=0.00 sys=0.00, real=0.01 secs] 
2017-11-08T00:35:05.089+0300: 295.688: [CMS-concurrent-sweep-start]
2017-11-08T00:35:05.099+0300: 295.698: [CMS-concurrent-sweep: 0.009/0.009 secs] [Times: user=0.02 sys=0.00, real=0.01 secs] 
2017-11-08T00:35:05.099+0300: 295.698: [CMS-concurrent-reset-start]
2017-11-08T00:35:05.099+0300: 295.698: [CMS-concurrent-reset: 0.000/0.000 secs] [Times: user=0.00 sys=0.00, real=0.00 secs] 
2017-11-08T00:35:07.099+0300: 297.698: [GC (CMS Initial Mark) [1 CMS-initial-mark: 348829K(349568K)] 504468K(506816K), 0.0051782 secs] [Times: user=0.00 sys=0.00, real=0.01 secs] 
2017-11-08T00:35:07.104+0300: 297.703: [CMS-concurrent-mark-start]
2017-11-08T00:35:07.125+0300: 297.724: [CMS-concurrent-mark: 0.021/0.021 secs] [Times: user=0.03 sys=0.00, real=0.02 secs] 
2017-11-08T00:35:07.125+0300: 297.724: [CMS-concurrent-preclean-start]
2017-11-08T00:35:07.127+0300: 297.726: [CMS-concurrent-preclean: 0.001/0.001 secs] [Times: user=0.00 sys=0.00, real=0.00 secs] 
2017-11-08T00:35:07.127+0300: 297.726: [CMS-concurrent-abortable-preclean-start]
2017-11-08T00:35:07.127+0300: 297.726: [CMS-concurrent-abortable-preclean: 0.000/0.000 secs] [Times: user=0.00 sys=0.00, real=0.00 secs] 
2017-11-08T00:35:07.127+0300: 297.726: [GC (CMS Final Remark) [YG occupancy: 155638 K (157248 K)]2017-11-08T00:35:07.127+0300: 297.726: [GC (CMS Final Remark) 2017-11-08T00:35:07.127+0300: 297.726: [ParNew: 155638K->155638K(157248K), 0.0000280 secs] 504468K->504468K(506816K), 0.0000692 secs] [Times: user=0.00 sys=0.00, real=0.00 secs] 
2017-11-08T00:35:07.127+0300: 297.726: [Rescan (parallel) , 0.0055240 secs]2017-11-08T00:35:07.133+0300: 297.732: [weak refs processing, 0.0000838 secs]2017-11-08T00:35:07.133+0300: 297.732: [class unloading, 0.0011337 secs]2017-11-08T00:35:07.134+0300: 297.733: [scrub symbol table, 0.0012044 secs]2017-11-08T00:35:07.135+0300: 297.734: [scrub string table, 0.0002610 secs][1 CMS-remark: 348829K(349568K)] 504468K(506816K), 0.0085264 secs] [Times: user=0.00 sys=0.00, real=0.01 secs] 
2017-11-08T00:35:07.136+0300: 297.735: [CMS-concurrent-sweep-start]
2017-11-08T00:35:07.147+0300: 297.746: [CMS-concurrent-sweep: 0.011/0.011 secs] [Times: user=0.02 sys=0.00, real=0.01 secs] 
2017-11-08T00:35:07.147+0300: 297.746: [CMS-concurrent-reset-start]
2017-11-08T00:35:07.148+0300: 297.747: [CMS-concurrent-reset: 0.000/0.000 secs] [Times: user=0.00 sys=0.00, real=0.00 secs] 
2017-11-08T00:35:08.056+0300: 298.655: [GC (Allocation Failure) 2017-11-08T00:35:08.056+0300: 298.655: [ParNew: 157246K->157246K(157248K), 0.0000337 secs]2017-11-08T00:35:08.056+0300: 298.655: [CMS: 344526K->349565K(349568K), 0.1444140 secs] 501772K->501770K(506816K), [Metaspace: 8358K->8358K(1056768K)], 0.1445599 secs] [Times: user=0.16 sys=0.00, real=0.14 secs] 
2017-11-08T00:35:08.201+0300: 298.800: [GC (CMS Initial Mark) [1 CMS-initial-mark: 349565K(349568K)] 501867K(506816K), 0.0040295 secs] [Times: user=0.00 sys=0.00, real=0.00 secs] 
2017-11-08T00:35:08.205+0300: 298.804: [CMS-concurrent-mark-start]
2017-11-08T00:35:08.219+0300: 298.818: [CMS-concurrent-mark: 0.014/0.014 secs] [Times: user=0.01 sys=0.00, real=0.01 secs] 
2017-11-08T00:35:08.219+0300: 298.818: [CMS-concurrent-preclean-start]
2017-11-08T00:35:08.233+0300: 298.832: [CMS-concurrent-preclean: 0.014/0.014 secs] [Times: user=0.02 sys=0.00, real=0.01 secs] 
2017-11-08T00:35:08.233+0300: 298.832: [CMS-concurrent-abortable-preclean-start]
2017-11-08T00:35:08.233+0300: 298.832: [CMS-concurrent-abortable-preclean: 0.000/0.000 secs] [Times: user=0.00 sys=0.00, real=0.00 secs] 
2017-11-08T00:35:08.233+0300: 298.832: [GC (CMS Final Remark) [YG occupancy: 155638 K (157248 K)]2017-11-08T00:35:08.233+0300: 298.832: [GC (CMS Final Remark) 2017-11-08T00:35:08.233+0300: 298.832: [ParNew: 155638K->155638K(157248K), 0.0000181 secs] 505203K->505203K(506816K), 0.0000451 secs] [Times: user=0.00 sys=0.00, real=0.00 secs] 
2017-11-08T00:35:08.233+0300: 298.832: [Rescan (parallel) , 0.0040345 secs]2017-11-08T00:35:08.237+0300: 298.836: [weak refs processing, 0.0000568 secs]2017-11-08T00:35:08.237+0300: 298.836: [class unloading, 0.0008749 secs]2017-11-08T00:35:08.238+0300: 298.837: [scrub symbol table, 0.0008855 secs]2017-11-08T00:35:08.239+0300: 298.838: [scrub string table, 0.0001580 secs][1 CMS-remark: 349565K(349568K)] 505203K(506816K), 0.0062224 secs] [Times: user=0.00 sys=0.00, real=0.01 secs] 
2017-11-08T00:35:08.240+0300: 298.838: [CMS-concurrent-sweep-start]
2017-11-08T00:35:08.249+0300: 298.848: [CMS-concurrent-sweep: 0.010/0.010 secs] [Times: user=0.02 sys=0.00, real=0.01 secs] 
2017-11-08T00:35:08.249+0300: 298.848: [CMS-concurrent-reset-start]
2017-11-08T00:35:08.249+0300: 298.848: [CMS-concurrent-reset: 0.000/0.000 secs] [Times: user=0.00 sys=0.00, real=0.00 secs] 
2017-11-08T00:35:09.706+0300: 300.305: [GC (Allocation Failure) 2017-11-08T00:35:09.706+0300: 300.305: [ParNew: 157245K->157245K(157248K), 0.0000334 secs]2017-11-08T00:35:09.706+0300: 300.305: [CMS: 349565K->349565K(349568K), 0.1251961 secs] 506811K->504289K(506816K), [Metaspace: 8358K->8358K(1056768K)], 0.1253392 secs] [Times: user=0.12 sys=0.00, real=0.13 secs] 
2017-11-08T00:35:09.832+0300: 300.431: [GC (CMS Initial Mark) [1 CMS-initial-mark: 349565K(349568K)] 504296K(506816K), 0.0040675 secs] [Times: user=0.02 sys=0.00, real=0.00 secs] 
2017-11-08T00:35:09.836+0300: 300.435: [CMS-concurrent-mark-start]
2017-11-08T00:35:09.836+0300: 300.435: [Full GC (Allocation Failure) 2017-11-08T00:35:09.836+0300: 300.435: [CMS2017-11-08T00:35:09.850+0300: 300.449: [CMS-concurrent-mark: 0.014/0.014 secs] [Times: user=0.00 sys=0.00, real=0.01 secs] 
 (concurrent mode failure): 349565K->349565K(349568K), 0.0586477 secs] 506810K->506809K(506816K), [Metaspace: 8358K->8358K(1056768K)], 0.0587123 secs] [Times: user=0.05 sys=0.00, real=0.06 secs] 
2017-11-08T00:35:09.895+0300: 300.494: [Full GC (Allocation Failure) 2017-11-08T00:35:09.895+0300: 300.494: [CMS: 349565K->349565K(349568K), 0.0440129 secs] 506809K->506809K(506816K), [Metaspace: 8358K->8358K(1056768K)], 0.0440662 secs] [Times: user=0.05 sys=0.00, real=0.04 secs] 
2017-11-08T00:35:10.379+0300: 300.978: [Full GC (Allocation Failure) 2017-11-08T00:35:10.379+0300: 300.978: [CMS: 349565K->349565K(349568K), 0.0879375 secs] 506812K->506810K(506816K), [Metaspace: 8361K->8361K(1056768K)], 0.0880053 secs] [Times: user=0.09 sys=0.00, real=0.09 secs] 
2017-11-08T00:35:10.467+0300: 301.066: [Full GC (Allocation Failure) 2017-11-08T00:35:10.467+0300: 301.066: [CMS: 349565K->349565K(349568K), 0.0466638 secs] 506810K->506810K(506816K), [Metaspace: 8361K->8361K(1056768K)], 0.0467135 secs] [Times: user=0.05 sys=0.00, real=0.05 secs] 
2017-11-08T00:35:10.514+0300: 301.113: [GC (CMS Initial Mark) [1 CMS-initial-mark: 349565K(349568K)] 506810K(506816K), 0.0040913 secs] [Times: user=0.00 sys=0.00, real=0.00 secs] 
2017-11-08T00:35:10.518+0300: 301.117: [CMS-concurrent-mark-start]
2017-11-08T00:35:10.520+0300: 301.119: [Full GC (Allocation Failure) 2017-11-08T00:35:10.520+0300: 301.119: [CMS2017-11-08T00:35:10.533+0300: 301.132: [CMS-concurrent-mark: 0.015/0.015 secs] [Times: user=0.02 sys=0.00, real=0.02 secs] 
 (concurrent mode failure): 349567K->349564K(349568K), 0.1058952 secs] 506815K->506808K(506816K), [Metaspace: 8369K->8369K(1056768K)], 0.1059644 secs] [Times: user=0.11 sys=0.00, real=0.11 secs] 
Heap
 par new generation   total 157248K, used 157248K [0x00000000e0000000, 0x00000000eaaa0000, 0x00000000eaaa0000)
  eden space 139776K, 100% used [0x00000000e0000000, 0x00000000e8880000, 0x00000000e8880000)
  from space 17472K, 100% used [0x00000000e8880000, 0x00000000e9990000, 0x00000000e9990000)
  to   space 17472K,   0% used [0x00000000e9990000, 0x00000000e9990000, 0x00000000eaaa0000)
 concurrent mark-sweep generation total 349568K, used 349564K [0x00000000eaaa0000, 0x0000000100000000, 0x0000000100000000)
 Metaspace       used 8376K, capacity 8530K, committed 8832K, reserved 1056768K
  class space    used 989K, capacity 1048K, committed 1152K, reserved 1048576K
