Java HotSpot(TM) 64-Bit Server VM (25.144-b01) for windows-amd64 JRE (1.8.0_144-b01), built on Jul 21 2017 21:57:33 by "java_re" with MS VC++ 10.0 (VS2010)
Memory: 4k page, physical 12280976k(5822184k free), swap 24560092k(16038772k free)
CommandLine flags: -XX:CMSInitiatingOccupancyFraction=70 -XX:+CMSParallelRemarkEnabled -XX:+CMSScavengeBeforeRemark -XX:GCLogFileSize=104857600 -XX:+HeapDumpOnOutOfMemoryError -XX:HeapDumpPath=dump -XX:InitialHeapSize=536870912 -XX:+ManagementServer -XX:MaxHeapSize=536870912 -XX:MaxMetaspaceSize=268435456 -XX:MaxNewSize=178958336 -XX:MaxTenuringThreshold=6 -XX:NewSize=178958336 -XX:NumberOfGCLogFiles=10 -XX:OldPLABSize=16 -XX:OldSize=357912576 -XX:+PrintGC -XX:+PrintGCDateStamps -XX:+PrintGCDetails -XX:+PrintGCTimeStamps -XX:+ScavengeBeforeFullGC -XX:+UseCMSInitiatingOccupancyOnly -XX:+UseCompressedClassPointers -XX:+UseCompressedOops -XX:+UseConcMarkSweepGC -XX:+UseGCLogFileRotation -XX:-UseLargePagesIndividualAllocation -XX:+UseParNewGC 
2017-11-07T23:47:13.725+0300: 38.486: [GC (Allocation Failure) 2017-11-07T23:47:13.725+0300: 38.486: [ParNew: 139776K->17472K(157248K), 0.0371401 secs] 139776K->54876K(506816K), 0.0374209 secs] [Times: user=0.13 sys=0.00, real=0.04 secs] 
2017-11-07T23:48:03.794+0300: 88.554: [GC (Allocation Failure) 2017-11-07T23:48:03.794+0300: 88.554: [ParNew: 157248K->17472K(157248K), 0.0738300 secs] 194652K->155322K(506816K), 0.0739350 secs] [Times: user=0.20 sys=0.08, real=0.07 secs] 
2017-11-07T23:48:55.885+0300: 140.645: [GC (Allocation Failure) 2017-11-07T23:48:55.885+0300: 140.645: [ParNew: 157248K->17472K(157248K), 0.0922731 secs] 295098K->281410K(506816K), 0.0923771 secs] [Times: user=0.28 sys=0.03, real=0.09 secs] 
2017-11-07T23:48:55.978+0300: 140.737: [GC (CMS Initial Mark) [1 CMS-initial-mark: 263938K(349568K)] 284616K(506816K), 0.0004154 secs] [Times: user=0.00 sys=0.00, real=0.00 secs] 
2017-11-07T23:48:55.978+0300: 140.738: [CMS-concurrent-mark-start]
2017-11-07T23:48:55.991+0300: 140.750: [CMS-concurrent-mark: 0.012/0.012 secs] [Times: user=0.03 sys=0.00, real=0.01 secs] 
2017-11-07T23:48:55.991+0300: 140.750: [CMS-concurrent-preclean-start]
2017-11-07T23:48:55.991+0300: 140.751: [CMS-concurrent-preclean: 0.001/0.001 secs] [Times: user=0.00 sys=0.00, real=0.00 secs] 
2017-11-07T23:48:55.991+0300: 140.751: [CMS-concurrent-abortable-preclean-start]
 CMS: abort preclean due to time 2017-11-07T23:49:01.011+0300: 145.770: [CMS-concurrent-abortable-preclean: 0.335/5.019 secs] [Times: user=0.34 sys=0.00, real=5.02 secs] 
2017-11-07T23:49:01.011+0300: 145.770: [GC (CMS Final Remark) [YG occupancy: 35283 K (157248 K)]2017-11-07T23:49:01.012+0300: 145.770: [GC (CMS Final Remark) 2017-11-07T23:49:01.012+0300: 145.770: [ParNew: 35283K->17472K(157248K), 0.0291090 secs] 299221K->302890K(506816K), 0.0291875 secs] [Times: user=0.06 sys=0.02, real=0.03 secs] 
2017-11-07T23:49:01.041+0300: 145.799: [Rescan (parallel) , 0.0012945 secs]2017-11-07T23:49:01.042+0300: 145.801: [weak refs processing, 0.0000969 secs]2017-11-07T23:49:01.042+0300: 145.801: [class unloading, 0.0032839 secs]2017-11-07T23:49:01.046+0300: 145.804: [scrub symbol table, 0.0014557 secs]2017-11-07T23:49:01.047+0300: 145.806: [scrub string table, 0.0003927 secs][1 CMS-remark: 285418K(349568K)] 302890K(506816K), 0.0364119 secs] [Times: user=0.06 sys=0.02, real=0.04 secs] 
2017-11-07T23:49:01.048+0300: 145.807: [CMS-concurrent-sweep-start]
2017-11-07T23:49:01.062+0300: 145.820: [CMS-concurrent-sweep: 0.013/0.013 secs] [Times: user=0.02 sys=0.00, real=0.01 secs] 
2017-11-07T23:49:01.062+0300: 145.820: [CMS-concurrent-reset-start]
2017-11-07T23:49:01.062+0300: 145.821: [CMS-concurrent-reset: 0.000/0.000 secs] [Times: user=0.00 sys=0.00, real=0.00 secs] 
2017-11-07T23:49:53.932+0300: 198.690: [GC (Allocation Failure) 2017-11-07T23:49:53.932+0300: 198.690: [ParNew: 157248K->17472K(157248K), 0.0722336 secs] 339559K->322681K(506816K), 0.0723327 secs] [Times: user=0.25 sys=0.05, real=0.07 secs] 
2017-11-07T23:49:54.005+0300: 198.763: [GC (CMS Initial Mark) [1 CMS-initial-mark: 305209K(349568K)] 325729K(506816K), 0.0005383 secs] [Times: user=0.00 sys=0.00, real=0.00 secs] 
2017-11-07T23:49:54.005+0300: 198.763: [CMS-concurrent-mark-start]
2017-11-07T23:49:54.022+0300: 198.780: [CMS-concurrent-mark: 0.016/0.016 secs] [Times: user=0.01 sys=0.00, real=0.02 secs] 
2017-11-07T23:49:54.022+0300: 198.780: [CMS-concurrent-preclean-start]
2017-11-07T23:49:54.023+0300: 198.781: [CMS-concurrent-preclean: 0.001/0.001 secs] [Times: user=0.00 sys=0.00, real=0.00 secs] 
2017-11-07T23:49:54.023+0300: 198.781: [CMS-concurrent-abortable-preclean-start]
 CMS: abort preclean due to time 2017-11-07T23:49:59.049+0300: 203.807: [CMS-concurrent-abortable-preclean: 0.331/5.027 secs] [Times: user=0.33 sys=0.00, real=5.03 secs] 
2017-11-07T23:49:59.049+0300: 203.808: [GC (CMS Final Remark) [YG occupancy: 34288 K (157248 K)]2017-11-07T23:49:59.050+0300: 203.808: [GC (CMS Final Remark) 2017-11-07T23:49:59.050+0300: 203.808: [ParNew: 34288K->17472K(157248K), 0.0283414 secs] 339498K->348792K(506816K), 0.0284074 secs] [Times: user=0.03 sys=0.03, real=0.03 secs] 
2017-11-07T23:49:59.078+0300: 203.836: [Rescan (parallel) , 0.0010403 secs]2017-11-07T23:49:59.079+0300: 203.837: [weak refs processing, 0.0000628 secs]2017-11-07T23:49:59.079+0300: 203.837: [class unloading, 0.0018672 secs]2017-11-07T23:49:59.081+0300: 203.839: [scrub symbol table, 0.0009480 secs]2017-11-07T23:49:59.082+0300: 203.840: [scrub string table, 0.0002411 secs][1 CMS-remark: 331320K(349568K)] 348792K(506816K), 0.0327903 secs] [Times: user=0.03 sys=0.03, real=0.03 secs] 
2017-11-07T23:49:59.082+0300: 203.841: [CMS-concurrent-sweep-start]
2017-11-07T23:49:59.095+0300: 203.853: [CMS-concurrent-sweep: 0.013/0.013 secs] [Times: user=0.02 sys=0.00, real=0.01 secs] 
2017-11-07T23:49:59.095+0300: 203.854: [CMS-concurrent-reset-start]
2017-11-07T23:49:59.096+0300: 203.854: [CMS-concurrent-reset: 0.000/0.000 secs] [Times: user=0.00 sys=0.00, real=0.00 secs] 
2017-11-07T23:50:01.096+0300: 205.854: [GC (CMS Initial Mark) [1 CMS-initial-mark: 258148K(349568K)] 281636K(506816K), 0.0008379 secs] [Times: user=0.00 sys=0.02, real=0.00 secs] 
2017-11-07T23:50:01.097+0300: 205.855: [CMS-concurrent-mark-start]
2017-11-07T23:50:01.115+0300: 205.873: [CMS-concurrent-mark: 0.018/0.018 secs] [Times: user=0.01 sys=0.00, real=0.02 secs] 
2017-11-07T23:50:01.115+0300: 205.873: [CMS-concurrent-preclean-start]
2017-11-07T23:50:01.116+0300: 205.874: [CMS-concurrent-preclean: 0.001/0.001 secs] [Times: user=0.00 sys=0.00, real=0.00 secs] 
2017-11-07T23:50:01.116+0300: 205.874: [CMS-concurrent-abortable-preclean-start]
 CMS: abort preclean due to time 2017-11-07T23:50:06.147+0300: 210.906: [CMS-concurrent-abortable-preclean: 0.155/5.032 secs] [Times: user=0.17 sys=0.00, real=5.03 secs] 
2017-11-07T23:50:06.147+0300: 210.906: [GC (CMS Final Remark) [YG occupancy: 39454 K (157248 K)]2017-11-07T23:50:06.148+0300: 210.906: [GC (CMS Final Remark) 2017-11-07T23:50:06.148+0300: 210.906: [ParNew: 39454K->17472K(157248K), 0.0067951 secs] 297602K->285928K(506816K), 0.0068523 secs] [Times: user=0.05 sys=0.00, real=0.01 secs] 
2017-11-07T23:50:06.154+0300: 210.913: [Rescan (parallel) , 0.0007243 secs]2017-11-07T23:50:06.155+0300: 210.914: [weak refs processing, 0.0000600 secs]2017-11-07T23:50:06.155+0300: 210.914: [class unloading, 0.0020899 secs]2017-11-07T23:50:06.157+0300: 210.916: [scrub symbol table, 0.0009711 secs]2017-11-07T23:50:06.158+0300: 210.917: [scrub string table, 0.0002482 secs][1 CMS-remark: 268456K(349568K)] 285928K(506816K), 0.0111321 secs] [Times: user=0.05 sys=0.00, real=0.01 secs] 
2017-11-07T23:50:06.159+0300: 210.917: [CMS-concurrent-sweep-start]
2017-11-07T23:50:06.169+0300: 210.927: [CMS-concurrent-sweep: 0.010/0.010 secs] [Times: user=0.02 sys=0.00, real=0.01 secs] 
2017-11-07T23:50:06.169+0300: 210.927: [CMS-concurrent-reset-start]
2017-11-07T23:50:06.169+0300: 210.928: [CMS-concurrent-reset: 0.000/0.000 secs] [Times: user=0.00 sys=0.00, real=0.00 secs] 
2017-11-07T23:50:08.169+0300: 212.927: [GC (CMS Initial Mark) [1 CMS-initial-mark: 260803K(349568K)] 284290K(506816K), 0.0010304 secs] [Times: user=0.00 sys=0.00, real=0.00 secs] 
2017-11-07T23:50:08.170+0300: 212.928: [CMS-concurrent-mark-start]
2017-11-07T23:50:08.188+0300: 212.947: [CMS-concurrent-mark: 0.018/0.018 secs] [Times: user=0.02 sys=0.00, real=0.02 secs] 
2017-11-07T23:50:08.188+0300: 212.947: [CMS-concurrent-preclean-start]
2017-11-07T23:50:08.189+0300: 212.948: [CMS-concurrent-preclean: 0.001/0.001 secs] [Times: user=0.00 sys=0.00, real=0.00 secs] 
2017-11-07T23:50:08.190+0300: 212.948: [CMS-concurrent-abortable-preclean-start]
 CMS: abort preclean due to time 2017-11-07T23:50:13.267+0300: 218.025: [CMS-concurrent-abortable-preclean: 0.276/5.077 secs] [Times: user=0.27 sys=0.00, real=5.08 secs] 
2017-11-07T23:50:13.267+0300: 218.025: [GC (CMS Final Remark) [YG occupancy: 34288 K (157248 K)]2017-11-07T23:50:13.267+0300: 218.025: [GC (CMS Final Remark) 2017-11-07T23:50:13.267+0300: 218.025: [ParNew: 34288K->17472K(157248K), 0.0086197 secs] 295091K->295123K(506816K), 0.0087021 secs] [Times: user=0.00 sys=0.00, real=0.01 secs] 
2017-11-07T23:50:13.276+0300: 218.034: [Rescan (parallel) , 0.0011933 secs]2017-11-07T23:50:13.277+0300: 218.035: [weak refs processing, 0.0000838 secs]2017-11-07T23:50:13.277+0300: 218.035: [class unloading, 0.0023057 secs]2017-11-07T23:50:13.280+0300: 218.038: [scrub symbol table, 0.0013347 secs]2017-11-07T23:50:13.281+0300: 218.039: [scrub string table, 0.0003717 secs][1 CMS-remark: 277651K(349568K)] 295123K(506816K), 0.0142591 secs] [Times: user=0.02 sys=0.00, real=0.01 secs] 
2017-11-07T23:50:13.282+0300: 218.040: [CMS-concurrent-sweep-start]
2017-11-07T23:50:13.293+0300: 218.051: [CMS-concurrent-sweep: 0.012/0.012 secs] [Times: user=0.00 sys=0.00, real=0.01 secs] 
2017-11-07T23:50:13.293+0300: 218.051: [CMS-concurrent-reset-start]
2017-11-07T23:50:13.294+0300: 218.052: [CMS-concurrent-reset: 0.000/0.000 secs] [Times: user=0.00 sys=0.00, real=0.00 secs] 
2017-11-07T23:50:15.294+0300: 220.052: [GC (CMS Initial Mark) [1 CMS-initial-mark: 267573K(349568K)] 291061K(506816K), 0.0011809 secs] [Times: user=0.00 sys=0.00, real=0.00 secs] 
2017-11-07T23:50:15.295+0300: 220.053: [CMS-concurrent-mark-start]
2017-11-07T23:50:15.312+0300: 220.070: [CMS-concurrent-mark: 0.017/0.017 secs] [Times: user=0.02 sys=0.00, real=0.02 secs] 
2017-11-07T23:50:15.312+0300: 220.070: [CMS-concurrent-preclean-start]
2017-11-07T23:50:15.314+0300: 220.072: [CMS-concurrent-preclean: 0.001/0.001 secs] [Times: user=0.00 sys=0.00, real=0.00 secs] 
2017-11-07T23:50:15.314+0300: 220.072: [CMS-concurrent-abortable-preclean-start]
 CMS: abort preclean due to time 2017-11-07T23:50:20.376+0300: 225.135: [CMS-concurrent-abortable-preclean: 0.247/5.063 secs] [Times: user=0.58 sys=0.03, real=5.06 secs] 
2017-11-07T23:50:20.377+0300: 225.135: [GC (CMS Final Remark) [YG occupancy: 39454 K (157248 K)]2017-11-07T23:50:20.377+0300: 225.135: [GC (CMS Final Remark) 2017-11-07T23:50:20.377+0300: 225.135: [ParNew: 39454K->17472K(157248K), 0.0101316 secs] 307027K->305048K(506816K), 0.0102143 secs] [Times: user=0.06 sys=0.00, real=0.01 secs] 
2017-11-07T23:50:20.387+0300: 225.145: [Rescan (parallel) , 0.0012313 secs]2017-11-07T23:50:20.388+0300: 225.146: [weak refs processing, 0.0000834 secs]2017-11-07T23:50:20.388+0300: 225.147: [class unloading, 0.0033194 secs]2017-11-07T23:50:20.392+0300: 225.150: [scrub symbol table, 0.0014454 secs]2017-11-07T23:50:20.393+0300: 225.151: [scrub string table, 0.0003764 secs][1 CMS-remark: 287576K(349568K)] 305048K(506816K), 0.0169398 secs] [Times: user=0.08 sys=0.00, real=0.02 secs] 
2017-11-07T23:50:20.394+0300: 225.152: [CMS-concurrent-sweep-start]
2017-11-07T23:50:20.405+0300: 225.163: [CMS-concurrent-sweep: 0.011/0.011 secs] [Times: user=0.00 sys=0.00, real=0.01 secs] 
2017-11-07T23:50:20.405+0300: 225.163: [CMS-concurrent-reset-start]
2017-11-07T23:50:20.405+0300: 225.163: [CMS-concurrent-reset: 0.000/0.000 secs] [Times: user=0.00 sys=0.00, real=0.00 secs] 
2017-11-07T23:50:22.405+0300: 227.163: [GC (CMS Initial Mark) [1 CMS-initial-mark: 279995K(349568K)] 303483K(506816K), 0.0009150 secs] [Times: user=0.00 sys=0.00, real=0.00 secs] 
2017-11-07T23:50:22.406+0300: 227.164: [CMS-concurrent-mark-start]
2017-11-07T23:50:22.424+0300: 227.182: [CMS-concurrent-mark: 0.018/0.018 secs] [Times: user=0.03 sys=0.00, real=0.02 secs] 
2017-11-07T23:50:22.424+0300: 227.182: [CMS-concurrent-preclean-start]
2017-11-07T23:50:22.425+0300: 227.184: [CMS-concurrent-preclean: 0.001/0.001 secs] [Times: user=0.00 sys=0.00, real=0.00 secs] 
2017-11-07T23:50:22.425+0300: 227.184: [CMS-concurrent-abortable-preclean-start]
 CMS: abort preclean due to time 2017-11-07T23:50:27.485+0300: 232.244: [CMS-concurrent-abortable-preclean: 0.255/5.060 secs] [Times: user=0.25 sys=0.00, real=5.06 secs] 
2017-11-07T23:50:27.486+0300: 232.244: [GC (CMS Final Remark) [YG occupancy: 34288 K (157248 K)]2017-11-07T23:50:27.486+0300: 232.244: [GC (CMS Final Remark) 2017-11-07T23:50:27.486+0300: 232.244: [ParNew: 34288K->17472K(157248K), 0.0085626 secs] 314284K->314381K(506816K), 0.0086400 secs] [Times: user=0.06 sys=0.00, real=0.01 secs] 
2017-11-07T23:50:27.494+0300: 232.253: [Rescan (parallel) , 0.0012381 secs]2017-11-07T23:50:27.496+0300: 232.254: [weak refs processing, 0.0000838 secs]2017-11-07T23:50:27.496+0300: 232.254: [class unloading, 0.0028710 secs]2017-11-07T23:50:27.499+0300: 232.257: [scrub symbol table, 0.0013485 secs]2017-11-07T23:50:27.500+0300: 232.259: [scrub string table, 0.0003810 secs][1 CMS-remark: 296909K(349568K)] 314381K(506816K), 0.0148279 secs] [Times: user=0.06 sys=0.00, real=0.01 secs] 
2017-11-07T23:50:27.501+0300: 232.259: [CMS-concurrent-sweep-start]
2017-11-07T23:50:27.512+0300: 232.270: [CMS-concurrent-sweep: 0.011/0.011 secs] [Times: user=0.02 sys=0.00, real=0.01 secs] 
2017-11-07T23:50:27.512+0300: 232.270: [CMS-concurrent-reset-start]
2017-11-07T23:50:27.512+0300: 232.271: [CMS-concurrent-reset: 0.000/0.000 secs] [Times: user=0.00 sys=0.00, real=0.00 secs] 
2017-11-07T23:50:29.513+0300: 234.270: [GC (CMS Initial Mark) [1 CMS-initial-mark: 286818K(349568K)] 310306K(506816K), 0.0009320 secs] [Times: user=0.00 sys=0.00, real=0.00 secs] 
2017-11-07T23:50:29.514+0300: 234.271: [CMS-concurrent-mark-start]
2017-11-07T23:50:29.532+0300: 234.290: [CMS-concurrent-mark: 0.019/0.019 secs] [Times: user=0.02 sys=0.00, real=0.02 secs] 
2017-11-07T23:50:29.532+0300: 234.290: [CMS-concurrent-preclean-start]
2017-11-07T23:50:29.534+0300: 234.291: [CMS-concurrent-preclean: 0.001/0.001 secs] [Times: user=0.00 sys=0.00, real=0.00 secs] 
2017-11-07T23:50:29.534+0300: 234.291: [CMS-concurrent-abortable-preclean-start]
 CMS: abort preclean due to time 2017-11-07T23:50:34.595+0300: 239.353: [CMS-concurrent-abortable-preclean: 0.236/5.062 secs] [Times: user=0.23 sys=0.00, real=5.06 secs] 
2017-11-07T23:50:34.595+0300: 239.353: [GC (CMS Final Remark) [YG occupancy: 39454 K (157248 K)]2017-11-07T23:50:34.596+0300: 239.353: [GC (CMS Final Remark) 2017-11-07T23:50:34.596+0300: 239.353: [ParNew: 39454K->17472K(157248K), 0.0096128 secs] 326272K->321224K(506816K), 0.0096956 secs] [Times: user=0.00 sys=0.00, real=0.01 secs] 
2017-11-07T23:50:34.605+0300: 239.363: [Rescan (parallel) , 0.0011128 secs]2017-11-07T23:50:34.606+0300: 239.364: [weak refs processing, 0.0001303 secs]2017-11-07T23:50:34.607+0300: 239.364: [class unloading, 0.0029392 secs]2017-11-07T23:50:34.610+0300: 239.367: [scrub symbol table, 0.0014252 secs]2017-11-07T23:50:34.611+0300: 239.369: [scrub string table, 0.0004246 secs][1 CMS-remark: 303752K(349568K)] 321224K(506816K), 0.0160482 secs] [Times: user=0.06 sys=0.00, real=0.02 secs] 
2017-11-07T23:50:34.612+0300: 239.369: [CMS-concurrent-sweep-start]
2017-11-07T23:50:34.623+0300: 239.381: [CMS-concurrent-sweep: 0.012/0.012 secs] [Times: user=0.02 sys=0.00, real=0.01 secs] 
2017-11-07T23:50:34.623+0300: 239.381: [CMS-concurrent-reset-start]
2017-11-07T23:50:34.624+0300: 239.382: [CMS-concurrent-reset: 0.000/0.000 secs] [Times: user=0.00 sys=0.00, real=0.00 secs] 
2017-11-07T23:50:36.624+0300: 241.382: [GC (CMS Initial Mark) [1 CMS-initial-mark: 295835K(349568K)] 319323K(506816K), 0.0009814 secs] [Times: user=0.00 sys=0.00, real=0.00 secs] 
2017-11-07T23:50:36.625+0300: 241.383: [CMS-concurrent-mark-start]
2017-11-07T23:50:36.642+0300: 241.400: [CMS-concurrent-mark: 0.017/0.017 secs] [Times: user=0.02 sys=0.00, real=0.02 secs] 
2017-11-07T23:50:36.642+0300: 241.400: [CMS-concurrent-preclean-start]
2017-11-07T23:50:36.644+0300: 241.401: [CMS-concurrent-preclean: 0.002/0.002 secs] [Times: user=0.00 sys=0.00, real=0.00 secs] 
2017-11-07T23:50:36.644+0300: 241.402: [CMS-concurrent-abortable-preclean-start]
 CMS: abort preclean due to time 2017-11-07T23:50:41.704+0300: 246.463: [CMS-concurrent-abortable-preclean: 0.261/5.061 secs] [Times: user=0.20 sys=0.00, real=5.06 secs] 
2017-11-07T23:50:41.705+0300: 246.463: [GC (CMS Final Remark) [YG occupancy: 34288 K (157248 K)]2017-11-07T23:50:41.705+0300: 246.463: [GC (CMS Final Remark) 2017-11-07T23:50:41.705+0300: 246.463: [ParNew: 34288K->17472K(157248K), 0.0087376 secs] 330124K->331632K(506816K), 0.0087983 secs] [Times: user=0.00 sys=0.00, real=0.01 secs] 
2017-11-07T23:50:41.714+0300: 246.472: [Rescan (parallel) , 0.0007847 secs]2017-11-07T23:50:41.714+0300: 246.472: [weak refs processing, 0.0000611 secs]2017-11-07T23:50:41.714+0300: 246.472: [class unloading, 0.0023430 secs]2017-11-07T23:50:41.717+0300: 246.475: [scrub symbol table, 0.0010808 secs]2017-11-07T23:50:41.718+0300: 246.476: [scrub string table, 0.0002500 secs][1 CMS-remark: 314160K(349568K)] 331632K(506816K), 0.0135249 secs] [Times: user=0.00 sys=0.00, real=0.01 secs] 
2017-11-07T23:50:41.718+0300: 246.476: [CMS-concurrent-sweep-start]
2017-11-07T23:50:41.727+0300: 246.485: [CMS-concurrent-sweep: 0.009/0.009 secs] [Times: user=0.01 sys=0.00, real=0.01 secs] 
2017-11-07T23:50:41.727+0300: 246.486: [CMS-concurrent-reset-start]
2017-11-07T23:50:41.728+0300: 246.486: [CMS-concurrent-reset: 0.000/0.000 secs] [Times: user=0.00 sys=0.00, real=0.00 secs] 
2017-11-07T23:50:43.728+0300: 248.486: [GC (CMS Initial Mark) [1 CMS-initial-mark: 304069K(349568K)] 327557K(506816K), 0.0007946 secs] [Times: user=0.00 sys=0.00, real=0.00 secs] 
2017-11-07T23:50:43.728+0300: 248.487: [CMS-concurrent-mark-start]
2017-11-07T23:50:43.746+0300: 248.504: [CMS-concurrent-mark: 0.018/0.018 secs] [Times: user=0.02 sys=0.00, real=0.02 secs] 
2017-11-07T23:50:43.746+0300: 248.504: [CMS-concurrent-preclean-start]
2017-11-07T23:50:43.748+0300: 248.506: [CMS-concurrent-preclean: 0.001/0.001 secs] [Times: user=0.01 sys=0.00, real=0.00 secs] 
2017-11-07T23:50:43.748+0300: 248.506: [CMS-concurrent-abortable-preclean-start]
 CMS: abort preclean due to time 2017-11-07T23:50:48.814+0300: 253.572: [CMS-concurrent-abortable-preclean: 0.235/5.066 secs] [Times: user=0.30 sys=0.00, real=5.07 secs] 
2017-11-07T23:50:48.814+0300: 253.572: [GC (CMS Final Remark) [YG occupancy: 39837 K (157248 K)]2017-11-07T23:50:48.814+0300: 253.572: [GC (CMS Final Remark) 2017-11-07T23:50:48.814+0300: 253.572: [ParNew: 39837K->17472K(157248K), 0.0111836 secs] 343907K->338540K(506816K), 0.0112567 secs] [Times: user=0.06 sys=0.00, real=0.01 secs] 
2017-11-07T23:50:48.826+0300: 253.583: [Rescan (parallel) , 0.0013624 secs]2017-11-07T23:50:48.827+0300: 253.585: [weak refs processing, 0.0000841 secs]2017-11-07T23:50:48.827+0300: 253.585: [class unloading, 0.0029051 secs]2017-11-07T23:50:48.830+0300: 253.588: [scrub symbol table, 0.0013045 secs]2017-11-07T23:50:48.831+0300: 253.589: [scrub string table, 0.0003448 secs][1 CMS-remark: 321068K(349568K)] 338540K(506816K), 0.0175452 secs] [Times: user=0.06 sys=0.00, real=0.02 secs] 
2017-11-07T23:50:48.832+0300: 253.590: [CMS-concurrent-sweep-start]
2017-11-07T23:50:48.844+0300: 253.601: [CMS-concurrent-sweep: 0.012/0.012 secs] [Times: user=0.02 sys=0.00, real=0.01 secs] 
2017-11-07T23:50:48.844+0300: 253.601: [CMS-concurrent-reset-start]
2017-11-07T23:50:48.844+0300: 253.602: [CMS-concurrent-reset: 0.000/0.000 secs] [Times: user=0.00 sys=0.00, real=0.00 secs] 
2017-11-07T23:50:50.844+0300: 255.601: [GC (CMS Initial Mark) [1 CMS-initial-mark: 313496K(349568K)] 336984K(506816K), 0.0009945 secs] [Times: user=0.00 sys=0.00, real=0.00 secs] 
2017-11-07T23:50:50.845+0300: 255.602: [CMS-concurrent-mark-start]
2017-11-07T23:50:50.864+0300: 255.622: [CMS-concurrent-mark: 0.020/0.020 secs] [Times: user=0.03 sys=0.00, real=0.02 secs] 
2017-11-07T23:50:50.865+0300: 255.622: [CMS-concurrent-preclean-start]
2017-11-07T23:50:50.866+0300: 255.624: [CMS-concurrent-preclean: 0.001/0.001 secs] [Times: user=0.00 sys=0.00, real=0.00 secs] 
2017-11-07T23:50:50.866+0300: 255.624: [CMS-concurrent-abortable-preclean-start]
 CMS: abort preclean due to time 2017-11-07T23:50:55.933+0300: 260.691: [CMS-concurrent-abortable-preclean: 0.275/5.067 secs] [Times: user=0.28 sys=0.00, real=5.07 secs] 
2017-11-07T23:50:55.933+0300: 260.691: [GC (CMS Final Remark) [YG occupancy: 34288 K (157248 K)]2017-11-07T23:50:55.933+0300: 260.691: [GC (CMS Final Remark) 2017-11-07T23:50:55.933+0300: 260.691: [ParNew: 34288K->17472K(157248K), 0.0112621 secs] 347785K->349273K(506816K), 0.0113466 secs] [Times: user=0.00 sys=0.00, real=0.01 secs] 
2017-11-07T23:50:55.945+0300: 260.702: [Rescan (parallel) , 0.0010325 secs]2017-11-07T23:50:55.946+0300: 260.703: [weak refs processing, 0.0000817 secs]2017-11-07T23:50:55.946+0300: 260.703: [class unloading, 0.0028990 secs]2017-11-07T23:50:55.949+0300: 260.706: [scrub symbol table, 0.0013506 secs]2017-11-07T23:50:55.950+0300: 260.708: [scrub string table, 0.0003536 secs][1 CMS-remark: 331801K(349568K)] 349273K(506816K), 0.0173424 secs] [Times: user=0.01 sys=0.00, real=0.02 secs] 
2017-11-07T23:50:55.951+0300: 260.708: [CMS-concurrent-sweep-start]
2017-11-07T23:50:55.964+0300: 260.722: [CMS-concurrent-sweep: 0.014/0.014 secs] [Times: user=0.02 sys=0.00, real=0.01 secs] 
2017-11-07T23:50:55.964+0300: 260.722: [CMS-concurrent-reset-start]
2017-11-07T23:50:55.965+0300: 260.723: [CMS-concurrent-reset: 0.001/0.001 secs] [Times: user=0.00 sys=0.00, real=0.00 secs] 
2017-11-07T23:50:57.965+0300: 262.722: [GC (CMS Initial Mark) [1 CMS-initial-mark: 321711K(349568K)] 345198K(506816K), 0.0009842 secs] [Times: user=0.00 sys=0.00, real=0.00 secs] 
2017-11-07T23:50:57.966+0300: 262.724: [CMS-concurrent-mark-start]
2017-11-07T23:50:57.985+0300: 262.743: [CMS-concurrent-mark: 0.019/0.020 secs] [Times: user=0.01 sys=0.00, real=0.02 secs] 
2017-11-07T23:50:57.985+0300: 262.743: [CMS-concurrent-preclean-start]
2017-11-07T23:50:57.987+0300: 262.745: [CMS-concurrent-preclean: 0.001/0.001 secs] [Times: user=0.00 sys=0.00, real=0.00 secs] 
2017-11-07T23:50:57.987+0300: 262.745: [CMS-concurrent-abortable-preclean-start]
2017-11-07T23:50:58.091+0300: 262.848: [CMS-concurrent-abortable-preclean: 0.005/0.104 secs] [Times: user=0.02 sys=0.00, real=0.10 secs] 
2017-11-07T23:50:58.091+0300: 262.849: [GC (CMS Final Remark) [YG occupancy: 28652 K (157248 K)]2017-11-07T23:50:58.091+0300: 262.849: [GC (CMS Final Remark) 2017-11-07T23:50:58.091+0300: 262.849: [ParNew: 28652K->28652K(157248K), 0.0000288 secs] 350363K->350363K(506816K), 0.0000710 secs] [Times: user=0.00 sys=0.00, real=0.00 secs] 
2017-11-07T23:50:58.091+0300: 262.849: [Rescan (parallel) , 0.0014295 secs]2017-11-07T23:50:58.092+0300: 262.850: [weak refs processing, 0.0000930 secs]2017-11-07T23:50:58.093+0300: 262.850: [class unloading, 0.0028873 secs]2017-11-07T23:50:58.095+0300: 262.853: [scrub symbol table, 0.0013695 secs]2017-11-07T23:50:58.097+0300: 262.855: [scrub string table, 0.0003504 secs][1 CMS-remark: 321711K(349568K)] 350363K(506816K), 0.0064482 secs] [Times: user=0.00 sys=0.00, real=0.01 secs] 
2017-11-07T23:50:58.097+0300: 262.855: [CMS-concurrent-sweep-start]
2017-11-07T23:50:58.110+0300: 262.868: [CMS-concurrent-sweep: 0.012/0.012 secs] [Times: user=0.01 sys=0.00, real=0.01 secs] 
2017-11-07T23:50:58.110+0300: 262.868: [CMS-concurrent-reset-start]
2017-11-07T23:50:58.111+0300: 262.868: [CMS-concurrent-reset: 0.001/0.001 secs] [Times: user=0.00 sys=0.00, real=0.00 secs] 
2017-11-07T23:51:00.110+0300: 264.868: [GC (CMS Initial Mark) [1 CMS-initial-mark: 314139K(349568K)] 348808K(506816K), 0.0018836 secs] [Times: user=0.01 sys=0.00, real=0.00 secs] 
2017-11-07T23:51:00.112+0300: 264.870: [CMS-concurrent-mark-start]
2017-11-07T23:51:00.128+0300: 264.886: [CMS-concurrent-mark: 0.016/0.016 secs] [Times: user=0.02 sys=0.00, real=0.02 secs] 
2017-11-07T23:51:00.128+0300: 264.886: [CMS-concurrent-preclean-start]
2017-11-07T23:51:00.129+0300: 264.887: [CMS-concurrent-preclean: 0.001/0.001 secs] [Times: user=0.00 sys=0.00, real=0.00 secs] 
2017-11-07T23:51:00.129+0300: 264.887: [CMS-concurrent-abortable-preclean-start]
2017-11-07T23:51:02.092+0300: 266.850: [CMS-concurrent-abortable-preclean: 0.089/1.963 secs] [Times: user=0.05 sys=0.00, real=1.96 secs] 
2017-11-07T23:51:02.092+0300: 266.850: [GC (CMS Final Remark) [YG occupancy: 40217 K (157248 K)]2017-11-07T23:51:02.092+0300: 266.850: [GC (CMS Final Remark) 2017-11-07T23:51:02.092+0300: 266.850: [ParNew: 40217K->40217K(157248K), 0.0000284 secs] 354357K->354357K(506816K), 0.0000728 secs] [Times: user=0.00 sys=0.00, real=0.00 secs] 
2017-11-07T23:51:02.092+0300: 266.850: [Rescan (parallel) , 0.0026132 secs]2017-11-07T23:51:02.095+0300: 266.853: [weak refs processing, 0.0000870 secs]2017-11-07T23:51:02.095+0300: 266.853: [class unloading, 0.0022117 secs]2017-11-07T23:51:02.097+0300: 266.855: [scrub symbol table, 0.0014082 secs]2017-11-07T23:51:02.099+0300: 266.857: [scrub string table, 0.0003948 secs][1 CMS-remark: 314139K(349568K)] 354357K(506816K), 0.0070688 secs] [Times: user=0.06 sys=0.00, real=0.01 secs] 
2017-11-07T23:51:02.099+0300: 266.857: [CMS-concurrent-sweep-start]
2017-11-07T23:51:02.111+0300: 266.869: [CMS-concurrent-sweep: 0.012/0.012 secs] [Times: user=0.02 sys=0.00, real=0.01 secs] 
2017-11-07T23:51:02.111+0300: 266.869: [CMS-concurrent-reset-start]
2017-11-07T23:51:02.112+0300: 266.870: [CMS-concurrent-reset: 0.001/0.001 secs] [Times: user=0.00 sys=0.00, real=0.00 secs] 
2017-11-07T23:51:04.113+0300: 268.870: [GC (CMS Initial Mark) [1 CMS-initial-mark: 309100K(349568K)] 355333K(506816K), 0.0020796 secs] [Times: user=0.00 sys=0.00, real=0.00 secs] 
2017-11-07T23:51:04.115+0300: 268.872: [CMS-concurrent-mark-start]
2017-11-07T23:51:04.127+0300: 268.884: [CMS-concurrent-mark: 0.012/0.012 secs] [Times: user=0.02 sys=0.00, real=0.01 secs] 
2017-11-07T23:51:04.127+0300: 268.884: [CMS-concurrent-preclean-start]
2017-11-07T23:51:04.128+0300: 268.885: [CMS-concurrent-preclean: 0.001/0.001 secs] [Times: user=0.00 sys=0.00, real=0.00 secs] 
2017-11-07T23:51:04.128+0300: 268.885: [CMS-concurrent-abortable-preclean-start]
2017-11-07T23:51:04.128+0300: 268.885: [CMS-concurrent-abortable-preclean: 0.000/0.000 secs] [Times: user=0.00 sys=0.00, real=0.00 secs] 
2017-11-07T23:51:04.128+0300: 268.885: [GC (CMS Final Remark) [YG occupancy: 46233 K (157248 K)]2017-11-07T23:51:04.128+0300: 268.885: [GC (CMS Final Remark) 2017-11-07T23:51:04.128+0300: 268.885: [ParNew: 46233K->46233K(157248K), 0.0000181 secs] 355333K->355333K(506816K), 0.0000451 secs] [Times: user=0.00 sys=0.00, real=0.00 secs] 
2017-11-07T23:51:04.128+0300: 268.885: [Rescan (parallel) , 0.0020789 secs]2017-11-07T23:51:04.130+0300: 268.887: [weak refs processing, 0.0000568 secs]2017-11-07T23:51:04.130+0300: 268.887: [class unloading, 0.0015157 secs]2017-11-07T23:51:04.132+0300: 268.889: [scrub symbol table, 0.0009590 secs]2017-11-07T23:51:04.133+0300: 268.890: [scrub string table, 0.0002244 secs][1 CMS-remark: 309100K(349568K)] 355333K(506816K), 0.0050486 secs] [Times: user=0.00 sys=0.00, real=0.00 secs] 
2017-11-07T23:51:04.133+0300: 268.890: [CMS-concurrent-sweep-start]
2017-11-07T23:51:04.142+0300: 268.899: [CMS-concurrent-sweep: 0.009/0.009 secs] [Times: user=0.01 sys=0.00, real=0.01 secs] 
2017-11-07T23:51:04.142+0300: 268.899: [CMS-concurrent-reset-start]
2017-11-07T23:51:04.142+0300: 268.899: [CMS-concurrent-reset: 0.000/0.000 secs] [Times: user=0.00 sys=0.00, real=0.00 secs] 
2017-11-07T23:51:06.142+0300: 270.899: [GC (CMS Initial Mark) [1 CMS-initial-mark: 304061K(349568K)] 356310K(506816K), 0.0036493 secs] [Times: user=0.00 sys=0.00, real=0.00 secs] 
2017-11-07T23:51:06.145+0300: 270.903: [CMS-concurrent-mark-start]
2017-11-07T23:51:06.165+0300: 270.922: [CMS-concurrent-mark: 0.019/0.019 secs] [Times: user=0.02 sys=0.00, real=0.02 secs] 
2017-11-07T23:51:06.165+0300: 270.922: [CMS-concurrent-preclean-start]
2017-11-07T23:51:06.166+0300: 270.923: [CMS-concurrent-preclean: 0.001/0.001 secs] [Times: user=0.02 sys=0.00, real=0.00 secs] 
2017-11-07T23:51:06.166+0300: 270.923: [CMS-concurrent-abortable-preclean-start]
2017-11-07T23:51:06.166+0300: 270.923: [CMS-concurrent-abortable-preclean: 0.000/0.000 secs] [Times: user=0.00 sys=0.00, real=0.00 secs] 
2017-11-07T23:51:06.166+0300: 270.924: [GC (CMS Final Remark) [YG occupancy: 52248 K (157248 K)]2017-11-07T23:51:06.167+0300: 270.924: [GC (CMS Final Remark) 2017-11-07T23:51:06.167+0300: 270.924: [ParNew: 52248K->52248K(157248K), 0.0000277 secs] 356310K->356310K(506816K), 0.0000717 secs] [Times: user=0.00 sys=0.00, real=0.00 secs] 
2017-11-07T23:51:06.167+0300: 270.924: [Rescan (parallel) , 0.0038545 secs]2017-11-07T23:51:06.171+0300: 270.928: [weak refs processing, 0.0000866 secs]2017-11-07T23:51:06.171+0300: 270.928: [class unloading, 0.0022436 secs]2017-11-07T23:51:06.173+0300: 270.930: [scrub symbol table, 0.0013080 secs]2017-11-07T23:51:06.174+0300: 270.931: [scrub string table, 0.0003526 secs][1 CMS-remark: 304061K(349568K)] 356310K(506816K), 0.0081716 secs] [Times: user=0.00 sys=0.00, real=0.01 secs] 
2017-11-07T23:51:06.175+0300: 270.932: [CMS-concurrent-sweep-start]
2017-11-07T23:51:06.187+0300: 270.944: [CMS-concurrent-sweep: 0.012/0.012 secs] [Times: user=0.02 sys=0.00, real=0.01 secs] 
2017-11-07T23:51:06.187+0300: 270.944: [CMS-concurrent-reset-start]
2017-11-07T23:51:06.187+0300: 270.944: [CMS-concurrent-reset: 0.001/0.001 secs] [Times: user=0.00 sys=0.00, real=0.00 secs] 
2017-11-07T23:51:08.187+0300: 272.944: [GC (CMS Initial Mark) [1 CMS-initial-mark: 301542K(349568K)] 360190K(506816K), 0.0038456 secs] [Times: user=0.00 sys=0.00, real=0.00 secs] 
2017-11-07T23:51:08.191+0300: 272.948: [CMS-concurrent-mark-start]
2017-11-07T23:51:08.209+0300: 272.966: [CMS-concurrent-mark: 0.018/0.018 secs] [Times: user=0.03 sys=0.00, real=0.02 secs] 
2017-11-07T23:51:08.209+0300: 272.966: [CMS-concurrent-preclean-start]
2017-11-07T23:51:08.211+0300: 272.968: [CMS-concurrent-preclean: 0.001/0.001 secs] [Times: user=0.00 sys=0.00, real=0.00 secs] 
2017-11-07T23:51:08.211+0300: 272.968: [CMS-concurrent-abortable-preclean-start]
2017-11-07T23:51:08.211+0300: 272.968: [CMS-concurrent-abortable-preclean: 0.000/0.000 secs] [Times: user=0.00 sys=0.00, real=0.00 secs] 
2017-11-07T23:51:08.211+0300: 272.968: [GC (CMS Final Remark) [YG occupancy: 58647 K (157248 K)]2017-11-07T23:51:08.211+0300: 272.968: [GC (CMS Final Remark) 2017-11-07T23:51:08.211+0300: 272.968: [ParNew: 58647K->58647K(157248K), 0.0000288 secs] 360190K->360190K(506816K), 0.0000735 secs] [Times: user=0.00 sys=0.00, real=0.00 secs] 
2017-11-07T23:51:08.211+0300: 272.968: [Rescan (parallel) , 0.0043289 secs]2017-11-07T23:51:08.215+0300: 272.973: [weak refs processing, 0.0001104 secs]2017-11-07T23:51:08.215+0300: 272.973: [class unloading, 0.0025046 secs]2017-11-07T23:51:08.218+0300: 272.975: [scrub symbol table, 0.0013496 secs]2017-11-07T23:51:08.219+0300: 272.977: [scrub string table, 0.0003625 secs][1 CMS-remark: 301542K(349568K)] 360190K(506816K), 0.0090320 secs] [Times: user=0.00 sys=0.00, real=0.01 secs] 
2017-11-07T23:51:08.220+0300: 272.977: [CMS-concurrent-sweep-start]
2017-11-07T23:51:08.229+0300: 272.987: [CMS-concurrent-sweep: 0.009/0.009 secs] [Times: user=0.02 sys=0.00, real=0.01 secs] 
2017-11-07T23:51:08.229+0300: 272.987: [CMS-concurrent-reset-start]
2017-11-07T23:51:08.230+0300: 272.987: [CMS-concurrent-reset: 0.000/0.000 secs] [Times: user=0.00 sys=0.00, real=0.00 secs] 
2017-11-07T23:51:10.230+0300: 274.987: [GC (CMS Initial Mark) [1 CMS-initial-mark: 299022K(349568K)] 363685K(506816K), 0.0046722 secs] [Times: user=0.00 sys=0.00, real=0.00 secs] 
2017-11-07T23:51:10.234+0300: 274.992: [CMS-concurrent-mark-start]
2017-11-07T23:51:10.253+0300: 275.011: [CMS-concurrent-mark: 0.019/0.019 secs] [Times: user=0.03 sys=0.00, real=0.02 secs] 
2017-11-07T23:51:10.253+0300: 275.011: [CMS-concurrent-preclean-start]
2017-11-07T23:51:10.255+0300: 275.012: [CMS-concurrent-preclean: 0.001/0.001 secs] [Times: user=0.00 sys=0.00, real=0.00 secs] 
2017-11-07T23:51:10.255+0300: 275.012: [CMS-concurrent-abortable-preclean-start]
2017-11-07T23:51:10.255+0300: 275.012: [CMS-concurrent-abortable-preclean: 0.000/0.000 secs] [Times: user=0.00 sys=0.00, real=0.00 secs] 
2017-11-07T23:51:10.255+0300: 275.013: [GC (CMS Final Remark) [YG occupancy: 64663 K (157248 K)]2017-11-07T23:51:10.255+0300: 275.013: [GC (CMS Final Remark) 2017-11-07T23:51:10.255+0300: 275.013: [ParNew: 64663K->64663K(157248K), 0.0000284 secs] 363685K->363685K(506816K), 0.0000728 secs] [Times: user=0.00 sys=0.00, real=0.00 secs] 
2017-11-07T23:51:10.255+0300: 275.013: [Rescan (parallel) , 0.0048568 secs]2017-11-07T23:51:10.260+0300: 275.018: [weak refs processing, 0.0000863 secs]2017-11-07T23:51:10.260+0300: 275.018: [class unloading, 0.0022575 secs]2017-11-07T23:51:10.263+0300: 275.020: [scrub symbol table, 0.0010492 secs]2017-11-07T23:51:10.264+0300: 275.021: [scrub string table, 0.0002418 secs][1 CMS-remark: 299022K(349568K)] 363685K(506816K), 0.0088100 secs] [Times: user=0.00 sys=0.00, real=0.01 secs] 
2017-11-07T23:51:10.264+0300: 275.022: [CMS-concurrent-sweep-start]
2017-11-07T23:51:10.273+0300: 275.030: [CMS-concurrent-sweep: 0.009/0.009 secs] [Times: user=0.01 sys=0.00, real=0.01 secs] 
2017-11-07T23:51:10.273+0300: 275.030: [CMS-concurrent-reset-start]
2017-11-07T23:51:10.274+0300: 275.031: [CMS-concurrent-reset: 0.000/0.000 secs] [Times: user=0.00 sys=0.00, real=0.00 secs] 
2017-11-07T23:51:12.273+0300: 277.030: [GC (CMS Initial Mark) [1 CMS-initial-mark: 296503K(349568K)] 367181K(506816K), 0.0052399 secs] [Times: user=0.00 sys=0.00, real=0.01 secs] 
2017-11-07T23:51:12.278+0300: 277.035: [CMS-concurrent-mark-start]
2017-11-07T23:51:12.296+0300: 277.054: [CMS-concurrent-mark: 0.018/0.018 secs] [Times: user=0.03 sys=0.00, real=0.02 secs] 
2017-11-07T23:51:12.296+0300: 277.054: [CMS-concurrent-preclean-start]
2017-11-07T23:51:12.298+0300: 277.055: [CMS-concurrent-preclean: 0.001/0.001 secs] [Times: user=0.00 sys=0.00, real=0.00 secs] 
2017-11-07T23:51:12.298+0300: 277.055: [CMS-concurrent-abortable-preclean-start]
2017-11-07T23:51:12.298+0300: 277.055: [CMS-concurrent-abortable-preclean: 0.000/0.000 secs] [Times: user=0.00 sys=0.00, real=0.00 secs] 
2017-11-07T23:51:12.298+0300: 277.055: [GC (CMS Final Remark) [YG occupancy: 70678 K (157248 K)]2017-11-07T23:51:12.298+0300: 277.056: [GC (CMS Final Remark) 2017-11-07T23:51:12.298+0300: 277.056: [ParNew: 70678K->70678K(157248K), 0.0000288 secs] 367181K->367181K(506816K), 0.0000724 secs] [Times: user=0.00 sys=0.00, real=0.00 secs] 
2017-11-07T23:51:12.298+0300: 277.056: [Rescan (parallel) , 0.0045561 secs]2017-11-07T23:51:12.303+0300: 277.060: [weak refs processing, 0.0000557 secs]2017-11-07T23:51:12.303+0300: 277.060: [class unloading, 0.0015679 secs]2017-11-07T23:51:12.304+0300: 277.062: [scrub symbol table, 0.0009587 secs]2017-11-07T23:51:12.305+0300: 277.063: [scrub string table, 0.0002319 secs][1 CMS-remark: 296503K(349568K)] 367181K(506816K), 0.0076845 secs] [Times: user=0.00 sys=0.00, real=0.01 secs] 
2017-11-07T23:51:12.306+0300: 277.063: [CMS-concurrent-sweep-start]
2017-11-07T23:51:12.314+0300: 277.072: [CMS-concurrent-sweep: 0.008/0.008 secs] [Times: user=0.02 sys=0.00, real=0.01 secs] 
2017-11-07T23:51:12.314+0300: 277.072: [CMS-concurrent-reset-start]
2017-11-07T23:51:12.315+0300: 277.072: [CMS-concurrent-reset: 0.000/0.000 secs] [Times: user=0.00 sys=0.00, real=0.00 secs] 
2017-11-07T23:51:14.315+0300: 279.072: [GC (CMS Initial Mark) [1 CMS-initial-mark: 293983K(349568K)] 370677K(506816K), 0.0057676 secs] [Times: user=0.00 sys=0.00, real=0.00 secs] 
2017-11-07T23:51:14.321+0300: 279.078: [CMS-concurrent-mark-start]
2017-11-07T23:51:14.339+0300: 279.097: [CMS-concurrent-mark: 0.019/0.019 secs] [Times: user=0.02 sys=0.00, real=0.02 secs] 
2017-11-07T23:51:14.339+0300: 279.097: [CMS-concurrent-preclean-start]
2017-11-07T23:51:14.341+0300: 279.098: [CMS-concurrent-preclean: 0.001/0.001 secs] [Times: user=0.02 sys=0.00, real=0.00 secs] 
2017-11-07T23:51:14.341+0300: 279.098: [CMS-concurrent-abortable-preclean-start]
2017-11-07T23:51:14.341+0300: 279.098: [CMS-concurrent-abortable-preclean: 0.000/0.000 secs] [Times: user=0.00 sys=0.00, real=0.00 secs] 
2017-11-07T23:51:14.341+0300: 279.098: [GC (CMS Final Remark) [YG occupancy: 76693 K (157248 K)]2017-11-07T23:51:14.341+0300: 279.098: [GC (CMS Final Remark) 2017-11-07T23:51:14.341+0300: 279.099: [ParNew: 76693K->76693K(157248K), 0.0000284 secs] 370677K->370677K(506816K), 0.0000721 secs] [Times: user=0.00 sys=0.00, real=0.00 secs] 
2017-11-07T23:51:14.341+0300: 279.099: [Rescan (parallel) , 0.0042543 secs]2017-11-07T23:51:14.345+0300: 279.103: [weak refs processing, 0.0000586 secs]2017-11-07T23:51:14.345+0300: 279.103: [class unloading, 0.0014934 secs]2017-11-07T23:51:14.347+0300: 279.104: [scrub symbol table, 0.0009480 secs]2017-11-07T23:51:14.348+0300: 279.105: [scrub string table, 0.0002340 secs][1 CMS-remark: 293983K(349568K)] 370677K(506816K), 0.0072876 secs] [Times: user=0.00 sys=0.00, real=0.01 secs] 
2017-11-07T23:51:14.348+0300: 279.106: [CMS-concurrent-sweep-start]
2017-11-07T23:51:14.357+0300: 279.114: [CMS-concurrent-sweep: 0.008/0.008 secs] [Times: user=0.02 sys=0.00, real=0.01 secs] 
2017-11-07T23:51:14.357+0300: 279.114: [CMS-concurrent-reset-start]
2017-11-07T23:51:14.357+0300: 279.115: [CMS-concurrent-reset: 0.000/0.000 secs] [Times: user=0.00 sys=0.00, real=0.00 secs] 
2017-11-07T23:51:16.357+0300: 281.114: [GC (CMS Initial Mark) [1 CMS-initial-mark: 291464K(349568K)] 374173K(506816K), 0.0066115 secs] [Times: user=0.00 sys=0.00, real=0.01 secs] 
2017-11-07T23:51:16.363+0300: 281.121: [CMS-concurrent-mark-start]
2017-11-07T23:51:16.382+0300: 281.139: [CMS-concurrent-mark: 0.018/0.018 secs] [Times: user=0.01 sys=0.00, real=0.02 secs] 
2017-11-07T23:51:16.382+0300: 281.139: [CMS-concurrent-preclean-start]
2017-11-07T23:51:16.383+0300: 281.140: [CMS-concurrent-preclean: 0.001/0.001 secs] [Times: user=0.02 sys=0.00, real=0.00 secs] 
2017-11-07T23:51:16.383+0300: 281.140: [CMS-concurrent-abortable-preclean-start]
2017-11-07T23:51:16.383+0300: 281.140: [CMS-concurrent-abortable-preclean: 0.000/0.000 secs] [Times: user=0.00 sys=0.00, real=0.00 secs] 
2017-11-07T23:51:16.383+0300: 281.140: [GC (CMS Final Remark) [YG occupancy: 82709 K (157248 K)]2017-11-07T23:51:16.383+0300: 281.140: [GC (CMS Final Remark) 2017-11-07T23:51:16.383+0300: 281.140: [ParNew: 82709K->82709K(157248K), 0.0000181 secs] 374173K->374173K(506816K), 0.0000451 secs] [Times: user=0.00 sys=0.00, real=0.00 secs] 
2017-11-07T23:51:16.383+0300: 281.140: [Rescan (parallel) , 0.0046953 secs]2017-11-07T23:51:16.388+0300: 281.145: [weak refs processing, 0.0000593 secs]2017-11-07T23:51:16.388+0300: 281.145: [class unloading, 0.0015559 secs]2017-11-07T23:51:16.389+0300: 281.147: [scrub symbol table, 0.0009668 secs]2017-11-07T23:51:16.390+0300: 281.148: [scrub string table, 0.0002326 secs][1 CMS-remark: 291464K(349568K)] 374173K(506816K), 0.0077431 secs] [Times: user=0.00 sys=0.00, real=0.01 secs] 
2017-11-07T23:51:16.391+0300: 281.148: [CMS-concurrent-sweep-start]
2017-11-07T23:51:16.399+0300: 281.156: [CMS-concurrent-sweep: 0.008/0.008 secs] [Times: user=0.01 sys=0.00, real=0.01 secs] 
2017-11-07T23:51:16.399+0300: 281.156: [CMS-concurrent-reset-start]
2017-11-07T23:51:16.399+0300: 281.157: [CMS-concurrent-reset: 0.000/0.000 secs] [Times: user=0.00 sys=0.00, real=0.00 secs] 
2017-11-07T23:51:18.399+0300: 283.156: [GC (CMS Initial Mark) [1 CMS-initial-mark: 288944K(349568K)] 377669K(506816K), 0.0069755 secs] [Times: user=0.00 sys=0.00, real=0.01 secs] 
2017-11-07T23:51:18.406+0300: 283.163: [CMS-concurrent-mark-start]
2017-11-07T23:51:18.423+0300: 283.181: [CMS-concurrent-mark: 0.017/0.017 secs] [Times: user=0.02 sys=0.00, real=0.02 secs] 
2017-11-07T23:51:18.423+0300: 283.181: [CMS-concurrent-preclean-start]
2017-11-07T23:51:18.424+0300: 283.182: [CMS-concurrent-preclean: 0.001/0.001 secs] [Times: user=0.00 sys=0.00, real=0.00 secs] 
2017-11-07T23:51:18.424+0300: 283.182: [CMS-concurrent-abortable-preclean-start]
2017-11-07T23:51:18.424+0300: 283.182: [CMS-concurrent-abortable-preclean: 0.000/0.000 secs] [Times: user=0.00 sys=0.00, real=0.00 secs] 
2017-11-07T23:51:18.424+0300: 283.182: [GC (CMS Final Remark) [YG occupancy: 88724 K (157248 K)]2017-11-07T23:51:18.424+0300: 283.182: [GC (CMS Final Remark) 2017-11-07T23:51:18.424+0300: 283.182: [ParNew: 88724K->88724K(157248K), 0.0000178 secs] 377669K->377669K(506816K), 0.0000444 secs] [Times: user=0.00 sys=0.00, real=0.00 secs] 
2017-11-07T23:51:18.424+0300: 283.182: [Rescan (parallel) , 0.0046892 secs]2017-11-07T23:51:18.429+0300: 283.187: [weak refs processing, 0.0000579 secs]2017-11-07T23:51:18.429+0300: 283.187: [class unloading, 0.0014991 secs]2017-11-07T23:51:18.431+0300: 283.188: [scrub symbol table, 0.0009491 secs]2017-11-07T23:51:18.432+0300: 283.189: [scrub string table, 0.0002294 secs][1 CMS-remark: 288944K(349568K)] 377669K(506816K), 0.0076490 secs] [Times: user=0.06 sys=0.00, real=0.01 secs] 
2017-11-07T23:51:18.432+0300: 283.190: [CMS-concurrent-sweep-start]
2017-11-07T23:51:18.440+0300: 283.198: [CMS-concurrent-sweep: 0.008/0.008 secs] [Times: user=0.00 sys=0.00, real=0.01 secs] 
2017-11-07T23:51:18.440+0300: 283.198: [CMS-concurrent-reset-start]
2017-11-07T23:51:18.441+0300: 283.198: [CMS-concurrent-reset: 0.000/0.000 secs] [Times: user=0.00 sys=0.00, real=0.00 secs] 
2017-11-07T23:51:20.441+0300: 285.199: [GC (CMS Initial Mark) [1 CMS-initial-mark: 286425K(349568K)] 380953K(506816K), 0.0075531 secs] [Times: user=0.00 sys=0.00, real=0.01 secs] 
2017-11-07T23:51:20.448+0300: 285.206: [CMS-concurrent-mark-start]
2017-11-07T23:51:20.466+0300: 285.224: [CMS-concurrent-mark: 0.018/0.018 secs] [Times: user=0.02 sys=0.00, real=0.02 secs] 
2017-11-07T23:51:20.466+0300: 285.224: [CMS-concurrent-preclean-start]
2017-11-07T23:51:20.468+0300: 285.226: [CMS-concurrent-preclean: 0.001/0.001 secs] [Times: user=0.00 sys=0.00, real=0.00 secs] 
2017-11-07T23:51:20.468+0300: 285.226: [CMS-concurrent-abortable-preclean-start]
2017-11-07T23:51:20.468+0300: 285.226: [CMS-concurrent-abortable-preclean: 0.000/0.000 secs] [Times: user=0.00 sys=0.00, real=0.00 secs] 
2017-11-07T23:51:20.468+0300: 285.226: [GC (CMS Final Remark) [YG occupancy: 94527 K (157248 K)]2017-11-07T23:51:20.468+0300: 285.226: [GC (CMS Final Remark) 2017-11-07T23:51:20.468+0300: 285.226: [ParNew: 94527K->94527K(157248K), 0.0000288 secs] 380953K->380953K(506816K), 0.0000721 secs] [Times: user=0.00 sys=0.00, real=0.00 secs] 
2017-11-07T23:51:20.468+0300: 285.226: [Rescan (parallel) , 0.0078564 secs]2017-11-07T23:51:20.476+0300: 285.234: [weak refs processing, 0.0000877 secs]2017-11-07T23:51:20.476+0300: 285.234: [class unloading, 0.0023931 secs]2017-11-07T23:51:20.479+0300: 285.237: [scrub symbol table, 0.0013130 secs]2017-11-07T23:51:20.480+0300: 285.238: [scrub string table, 0.0003614 secs][1 CMS-remark: 286425K(349568K)] 380953K(506816K), 0.0123929 secs] [Times: user=0.06 sys=0.00, real=0.01 secs] 
2017-11-07T23:51:20.481+0300: 285.238: [CMS-concurrent-sweep-start]
2017-11-07T23:51:20.492+0300: 285.250: [CMS-concurrent-sweep: 0.011/0.011 secs] [Times: user=0.02 sys=0.00, real=0.01 secs] 
2017-11-07T23:51:20.492+0300: 285.250: [CMS-concurrent-reset-start]
2017-11-07T23:51:20.492+0300: 285.250: [CMS-concurrent-reset: 0.000/0.000 secs] [Times: user=0.00 sys=0.00, real=0.00 secs] 
2017-11-07T23:51:22.493+0300: 287.250: [GC (CMS Initial Mark) [1 CMS-initial-mark: 283905K(349568K)] 385072K(506816K), 0.0078883 secs] [Times: user=0.02 sys=0.00, real=0.01 secs] 
2017-11-07T23:51:22.501+0300: 287.258: [CMS-concurrent-mark-start]
2017-11-07T23:51:22.518+0300: 287.275: [CMS-concurrent-mark: 0.018/0.018 secs] [Times: user=0.02 sys=0.00, real=0.02 secs] 
2017-11-07T23:51:22.518+0300: 287.275: [CMS-concurrent-preclean-start]
2017-11-07T23:51:22.520+0300: 287.277: [CMS-concurrent-preclean: 0.001/0.001 secs] [Times: user=0.00 sys=0.00, real=0.00 secs] 
2017-11-07T23:51:22.520+0300: 287.277: [CMS-concurrent-abortable-preclean-start]
2017-11-07T23:51:22.520+0300: 287.277: [CMS-concurrent-abortable-preclean: 0.000/0.000 secs] [Times: user=0.00 sys=0.00, real=0.00 secs] 
2017-11-07T23:51:22.520+0300: 287.277: [GC (CMS Final Remark) [YG occupancy: 101166 K (157248 K)]2017-11-07T23:51:22.520+0300: 287.277: [GC (CMS Final Remark) 2017-11-07T23:51:22.520+0300: 287.277: [ParNew: 101166K->101166K(157248K), 0.0000288 secs] 385072K->385072K(506816K), 0.0000724 secs] [Times: user=0.00 sys=0.00, real=0.00 secs] 
2017-11-07T23:51:22.520+0300: 287.277: [Rescan (parallel) , 0.0083960 secs]2017-11-07T23:51:22.529+0300: 287.286: [weak refs processing, 0.0000927 secs]2017-11-07T23:51:22.529+0300: 287.286: [class unloading, 0.0022887 secs]2017-11-07T23:51:22.531+0300: 287.288: [scrub symbol table, 0.0013709 secs]2017-11-07T23:51:22.533+0300: 287.289: [scrub string table, 0.0002741 secs][1 CMS-remark: 283905K(349568K)] 385072K(506816K), 0.0127654 secs] [Times: user=0.02 sys=0.00, real=0.01 secs] 
2017-11-07T23:51:22.533+0300: 287.290: [CMS-concurrent-sweep-start]
2017-11-07T23:51:22.541+0300: 287.298: [CMS-concurrent-sweep: 0.008/0.008 secs] [Times: user=0.00 sys=0.00, real=0.01 secs] 
2017-11-07T23:51:22.541+0300: 287.298: [CMS-concurrent-reset-start]
2017-11-07T23:51:22.541+0300: 287.298: [CMS-concurrent-reset: 0.000/0.000 secs] [Times: user=0.00 sys=0.00, real=0.00 secs] 
2017-11-07T23:51:24.541+0300: 289.298: [GC (CMS Initial Mark) [1 CMS-initial-mark: 281386K(349568K)] 388125K(506816K), 0.0086907 secs] [Times: user=0.02 sys=0.00, real=0.01 secs] 
2017-11-07T23:51:24.550+0300: 289.307: [CMS-concurrent-mark-start]
2017-11-07T23:51:24.567+0300: 289.324: [CMS-concurrent-mark: 0.018/0.018 secs] [Times: user=0.01 sys=0.00, real=0.02 secs] 
2017-11-07T23:51:24.567+0300: 289.324: [CMS-concurrent-preclean-start]
2017-11-07T23:51:24.569+0300: 289.326: [CMS-concurrent-preclean: 0.001/0.001 secs] [Times: user=0.00 sys=0.00, real=0.00 secs] 
2017-11-07T23:51:24.569+0300: 289.326: [CMS-concurrent-abortable-preclean-start]
2017-11-07T23:51:24.569+0300: 289.326: [CMS-concurrent-abortable-preclean: 0.000/0.000 secs] [Times: user=0.00 sys=0.00, real=0.00 secs] 
2017-11-07T23:51:24.569+0300: 289.326: [GC (CMS Final Remark) [YG occupancy: 106739 K (157248 K)]2017-11-07T23:51:24.569+0300: 289.326: [GC (CMS Final Remark) 2017-11-07T23:51:24.569+0300: 289.326: [ParNew: 106739K->106739K(157248K), 0.0000288 secs] 388125K->388125K(506816K), 0.0000731 secs] [Times: user=0.00 sys=0.00, real=0.00 secs] 
2017-11-07T23:51:24.569+0300: 289.326: [Rescan (parallel) , 0.0069978 secs]2017-11-07T23:51:24.576+0300: 289.333: [weak refs processing, 0.0000618 secs]2017-11-07T23:51:24.576+0300: 289.334: [class unloading, 0.0014699 secs]2017-11-07T23:51:24.578+0300: 289.335: [scrub symbol table, 0.0010282 secs]2017-11-07T23:51:24.579+0300: 289.336: [scrub string table, 0.0002723 secs][1 CMS-remark: 281386K(349568K)] 388125K(506816K), 0.0101404 secs] [Times: user=0.05 sys=0.00, real=0.01 secs] 
2017-11-07T23:51:24.579+0300: 289.336: [CMS-concurrent-sweep-start]
2017-11-07T23:51:24.588+0300: 289.345: [CMS-concurrent-sweep: 0.008/0.008 secs] [Times: user=0.00 sys=0.00, real=0.01 secs] 
2017-11-07T23:51:24.588+0300: 289.345: [CMS-concurrent-reset-start]
2017-11-07T23:51:24.588+0300: 289.345: [CMS-concurrent-reset: 0.000/0.000 secs] [Times: user=0.00 sys=0.00, real=0.00 secs] 
2017-11-07T23:51:26.588+0300: 291.345: [GC (CMS Initial Mark) [1 CMS-initial-mark: 278866K(349568K)] 391469K(506816K), 0.0092631 secs] [Times: user=0.00 sys=0.00, real=0.01 secs] 
2017-11-07T23:51:26.597+0300: 291.354: [CMS-concurrent-mark-start]
2017-11-07T23:51:26.614+0300: 291.371: [CMS-concurrent-mark: 0.017/0.017 secs] [Times: user=0.02 sys=0.00, real=0.02 secs] 
2017-11-07T23:51:26.614+0300: 291.371: [CMS-concurrent-preclean-start]
2017-11-07T23:51:26.615+0300: 291.372: [CMS-concurrent-preclean: 0.001/0.001 secs] [Times: user=0.00 sys=0.00, real=0.00 secs] 
2017-11-07T23:51:26.615+0300: 291.372: [CMS-concurrent-abortable-preclean-start]
2017-11-07T23:51:26.615+0300: 291.372: [CMS-concurrent-abortable-preclean: 0.000/0.000 secs] [Times: user=0.00 sys=0.00, real=0.00 secs] 
2017-11-07T23:51:26.615+0300: 291.372: [GC (CMS Final Remark) [YG occupancy: 112603 K (157248 K)]2017-11-07T23:51:26.615+0300: 291.372: [GC (CMS Final Remark) 2017-11-07T23:51:26.615+0300: 291.372: [ParNew: 112603K->112603K(157248K), 0.0000178 secs] 391469K->391469K(506816K), 0.0000440 secs] [Times: user=0.00 sys=0.00, real=0.00 secs] 
2017-11-07T23:51:26.615+0300: 291.372: [Rescan (parallel) , 0.0060520 secs]2017-11-07T23:51:26.621+0300: 291.378: [weak refs processing, 0.0000636 secs]2017-11-07T23:51:26.621+0300: 291.379: [class unloading, 0.0014770 secs]2017-11-07T23:51:26.623+0300: 291.380: [scrub symbol table, 0.0009636 secs]2017-11-07T23:51:26.624+0300: 291.381: [scrub string table, 0.0002216 secs][1 CMS-remark: 278866K(349568K)] 391469K(506816K), 0.0090067 secs] [Times: user=0.06 sys=0.00, real=0.01 secs] 
2017-11-07T23:51:26.624+0300: 291.381: [CMS-concurrent-sweep-start]
2017-11-07T23:51:26.632+0300: 291.389: [CMS-concurrent-sweep: 0.008/0.008 secs] [Times: user=0.00 sys=0.00, real=0.01 secs] 
2017-11-07T23:51:26.632+0300: 291.390: [CMS-concurrent-reset-start]
2017-11-07T23:51:26.633+0300: 291.390: [CMS-concurrent-reset: 0.000/0.000 secs] [Times: user=0.02 sys=0.00, real=0.00 secs] 
2017-11-07T23:51:28.633+0300: 293.390: [GC (CMS Initial Mark) [1 CMS-initial-mark: 276346K(349568K)] 394740K(506816K), 0.0098887 secs] [Times: user=0.00 sys=0.00, real=0.01 secs] 
2017-11-07T23:51:28.643+0300: 293.400: [CMS-concurrent-mark-start]
2017-11-07T23:51:28.660+0300: 293.417: [CMS-concurrent-mark: 0.017/0.017 secs] [Times: user=0.02 sys=0.00, real=0.02 secs] 
2017-11-07T23:51:28.660+0300: 293.417: [CMS-concurrent-preclean-start]
2017-11-07T23:51:28.661+0300: 293.419: [CMS-concurrent-preclean: 0.001/0.001 secs] [Times: user=0.01 sys=0.00, real=0.00 secs] 
2017-11-07T23:51:28.661+0300: 293.419: [CMS-concurrent-abortable-preclean-start]
2017-11-07T23:51:28.661+0300: 293.419: [CMS-concurrent-abortable-preclean: 0.000/0.000 secs] [Times: user=0.00 sys=0.00, real=0.00 secs] 
2017-11-07T23:51:28.662+0300: 293.419: [GC (CMS Final Remark) [YG occupancy: 118394 K (157248 K)]2017-11-07T23:51:28.662+0300: 293.419: [GC (CMS Final Remark) 2017-11-07T23:51:28.662+0300: 293.419: [ParNew: 118394K->118394K(157248K), 0.0000305 secs] 394740K->394740K(506816K), 0.0000902 secs] [Times: user=0.00 sys=0.00, real=0.00 secs] 
2017-11-07T23:51:28.662+0300: 293.419: [Rescan (parallel) , 0.0102892 secs]2017-11-07T23:51:28.672+0300: 293.429: [weak refs processing, 0.0001417 secs]2017-11-07T23:51:28.672+0300: 293.430: [class unloading, 0.0023391 secs]2017-11-07T23:51:28.675+0300: 293.432: [scrub symbol table, 0.0013908 secs]2017-11-07T23:51:28.676+0300: 293.433: [scrub string table, 0.0003586 secs][1 CMS-remark: 276346K(349568K)] 394740K(506816K), 0.0149206 secs] [Times: user=0.02 sys=0.00, real=0.02 secs] 
2017-11-07T23:51:28.677+0300: 293.434: [CMS-concurrent-sweep-start]
2017-11-07T23:51:28.686+0300: 293.444: [CMS-concurrent-sweep: 0.010/0.010 secs] [Times: user=0.00 sys=0.00, real=0.01 secs] 
2017-11-07T23:51:28.686+0300: 293.444: [CMS-concurrent-reset-start]
2017-11-07T23:51:28.687+0300: 293.444: [CMS-concurrent-reset: 0.000/0.000 secs] [Times: user=0.00 sys=0.00, real=0.00 secs] 
2017-11-07T23:51:30.687+0300: 295.444: [GC (CMS Initial Mark) [1 CMS-initial-mark: 273827K(349568K)] 397748K(506816K), 0.0102423 secs] [Times: user=0.02 sys=0.02, real=0.01 secs] 
2017-11-07T23:51:30.697+0300: 295.454: [CMS-concurrent-mark-start]
2017-11-07T23:51:30.715+0300: 295.472: [CMS-concurrent-mark: 0.018/0.018 secs] [Times: user=0.01 sys=0.00, real=0.02 secs] 
2017-11-07T23:51:30.715+0300: 295.472: [CMS-concurrent-preclean-start]
2017-11-07T23:51:30.716+0300: 295.473: [CMS-concurrent-preclean: 0.001/0.001 secs] [Times: user=0.00 sys=0.00, real=0.00 secs] 
2017-11-07T23:51:30.716+0300: 295.473: [CMS-concurrent-abortable-preclean-start]
2017-11-07T23:51:30.716+0300: 295.473: [CMS-concurrent-abortable-preclean: 0.000/0.000 secs] [Times: user=0.00 sys=0.00, real=0.00 secs] 
2017-11-07T23:51:30.716+0300: 295.474: [GC (CMS Final Remark) [YG occupancy: 123921 K (157248 K)]2017-11-07T23:51:30.716+0300: 295.474: [GC (CMS Final Remark) 2017-11-07T23:51:30.717+0300: 295.474: [ParNew: 123921K->123921K(157248K), 0.0000295 secs] 397748K->397748K(506816K), 0.0000756 secs] [Times: user=0.00 sys=0.00, real=0.00 secs] 
2017-11-07T23:51:30.717+0300: 295.474: [Rescan (parallel) , 0.0087010 secs]2017-11-07T23:51:30.725+0300: 295.483: [weak refs processing, 0.0000579 secs]2017-11-07T23:51:30.725+0300: 295.483: [class unloading, 0.0017664 secs]2017-11-07T23:51:30.727+0300: 295.485: [scrub symbol table, 0.0009849 secs]2017-11-07T23:51:30.728+0300: 295.486: [scrub string table, 0.0002297 secs][1 CMS-remark: 273827K(349568K)] 397748K(506816K), 0.0120659 secs] [Times: user=0.05 sys=0.00, real=0.01 secs] 
2017-11-07T23:51:30.729+0300: 295.486: [CMS-concurrent-sweep-start]
2017-11-07T23:51:30.737+0300: 295.494: [CMS-concurrent-sweep: 0.008/0.008 secs] [Times: user=0.02 sys=0.00, real=0.01 secs] 
2017-11-07T23:51:30.737+0300: 295.494: [CMS-concurrent-reset-start]
2017-11-07T23:51:30.737+0300: 295.495: [CMS-concurrent-reset: 0.000/0.000 secs] [Times: user=0.00 sys=0.00, real=0.00 secs] 
2017-11-07T23:51:32.737+0300: 297.494: [GC (CMS Initial Mark) [1 CMS-initial-mark: 271307K(349568K)] 401080K(506816K), 0.0105743 secs] [Times: user=0.00 sys=0.00, real=0.01 secs] 
2017-11-07T23:51:32.747+0300: 297.505: [CMS-concurrent-mark-start]
2017-11-07T23:51:32.765+0300: 297.522: [CMS-concurrent-mark: 0.017/0.017 secs] [Times: user=0.03 sys=0.00, real=0.02 secs] 
2017-11-07T23:51:32.765+0300: 297.522: [CMS-concurrent-preclean-start]
2017-11-07T23:51:32.766+0300: 297.524: [CMS-concurrent-preclean: 0.001/0.001 secs] [Times: user=0.00 sys=0.00, real=0.00 secs] 
2017-11-07T23:51:32.766+0300: 297.524: [CMS-concurrent-abortable-preclean-start]
2017-11-07T23:51:32.766+0300: 297.524: [CMS-concurrent-abortable-preclean: 0.000/0.000 secs] [Times: user=0.00 sys=0.00, real=0.00 secs] 
2017-11-07T23:51:32.767+0300: 297.524: [GC (CMS Final Remark) [YG occupancy: 129772 K (157248 K)]2017-11-07T23:51:32.767+0300: 297.524: [GC (CMS Final Remark) 2017-11-07T23:51:32.767+0300: 297.524: [ParNew: 129772K->129772K(157248K), 0.0000288 secs] 401080K->401080K(506816K), 0.0000728 secs] [Times: user=0.00 sys=0.00, real=0.00 secs] 
2017-11-07T23:51:32.767+0300: 297.524: [Rescan (parallel) , 0.0113657 secs]2017-11-07T23:51:32.778+0300: 297.536: [weak refs processing, 0.0000873 secs]2017-11-07T23:51:32.778+0300: 297.536: [class unloading, 0.0022756 secs]2017-11-07T23:51:32.781+0300: 297.538: [scrub symbol table, 0.0014231 secs]2017-11-07T23:51:32.782+0300: 297.539: [scrub string table, 0.0003536 secs][1 CMS-remark: 271307K(349568K)] 401080K(506816K), 0.0158778 secs] [Times: user=0.01 sys=0.00, real=0.02 secs] 
2017-11-07T23:51:32.783+0300: 297.540: [CMS-concurrent-sweep-start]
2017-11-07T23:51:32.793+0300: 297.551: [CMS-concurrent-sweep: 0.011/0.011 secs] [Times: user=0.00 sys=0.00, real=0.01 secs] 
2017-11-07T23:51:32.793+0300: 297.551: [CMS-concurrent-reset-start]
2017-11-07T23:51:32.794+0300: 297.551: [CMS-concurrent-reset: 0.000/0.000 secs] [Times: user=0.02 sys=0.00, real=0.00 secs] 
2017-11-07T23:51:34.794+0300: 299.551: [GC (CMS Initial Mark) [1 CMS-initial-mark: 268788K(349568K)] 403964K(506816K), 0.0109500 secs] [Times: user=0.00 sys=0.00, real=0.01 secs] 
2017-11-07T23:51:34.805+0300: 299.562: [CMS-concurrent-mark-start]
2017-11-07T23:51:34.823+0300: 299.580: [CMS-concurrent-mark: 0.018/0.018 secs] [Times: user=0.03 sys=0.00, real=0.02 secs] 
2017-11-07T23:51:34.823+0300: 299.580: [CMS-concurrent-preclean-start]
2017-11-07T23:51:34.824+0300: 299.582: [CMS-concurrent-preclean: 0.001/0.001 secs] [Times: user=0.00 sys=0.00, real=0.00 secs] 
2017-11-07T23:51:34.824+0300: 299.582: [CMS-concurrent-abortable-preclean-start]
2017-11-07T23:51:34.824+0300: 299.582: [CMS-concurrent-abortable-preclean: 0.000/0.000 secs] [Times: user=0.00 sys=0.00, real=0.00 secs] 
2017-11-07T23:51:34.824+0300: 299.582: [GC (CMS Final Remark) [YG occupancy: 135175 K (157248 K)]2017-11-07T23:51:34.825+0300: 299.582: [GC (CMS Final Remark) 2017-11-07T23:51:34.825+0300: 299.582: [ParNew: 135175K->135175K(157248K), 0.0000295 secs] 403964K->403964K(506816K), 0.0000742 secs] [Times: user=0.00 sys=0.00, real=0.00 secs] 
2017-11-07T23:51:34.825+0300: 299.582: [Rescan (parallel) , 0.0102264 secs]2017-11-07T23:51:34.835+0300: 299.592: [weak refs processing, 0.0000572 secs]2017-11-07T23:51:34.835+0300: 299.592: [class unloading, 0.0014973 secs]2017-11-07T23:51:34.836+0300: 299.594: [scrub symbol table, 0.0009413 secs]2017-11-07T23:51:34.837+0300: 299.595: [scrub string table, 0.0003053 secs][1 CMS-remark: 268788K(349568K)] 403964K(506816K), 0.0133505 secs] [Times: user=0.02 sys=0.00, real=0.01 secs] 
2017-11-07T23:51:34.838+0300: 299.595: [CMS-concurrent-sweep-start]
2017-11-07T23:51:34.846+0300: 299.604: [CMS-concurrent-sweep: 0.008/0.008 secs] [Times: user=0.00 sys=0.00, real=0.01 secs] 
2017-11-07T23:51:34.846+0300: 299.604: [CMS-concurrent-reset-start]
2017-11-07T23:51:34.847+0300: 299.604: [CMS-concurrent-reset: 0.000/0.000 secs] [Times: user=0.00 sys=0.00, real=0.00 secs] 
2017-11-07T23:51:36.847+0300: 301.604: [GC (CMS Initial Mark) [1 CMS-initial-mark: 266268K(349568K)] 407020K(506816K), 0.0115198 secs] [Times: user=0.02 sys=0.00, real=0.01 secs] 
2017-11-07T23:51:36.858+0300: 301.616: [CMS-concurrent-mark-start]
2017-11-07T23:51:36.876+0300: 301.633: [CMS-concurrent-mark: 0.018/0.018 secs] [Times: user=0.01 sys=0.00, real=0.02 secs] 
2017-11-07T23:51:36.876+0300: 301.633: [CMS-concurrent-preclean-start]
2017-11-07T23:51:36.877+0300: 301.635: [CMS-concurrent-preclean: 0.001/0.001 secs] [Times: user=0.00 sys=0.00, real=0.00 secs] 
2017-11-07T23:51:36.877+0300: 301.635: [CMS-concurrent-abortable-preclean-start]
2017-11-07T23:51:36.877+0300: 301.635: [CMS-concurrent-abortable-preclean: 0.000/0.000 secs] [Times: user=0.00 sys=0.00, real=0.00 secs] 
2017-11-07T23:51:36.878+0300: 301.635: [GC (CMS Final Remark) [YG occupancy: 140751 K (157248 K)]2017-11-07T23:51:36.878+0300: 301.635: [GC (CMS Final Remark) 2017-11-07T23:51:36.878+0300: 301.635: [ParNew: 140751K->140751K(157248K), 0.0000288 secs] 407020K->407020K(506816K), 0.0000710 secs] [Times: user=0.00 sys=0.00, real=0.00 secs] 
2017-11-07T23:51:36.878+0300: 301.635: [Rescan (parallel) , 0.0127856 secs]2017-11-07T23:51:36.891+0300: 301.648: [weak refs processing, 0.0000902 secs]2017-11-07T23:51:36.891+0300: 301.648: [class unloading, 0.0022994 secs]2017-11-07T23:51:36.893+0300: 301.651: [scrub symbol table, 0.0013379 secs]2017-11-07T23:51:36.894+0300: 301.652: [scrub string table, 0.0003494 secs][1 CMS-remark: 266268K(349568K)] 407020K(506816K), 0.0172029 secs] [Times: user=0.06 sys=0.00, real=0.02 secs] 
2017-11-07T23:51:36.895+0300: 301.652: [CMS-concurrent-sweep-start]
2017-11-07T23:51:36.905+0300: 301.663: [CMS-concurrent-sweep: 0.010/0.010 secs] [Times: user=0.01 sys=0.00, real=0.01 secs] 
2017-11-07T23:51:36.905+0300: 301.663: [CMS-concurrent-reset-start]
2017-11-07T23:51:36.906+0300: 301.663: [CMS-concurrent-reset: 0.000/0.000 secs] [Times: user=0.00 sys=0.00, real=0.00 secs] 
2017-11-07T23:51:38.906+0300: 303.662: [GC (CMS Initial Mark) [1 CMS-initial-mark: 263749K(349568K)] 409842K(506816K), 0.0121206 secs] [Times: user=0.02 sys=0.00, real=0.01 secs] 
2017-11-07T23:51:38.918+0300: 303.675: [CMS-concurrent-mark-start]
2017-11-07T23:51:38.935+0300: 303.692: [CMS-concurrent-mark: 0.018/0.018 secs] [Times: user=0.01 sys=0.00, real=0.02 secs] 
2017-11-07T23:51:38.936+0300: 303.692: [CMS-concurrent-preclean-start]
2017-11-07T23:51:38.937+0300: 303.694: [CMS-concurrent-preclean: 0.001/0.001 secs] [Times: user=0.00 sys=0.00, real=0.00 secs] 
2017-11-07T23:51:38.937+0300: 303.694: [CMS-concurrent-abortable-preclean-start]
2017-11-07T23:51:38.937+0300: 303.694: [CMS-concurrent-abortable-preclean: 0.000/0.000 secs] [Times: user=0.00 sys=0.00, real=0.00 secs] 
2017-11-07T23:51:38.937+0300: 303.694: [GC (CMS Final Remark) [YG occupancy: 146093 K (157248 K)]2017-11-07T23:51:38.937+0300: 303.694: [GC (CMS Final Remark) 2017-11-07T23:51:38.937+0300: 303.694: [ParNew: 146093K->146093K(157248K), 0.0000334 secs] 409842K->409842K(506816K), 0.0000849 secs] [Times: user=0.00 sys=0.00, real=0.00 secs] 
2017-11-07T23:51:38.937+0300: 303.694: [Rescan (parallel) , 0.0104788 secs]2017-11-07T23:51:38.948+0300: 303.705: [weak refs processing, 0.0000604 secs]2017-11-07T23:51:38.948+0300: 303.705: [class unloading, 0.0015374 secs]2017-11-07T23:51:38.950+0300: 303.706: [scrub symbol table, 0.0009732 secs]2017-11-07T23:51:38.951+0300: 303.707: [scrub string table, 0.0002347 secs][1 CMS-remark: 263749K(349568K)] 409842K(506816K), 0.0136065 secs] [Times: user=0.06 sys=0.00, real=0.01 secs] 
2017-11-07T23:51:38.951+0300: 303.708: [CMS-concurrent-sweep-start]
2017-11-07T23:51:38.960+0300: 303.716: [CMS-concurrent-sweep: 0.008/0.008 secs] [Times: user=0.02 sys=0.00, real=0.01 secs] 
2017-11-07T23:51:38.960+0300: 303.716: [CMS-concurrent-reset-start]
2017-11-07T23:51:38.960+0300: 303.717: [CMS-concurrent-reset: 0.000/0.000 secs] [Times: user=0.00 sys=0.00, real=0.00 secs] 
2017-11-07T23:51:40.960+0300: 305.716: [GC (CMS Initial Mark) [1 CMS-initial-mark: 261229K(349568K)] 412702K(506816K), 0.0129969 secs] [Times: user=0.02 sys=0.00, real=0.01 secs] 
2017-11-07T23:51:40.973+0300: 305.729: [CMS-concurrent-mark-start]
2017-11-07T23:51:40.988+0300: 305.745: [CMS-concurrent-mark: 0.015/0.015 secs] [Times: user=0.01 sys=0.00, real=0.01 secs] 
2017-11-07T23:51:40.988+0300: 305.745: [CMS-concurrent-preclean-start]
2017-11-07T23:51:40.989+0300: 305.745: [CMS-concurrent-preclean: 0.001/0.001 secs] [Times: user=0.00 sys=0.00, real=0.00 secs] 
2017-11-07T23:51:40.989+0300: 305.745: [CMS-concurrent-abortable-preclean-start]
2017-11-07T23:51:40.989+0300: 305.745: [CMS-concurrent-abortable-preclean: 0.000/0.000 secs] [Times: user=0.00 sys=0.00, real=0.00 secs] 
2017-11-07T23:51:40.989+0300: 305.746: [GC (CMS Final Remark) [YG occupancy: 151472 K (157248 K)]2017-11-07T23:51:40.989+0300: 305.746: [GC (CMS Final Remark) 2017-11-07T23:51:40.989+0300: 305.746: [ParNew: 151472K->151472K(157248K), 0.0000174 secs] 412702K->412702K(506816K), 0.0000437 secs] [Times: user=0.00 sys=0.00, real=0.00 secs] 
2017-11-07T23:51:40.989+0300: 305.746: [Rescan (parallel) , 0.0088722 secs]2017-11-07T23:51:40.998+0300: 305.755: [weak refs processing, 0.0000579 secs]2017-11-07T23:51:40.998+0300: 305.755: [class unloading, 0.0016308 secs]2017-11-07T23:51:41.000+0300: 305.756: [scrub symbol table, 0.0009320 secs]2017-11-07T23:51:41.001+0300: 305.757: [scrub string table, 0.0002248 secs][1 CMS-remark: 261229K(349568K)] 412702K(506816K), 0.0119448 secs] [Times: user=0.02 sys=0.00, real=0.01 secs] 
2017-11-07T23:51:41.001+0300: 305.758: [CMS-concurrent-sweep-start]
2017-11-07T23:51:41.009+0300: 305.766: [CMS-concurrent-sweep: 0.008/0.008 secs] [Times: user=0.00 sys=0.00, real=0.01 secs] 
2017-11-07T23:51:41.009+0300: 305.766: [CMS-concurrent-reset-start]
2017-11-07T23:51:41.009+0300: 305.766: [CMS-concurrent-reset: 0.000/0.000 secs] [Times: user=0.00 sys=0.00, real=0.00 secs] 
2017-11-07T23:51:43.009+0300: 307.765: [GC (CMS Initial Mark) [1 CMS-initial-mark: 258710K(349568K)] 415593K(506816K), 0.0134450 secs] [Times: user=0.01 sys=0.00, real=0.01 secs] 
2017-11-07T23:51:43.022+0300: 307.779: [CMS-concurrent-mark-start]
2017-11-07T23:51:43.040+0300: 307.797: [CMS-concurrent-mark: 0.018/0.018 secs] [Times: user=0.02 sys=0.00, real=0.02 secs] 
2017-11-07T23:51:43.040+0300: 307.797: [CMS-concurrent-preclean-start]
2017-11-07T23:51:43.042+0300: 307.798: [CMS-concurrent-preclean: 0.002/0.002 secs] [Times: user=0.00 sys=0.00, real=0.00 secs] 
2017-11-07T23:51:43.042+0300: 307.798: [CMS-concurrent-abortable-preclean-start]
2017-11-07T23:51:43.042+0300: 307.798: [CMS-concurrent-abortable-preclean: 0.000/0.000 secs] [Times: user=0.00 sys=0.00, real=0.00 secs] 
2017-11-07T23:51:43.042+0300: 307.799: [GC (CMS Final Remark) [YG occupancy: 156976 K (157248 K)]2017-11-07T23:51:43.042+0300: 307.799: [GC (CMS Final Remark) 2017-11-07T23:51:43.042+0300: 307.799: [ParNew: 156976K->156976K(157248K), 0.0000373 secs] 415686K->415686K(506816K), 0.0001626 secs] [Times: user=0.00 sys=0.00, real=0.00 secs] 
2017-11-07T23:51:43.042+0300: 307.799: [Rescan (parallel) , 0.0132752 secs]2017-11-07T23:51:43.055+0300: 307.812: [weak refs processing, 0.0000781 secs]2017-11-07T23:51:43.055+0300: 307.812: [class unloading, 0.0017263 secs]2017-11-07T23:51:43.057+0300: 307.814: [scrub symbol table, 0.0009658 secs]2017-11-07T23:51:43.058+0300: 307.815: [scrub string table, 0.0002265 secs][1 CMS-remark: 258710K(349568K)] 415686K(506816K), 0.0166746 secs] [Times: user=0.06 sys=0.00, real=0.02 secs] 
2017-11-07T23:51:43.059+0300: 307.815: [CMS-concurrent-sweep-start]
2017-11-07T23:51:43.067+0300: 307.823: [CMS-concurrent-sweep: 0.008/0.008 secs] [Times: user=0.02 sys=0.00, real=0.01 secs] 
2017-11-07T23:51:43.067+0300: 307.823: [CMS-concurrent-reset-start]
2017-11-07T23:51:43.067+0300: 307.824: [CMS-concurrent-reset: 0.000/0.000 secs] [Times: user=0.00 sys=0.00, real=0.00 secs] 
2017-11-07T23:51:44.034+0300: 308.791: [GC (Allocation Failure) 2017-11-07T23:51:44.034+0300: 308.791: [ParNew: 157245K->157245K(157248K), 0.0000330 secs]2017-11-07T23:51:44.034+0300: 308.791: [CMS: 256190K->349567K(349568K), 0.1349361 secs] 413435K->389891K(506816K), [Metaspace: 9730K->9730K(1058816K)], 0.1350934 secs] [Times: user=0.14 sys=0.00, real=0.13 secs] 
2017-11-07T23:51:44.169+0300: 308.926: [GC (CMS Initial Mark) [1 CMS-initial-mark: 349567K(349568K)] 389990K(506816K), 0.0013467 secs] [Times: user=0.00 sys=0.00, real=0.00 secs] 
2017-11-07T23:51:44.170+0300: 308.927: [CMS-concurrent-mark-start]
2017-11-07T23:51:44.185+0300: 308.942: [CMS-concurrent-mark: 0.014/0.014 secs] [Times: user=0.02 sys=0.00, real=0.01 secs] 
2017-11-07T23:51:44.185+0300: 308.942: [CMS-concurrent-preclean-start]
2017-11-07T23:51:44.199+0300: 308.956: [CMS-concurrent-preclean: 0.014/0.014 secs] [Times: user=0.02 sys=0.00, real=0.01 secs] 
2017-11-07T23:51:44.199+0300: 308.956: [CMS-concurrent-abortable-preclean-start]
2017-11-07T23:51:44.199+0300: 308.956: [CMS-concurrent-abortable-preclean: 0.000/0.000 secs] [Times: user=0.00 sys=0.00, real=0.00 secs] 
2017-11-07T23:51:44.199+0300: 308.956: [GC (CMS Final Remark) [YG occupancy: 45336 K (157248 K)]2017-11-07T23:51:44.199+0300: 308.956: [GC (CMS Final Remark) 2017-11-07T23:51:44.199+0300: 308.956: [ParNew: 45336K->45336K(157248K), 0.0000185 secs] 394904K->394904K(506816K), 0.0000440 secs] [Times: user=0.00 sys=0.00, real=0.00 secs] 
2017-11-07T23:51:44.199+0300: 308.956: [Rescan (parallel) , 0.0014334 secs]2017-11-07T23:51:44.201+0300: 308.958: [weak refs processing, 0.0000692 secs]2017-11-07T23:51:44.201+0300: 308.958: [class unloading, 0.0014593 secs]2017-11-07T23:51:44.202+0300: 308.959: [scrub symbol table, 0.0010698 secs]2017-11-07T23:51:44.203+0300: 308.960: [scrub string table, 0.0002453 secs][1 CMS-remark: 349567K(349568K)] 394904K(506816K), 0.0044986 secs] [Times: user=0.00 sys=0.00, real=0.01 secs] 
2017-11-07T23:51:44.204+0300: 308.961: [CMS-concurrent-sweep-start]
2017-11-07T23:51:44.213+0300: 308.970: [CMS-concurrent-sweep: 0.009/0.009 secs] [Times: user=0.00 sys=0.00, real=0.01 secs] 
2017-11-07T23:51:44.213+0300: 308.970: [CMS-concurrent-reset-start]
2017-11-07T23:51:44.214+0300: 308.970: [CMS-concurrent-reset: 0.000/0.000 secs] [Times: user=0.01 sys=0.00, real=0.00 secs] 
2017-11-07T23:51:46.213+0300: 310.970: [GC (CMS Initial Mark) [1 CMS-initial-mark: 347047K(349568K)] 397731K(506816K), 0.0021545 secs] [Times: user=0.00 sys=0.00, real=0.00 secs] 
2017-11-07T23:51:46.215+0300: 310.972: [CMS-concurrent-mark-start]
2017-11-07T23:51:46.236+0300: 310.993: [CMS-concurrent-mark: 0.021/0.021 secs] [Times: user=0.02 sys=0.00, real=0.02 secs] 
2017-11-07T23:51:46.236+0300: 310.993: [CMS-concurrent-preclean-start]
2017-11-07T23:51:46.237+0300: 310.994: [CMS-concurrent-preclean: 0.001/0.001 secs] [Times: user=0.00 sys=0.00, real=0.00 secs] 
2017-11-07T23:51:46.237+0300: 310.994: [CMS-concurrent-abortable-preclean-start]
2017-11-07T23:51:46.237+0300: 310.994: [CMS-concurrent-abortable-preclean: 0.000/0.000 secs] [Times: user=0.00 sys=0.00, real=0.00 secs] 
2017-11-07T23:51:46.237+0300: 310.994: [GC (CMS Final Remark) [YG occupancy: 50683 K (157248 K)]2017-11-07T23:51:46.237+0300: 310.994: [GC (CMS Final Remark) 2017-11-07T23:51:46.237+0300: 310.994: [ParNew: 50683K->50683K(157248K), 0.0000195 secs] 397731K->397731K(506816K), 0.0000494 secs] [Times: user=0.00 sys=0.00, real=0.00 secs] 
2017-11-07T23:51:46.237+0300: 310.994: [Rescan (parallel) , 0.0019134 secs]2017-11-07T23:51:46.239+0300: 310.996: [weak refs processing, 0.0000572 secs]2017-11-07T23:51:46.239+0300: 310.996: [class unloading, 0.0015651 secs]2017-11-07T23:51:46.241+0300: 310.998: [scrub symbol table, 0.0009842 secs]2017-11-07T23:51:46.242+0300: 310.999: [scrub string table, 0.0002461 secs][1 CMS-remark: 347047K(349568K)] 397731K(506816K), 0.0049850 secs] [Times: user=0.01 sys=0.00, real=0.01 secs] 
2017-11-07T23:51:46.242+0300: 310.999: [CMS-concurrent-sweep-start]
2017-11-07T23:51:46.252+0300: 311.009: [CMS-concurrent-sweep: 0.010/0.010 secs] [Times: user=0.00 sys=0.00, real=0.01 secs] 
2017-11-07T23:51:46.252+0300: 311.009: [CMS-concurrent-reset-start]
2017-11-07T23:51:46.253+0300: 311.010: [CMS-concurrent-reset: 0.000/0.000 secs] [Times: user=0.00 sys=0.00, real=0.00 secs] 
2017-11-07T23:51:48.252+0300: 313.009: [GC (CMS Initial Mark) [1 CMS-initial-mark: 344528K(349568K)] 400545K(506816K), 0.0027016 secs] [Times: user=0.02 sys=0.00, real=0.00 secs] 
2017-11-07T23:51:48.254+0300: 313.012: [CMS-concurrent-mark-start]
2017-11-07T23:51:48.277+0300: 313.035: [CMS-concurrent-mark: 0.023/0.023 secs] [Times: user=0.02 sys=0.00, real=0.02 secs] 
2017-11-07T23:51:48.278+0300: 313.035: [CMS-concurrent-preclean-start]
2017-11-07T23:51:48.279+0300: 313.036: [CMS-concurrent-preclean: 0.001/0.001 secs] [Times: user=0.00 sys=0.00, real=0.00 secs] 
2017-11-07T23:51:48.279+0300: 313.036: [CMS-concurrent-abortable-preclean-start]
2017-11-07T23:51:48.279+0300: 313.036: [CMS-concurrent-abortable-preclean: 0.000/0.000 secs] [Times: user=0.00 sys=0.00, real=0.00 secs] 
2017-11-07T23:51:48.279+0300: 313.036: [GC (CMS Final Remark) [YG occupancy: 56016 K (157248 K)]2017-11-07T23:51:48.279+0300: 313.036: [GC (CMS Final Remark) 2017-11-07T23:51:48.279+0300: 313.036: [ParNew: 56016K->56016K(157248K), 0.0000284 secs] 400545K->400545K(506816K), 0.0000724 secs] [Times: user=0.00 sys=0.00, real=0.00 secs] 
2017-11-07T23:51:48.279+0300: 313.037: [Rescan (parallel) , 0.0031380 secs]2017-11-07T23:51:48.283+0300: 313.040: [weak refs processing, 0.0000824 secs]2017-11-07T23:51:48.283+0300: 313.040: [class unloading, 0.0022411 secs]2017-11-07T23:51:48.285+0300: 313.042: [scrub symbol table, 0.0014369 secs]2017-11-07T23:51:48.287+0300: 313.044: [scrub string table, 0.0003494 secs][1 CMS-remark: 344528K(349568K)] 400545K(506816K), 0.0076028 secs] [Times: user=0.02 sys=0.00, real=0.01 secs] 
2017-11-07T23:51:48.287+0300: 313.044: [CMS-concurrent-sweep-start]
2017-11-07T23:51:48.299+0300: 313.056: [CMS-concurrent-sweep: 0.012/0.012 secs] [Times: user=0.00 sys=0.00, real=0.01 secs] 
2017-11-07T23:51:48.299+0300: 313.056: [CMS-concurrent-reset-start]
2017-11-07T23:51:48.300+0300: 313.057: [CMS-concurrent-reset: 0.001/0.001 secs] [Times: user=0.00 sys=0.00, real=0.00 secs] 
2017-11-07T23:51:50.300+0300: 315.057: [GC (CMS Initial Mark) [1 CMS-initial-mark: 342008K(349568K)] 403358K(506816K), 0.0032509 secs] [Times: user=0.00 sys=0.00, real=0.00 secs] 
2017-11-07T23:51:50.303+0300: 315.060: [CMS-concurrent-mark-start]
2017-11-07T23:51:50.326+0300: 315.083: [CMS-concurrent-mark: 0.023/0.023 secs] [Times: user=0.01 sys=0.00, real=0.02 secs] 
2017-11-07T23:51:50.326+0300: 315.083: [CMS-concurrent-preclean-start]
2017-11-07T23:51:50.327+0300: 315.084: [CMS-concurrent-preclean: 0.001/0.001 secs] [Times: user=0.00 sys=0.00, real=0.00 secs] 
2017-11-07T23:51:50.327+0300: 315.085: [CMS-concurrent-abortable-preclean-start]
2017-11-07T23:51:50.327+0300: 315.085: [CMS-concurrent-abortable-preclean: 0.000/0.000 secs] [Times: user=0.00 sys=0.00, real=0.00 secs] 
2017-11-07T23:51:50.328+0300: 315.085: [GC (CMS Final Remark) [YG occupancy: 61349 K (157248 K)]2017-11-07T23:51:50.328+0300: 315.085: [GC (CMS Final Remark) 2017-11-07T23:51:50.328+0300: 315.085: [ParNew: 61349K->61349K(157248K), 0.0000280 secs] 403358K->403358K(506816K), 0.0000714 secs] [Times: user=0.00 sys=0.00, real=0.00 secs] 
2017-11-07T23:51:50.328+0300: 315.085: [Rescan (parallel) , 0.0036617 secs]2017-11-07T23:51:50.332+0300: 315.089: [weak refs processing, 0.0000841 secs]2017-11-07T23:51:50.332+0300: 315.089: [class unloading, 0.0021836 secs]2017-11-07T23:51:50.334+0300: 315.091: [scrub symbol table, 0.0013467 secs]2017-11-07T23:51:50.335+0300: 315.092: [scrub string table, 0.0003568 secs][1 CMS-remark: 342008K(349568K)] 403358K(506816K), 0.0079568 secs] [Times: user=0.06 sys=0.00, real=0.01 secs] 
2017-11-07T23:51:50.336+0300: 315.093: [CMS-concurrent-sweep-start]
2017-11-07T23:51:50.346+0300: 315.104: [CMS-concurrent-sweep: 0.011/0.011 secs] [Times: user=0.01 sys=0.00, real=0.01 secs] 
2017-11-07T23:51:50.347+0300: 315.104: [CMS-concurrent-reset-start]
2017-11-07T23:51:50.347+0300: 315.104: [CMS-concurrent-reset: 0.000/0.000 secs] [Times: user=0.00 sys=0.00, real=0.00 secs] 
2017-11-07T23:51:52.347+0300: 317.104: [GC (CMS Initial Mark) [1 CMS-initial-mark: 339489K(349568K)] 406172K(506816K), 0.0038449 secs] [Times: user=0.00 sys=0.00, real=0.00 secs] 
2017-11-07T23:51:52.351+0300: 317.108: [CMS-concurrent-mark-start]
2017-11-07T23:51:52.373+0300: 317.130: [CMS-concurrent-mark: 0.022/0.022 secs] [Times: user=0.03 sys=0.00, real=0.02 secs] 
2017-11-07T23:51:52.373+0300: 317.130: [CMS-concurrent-preclean-start]
2017-11-07T23:51:52.374+0300: 317.132: [CMS-concurrent-preclean: 0.001/0.001 secs] [Times: user=0.00 sys=0.00, real=0.00 secs] 
2017-11-07T23:51:52.374+0300: 317.132: [CMS-concurrent-abortable-preclean-start]
2017-11-07T23:51:52.374+0300: 317.132: [CMS-concurrent-abortable-preclean: 0.000/0.000 secs] [Times: user=0.00 sys=0.00, real=0.00 secs] 
2017-11-07T23:51:52.375+0300: 317.132: [GC (CMS Final Remark) [YG occupancy: 66683 K (157248 K)]2017-11-07T23:51:52.375+0300: 317.132: [GC (CMS Final Remark) 2017-11-07T23:51:52.375+0300: 317.132: [ParNew: 66683K->66683K(157248K), 0.0000288 secs] 406172K->406172K(506816K), 0.0000724 secs] [Times: user=0.00 sys=0.00, real=0.00 secs] 
2017-11-07T23:51:52.375+0300: 317.132: [Rescan (parallel) , 0.0044237 secs]2017-11-07T23:51:52.379+0300: 317.137: [weak refs processing, 0.0000841 secs]2017-11-07T23:51:52.379+0300: 317.137: [class unloading, 0.0023334 secs]2017-11-07T23:51:52.382+0300: 317.139: [scrub symbol table, 0.0009924 secs]2017-11-07T23:51:52.383+0300: 317.140: [scrub string table, 0.0002230 secs][1 CMS-remark: 339489K(349568K)] 406172K(506816K), 0.0083779 secs] [Times: user=0.00 sys=0.00, real=0.01 secs] 
2017-11-07T23:51:52.383+0300: 317.140: [CMS-concurrent-sweep-start]
2017-11-07T23:51:52.392+0300: 317.150: [CMS-concurrent-sweep: 0.009/0.009 secs] [Times: user=0.02 sys=0.00, real=0.01 secs] 
2017-11-07T23:51:52.392+0300: 317.150: [CMS-concurrent-reset-start]
2017-11-07T23:51:52.393+0300: 317.150: [CMS-concurrent-reset: 0.000/0.000 secs] [Times: user=0.00 sys=0.00, real=0.00 secs] 
2017-11-07T23:51:54.393+0300: 319.150: [GC (CMS Initial Mark) [1 CMS-initial-mark: 336969K(349568K)] 412223K(506816K), 0.0042937 secs] [Times: user=0.00 sys=0.00, real=0.00 secs] 
2017-11-07T23:51:54.397+0300: 319.154: [CMS-concurrent-mark-start]
2017-11-07T23:51:54.420+0300: 319.178: [CMS-concurrent-mark: 0.023/0.023 secs] [Times: user=0.03 sys=0.00, real=0.02 secs] 
2017-11-07T23:51:54.420+0300: 319.178: [CMS-concurrent-preclean-start]
2017-11-07T23:51:54.422+0300: 319.179: [CMS-concurrent-preclean: 0.001/0.001 secs] [Times: user=0.00 sys=0.00, real=0.00 secs] 
2017-11-07T23:51:54.422+0300: 319.179: [CMS-concurrent-abortable-preclean-start]
2017-11-07T23:51:54.422+0300: 319.179: [CMS-concurrent-abortable-preclean: 0.000/0.000 secs] [Times: user=0.00 sys=0.00, real=0.00 secs] 
2017-11-07T23:51:54.422+0300: 319.179: [GC (CMS Final Remark) [YG occupancy: 75253 K (157248 K)]2017-11-07T23:51:54.422+0300: 319.179: [GC (CMS Final Remark) 2017-11-07T23:51:54.422+0300: 319.179: [ParNew: 75253K->75253K(157248K), 0.0000178 secs] 412223K->412223K(506816K), 0.0000472 secs] [Times: user=0.00 sys=0.00, real=0.00 secs] 
2017-11-07T23:51:54.422+0300: 319.179: [Rescan (parallel) , 0.0033766 secs]2017-11-07T23:51:54.425+0300: 319.183: [weak refs processing, 0.0000746 secs]2017-11-07T23:51:54.426+0300: 319.183: [class unloading, 0.0014749 secs]2017-11-07T23:51:54.427+0300: 319.184: [scrub symbol table, 0.0009391 secs]2017-11-07T23:51:54.428+0300: 319.185: [scrub string table, 0.0002180 secs][1 CMS-remark: 336969K(349568K)] 412223K(506816K), 0.0062923 secs] [Times: user=0.00 sys=0.00, real=0.01 secs] 
2017-11-07T23:51:54.428+0300: 319.186: [CMS-concurrent-sweep-start]
2017-11-07T23:51:54.438+0300: 319.195: [CMS-concurrent-sweep: 0.009/0.009 secs] [Times: user=0.02 sys=0.00, real=0.01 secs] 
2017-11-07T23:51:54.438+0300: 319.195: [CMS-concurrent-reset-start]
2017-11-07T23:51:54.438+0300: 319.195: [CMS-concurrent-reset: 0.000/0.000 secs] [Times: user=0.00 sys=0.00, real=0.00 secs] 
2017-11-07T23:51:56.439+0300: 321.195: [GC (CMS Initial Mark) [1 CMS-initial-mark: 334448K(349568K)] 415271K(506816K), 0.0055023 secs] [Times: user=0.00 sys=0.00, real=0.01 secs] 
2017-11-07T23:51:56.444+0300: 321.201: [CMS-concurrent-mark-start]
2017-11-07T23:51:56.467+0300: 321.223: [CMS-concurrent-mark: 0.023/0.023 secs] [Times: user=0.03 sys=0.00, real=0.02 secs] 
2017-11-07T23:51:56.467+0300: 321.224: [CMS-concurrent-preclean-start]
2017-11-07T23:51:56.469+0300: 321.225: [CMS-concurrent-preclean: 0.001/0.001 secs] [Times: user=0.00 sys=0.00, real=0.00 secs] 
2017-11-07T23:51:56.469+0300: 321.225: [CMS-concurrent-abortable-preclean-start]
2017-11-07T23:51:56.469+0300: 321.225: [CMS-concurrent-abortable-preclean: 0.000/0.000 secs] [Times: user=0.00 sys=0.00, real=0.00 secs] 
2017-11-07T23:51:56.469+0300: 321.225: [GC (CMS Final Remark) [YG occupancy: 80822 K (157248 K)]2017-11-07T23:51:56.469+0300: 321.225: [GC (CMS Final Remark) 2017-11-07T23:51:56.469+0300: 321.225: [ParNew: 80822K->80822K(157248K), 0.0000288 secs] 415271K->415271K(506816K), 0.0000728 secs] [Times: user=0.00 sys=0.00, real=0.00 secs] 
2017-11-07T23:51:56.469+0300: 321.225: [Rescan (parallel) , 0.0056926 secs]2017-11-07T23:51:56.475+0300: 321.231: [weak refs processing, 0.0000870 secs]2017-11-07T23:51:56.475+0300: 321.231: [class unloading, 0.0022937 secs]2017-11-07T23:51:56.477+0300: 321.234: [scrub symbol table, 0.0013727 secs]2017-11-07T23:51:56.479+0300: 321.235: [scrub string table, 0.0003565 secs][1 CMS-remark: 334448K(349568K)] 415271K(506816K), 0.0101333 secs] [Times: user=0.02 sys=0.00, real=0.01 secs] 
2017-11-07T23:51:56.479+0300: 321.236: [CMS-concurrent-sweep-start]
2017-11-07T23:51:56.491+0300: 321.248: [CMS-concurrent-sweep: 0.012/0.012 secs] [Times: user=0.01 sys=0.00, real=0.01 secs] 
2017-11-07T23:51:56.492+0300: 321.248: [CMS-concurrent-reset-start]
2017-11-07T23:51:56.492+0300: 321.249: [CMS-concurrent-reset: 0.001/0.001 secs] [Times: user=0.00 sys=0.00, real=0.00 secs] 
2017-11-07T23:51:58.492+0300: 323.248: [GC (CMS Initial Mark) [1 CMS-initial-mark: 331929K(349568K)] 418157K(506816K), 0.0062469 secs] [Times: user=0.00 sys=0.00, real=0.01 secs] 
2017-11-07T23:51:58.498+0300: 323.255: [CMS-concurrent-mark-start]
2017-11-07T23:51:58.520+0300: 323.277: [CMS-concurrent-mark: 0.022/0.022 secs] [Times: user=0.03 sys=0.00, real=0.02 secs] 
2017-11-07T23:51:58.520+0300: 323.277: [CMS-concurrent-preclean-start]
2017-11-07T23:51:58.522+0300: 323.278: [CMS-concurrent-preclean: 0.002/0.002 secs] [Times: user=0.00 sys=0.00, real=0.00 secs] 
2017-11-07T23:51:58.522+0300: 323.279: [CMS-concurrent-abortable-preclean-start]
2017-11-07T23:51:58.522+0300: 323.279: [CMS-concurrent-abortable-preclean: 0.000/0.000 secs] [Times: user=0.00 sys=0.00, real=0.00 secs] 
2017-11-07T23:51:58.522+0300: 323.279: [GC (CMS Final Remark) [YG occupancy: 86227 K (157248 K)]2017-11-07T23:51:58.522+0300: 323.279: [GC (CMS Final Remark) 2017-11-07T23:51:58.522+0300: 323.279: [ParNew: 86227K->86227K(157248K), 0.0000462 secs] 418157K->418157K(506816K), 0.0001349 secs] [Times: user=0.00 sys=0.00, real=0.00 secs] 
2017-11-07T23:51:58.522+0300: 323.279: [Rescan (parallel) , 0.0063680 secs]2017-11-07T23:51:58.529+0300: 323.285: [weak refs processing, 0.0001804 secs]2017-11-07T23:51:58.529+0300: 323.286: [class unloading, 0.0022994 secs]2017-11-07T23:51:58.531+0300: 323.288: [scrub symbol table, 0.0013336 secs]2017-11-07T23:51:58.533+0300: 323.289: [scrub string table, 0.0002304 secs][1 CMS-remark: 331929K(349568K)] 418157K(506816K), 0.0108055 secs] [Times: user=0.00 sys=0.00, real=0.01 secs] 
2017-11-07T23:51:58.533+0300: 323.290: [CMS-concurrent-sweep-start]
2017-11-07T23:51:58.542+0300: 323.299: [CMS-concurrent-sweep: 0.009/0.009 secs] [Times: user=0.01 sys=0.00, real=0.01 secs] 
2017-11-07T23:51:58.542+0300: 323.299: [CMS-concurrent-reset-start]
2017-11-07T23:51:58.543+0300: 323.299: [CMS-concurrent-reset: 0.000/0.000 secs] [Times: user=0.00 sys=0.00, real=0.00 secs] 
2017-11-07T23:52:00.543+0300: 325.299: [GC (CMS Initial Mark) [1 CMS-initial-mark: 329409K(349568K)] 421135K(506816K), 0.0067518 secs] [Times: user=0.02 sys=0.00, real=0.01 secs] 
2017-11-07T23:52:00.550+0300: 325.306: [CMS-concurrent-mark-start]
2017-11-07T23:52:00.572+0300: 325.328: [CMS-concurrent-mark: 0.022/0.022 secs] [Times: user=0.02 sys=0.00, real=0.02 secs] 
2017-11-07T23:52:00.572+0300: 325.329: [CMS-concurrent-preclean-start]
2017-11-07T23:52:00.573+0300: 325.330: [CMS-concurrent-preclean: 0.001/0.001 secs] [Times: user=0.00 sys=0.00, real=0.00 secs] 
2017-11-07T23:52:00.573+0300: 325.330: [CMS-concurrent-abortable-preclean-start]
2017-11-07T23:52:00.573+0300: 325.330: [CMS-concurrent-abortable-preclean: 0.000/0.000 secs] [Times: user=0.00 sys=0.00, real=0.00 secs] 
2017-11-07T23:52:00.573+0300: 325.330: [GC (CMS Final Remark) [YG occupancy: 91725 K (157248 K)]2017-11-07T23:52:00.573+0300: 325.330: [GC (CMS Final Remark) 2017-11-07T23:52:00.573+0300: 325.330: [ParNew: 91725K->91725K(157248K), 0.0000185 secs] 421135K->421135K(506816K), 0.0000508 secs] [Times: user=0.00 sys=0.00, real=0.00 secs] 
2017-11-07T23:52:00.573+0300: 325.330: [Rescan (parallel) , 0.0047500 secs]2017-11-07T23:52:00.578+0300: 325.335: [weak refs processing, 0.0000572 secs]2017-11-07T23:52:00.578+0300: 325.335: [class unloading, 0.0016670 secs]2017-11-07T23:52:00.580+0300: 325.337: [scrub symbol table, 0.0009803 secs]2017-11-07T23:52:00.581+0300: 325.338: [scrub string table, 0.0002322 secs][1 CMS-remark: 329409K(349568K)] 421135K(506816K), 0.0079160 secs] [Times: user=0.02 sys=0.00, real=0.01 secs] 
2017-11-07T23:52:00.581+0300: 325.338: [CMS-concurrent-sweep-start]
2017-11-07T23:52:00.591+0300: 325.348: [CMS-concurrent-sweep: 0.010/0.010 secs] [Times: user=0.00 sys=0.00, real=0.01 secs] 
2017-11-07T23:52:00.591+0300: 325.348: [CMS-concurrent-reset-start]
2017-11-07T23:52:00.591+0300: 325.348: [CMS-concurrent-reset: 0.000/0.000 secs] [Times: user=0.00 sys=0.00, real=0.00 secs] 
2017-11-07T23:52:02.591+0300: 327.347: [GC (CMS Initial Mark) [1 CMS-initial-mark: 326890K(349568K)] 424092K(506816K), 0.0048082 secs] [Times: user=0.00 sys=0.00, real=0.00 secs] 
2017-11-07T23:52:02.596+0300: 327.352: [CMS-concurrent-mark-start]
2017-11-07T23:52:02.610+0300: 327.366: [CMS-concurrent-mark: 0.014/0.014 secs] [Times: user=0.01 sys=0.00, real=0.01 secs] 
2017-11-07T23:52:02.610+0300: 327.366: [CMS-concurrent-preclean-start]
2017-11-07T23:52:02.610+0300: 327.367: [CMS-concurrent-preclean: 0.001/0.001 secs] [Times: user=0.00 sys=0.00, real=0.00 secs] 
2017-11-07T23:52:02.610+0300: 327.367: [CMS-concurrent-abortable-preclean-start]
2017-11-07T23:52:02.610+0300: 327.367: [CMS-concurrent-abortable-preclean: 0.000/0.000 secs] [Times: user=0.00 sys=0.00, real=0.00 secs] 
2017-11-07T23:52:02.611+0300: 327.367: [GC (CMS Final Remark) [YG occupancy: 97201 K (157248 K)]2017-11-07T23:52:02.611+0300: 327.367: [GC (CMS Final Remark) 2017-11-07T23:52:02.611+0300: 327.367: [ParNew: 97201K->97201K(157248K), 0.0000224 secs] 424092K->424092K(506816K), 0.0000511 secs] [Times: user=0.00 sys=0.00, real=0.00 secs] 
2017-11-07T23:52:02.611+0300: 327.368: [Rescan (parallel) , 0.0049278 secs]2017-11-07T23:52:02.616+0300: 327.372: [weak refs processing, 0.0001314 secs]2017-11-07T23:52:02.616+0300: 327.373: [class unloading, 0.0015804 secs]2017-11-07T23:52:02.617+0300: 327.374: [scrub symbol table, 0.0009476 secs]2017-11-07T23:52:02.618+0300: 327.375: [scrub string table, 0.0002311 secs][1 CMS-remark: 326890K(349568K)] 424092K(506816K), 0.0080470 secs] [Times: user=0.00 sys=0.00, real=0.01 secs] 
2017-11-07T23:52:02.619+0300: 327.376: [CMS-concurrent-sweep-start]
2017-11-07T23:52:02.628+0300: 327.385: [CMS-concurrent-sweep: 0.009/0.009 secs] [Times: user=0.02 sys=0.00, real=0.01 secs] 
2017-11-07T23:52:02.628+0300: 327.385: [CMS-concurrent-reset-start]
2017-11-07T23:52:02.628+0300: 327.385: [CMS-concurrent-reset: 0.000/0.000 secs] [Times: user=0.00 sys=0.00, real=0.00 secs] 
2017-11-07T23:52:04.628+0300: 329.384: [GC (CMS Initial Mark) [1 CMS-initial-mark: 324370K(349568K)] 427041K(506816K), 0.0078194 secs] [Times: user=0.01 sys=0.00, real=0.01 secs] 
2017-11-07T23:52:04.636+0300: 329.392: [CMS-concurrent-mark-start]
2017-11-07T23:52:04.658+0300: 329.415: [CMS-concurrent-mark: 0.022/0.022 secs] [Times: user=0.02 sys=0.00, real=0.02 secs] 
2017-11-07T23:52:04.658+0300: 329.415: [CMS-concurrent-preclean-start]
2017-11-07T23:52:04.659+0300: 329.416: [CMS-concurrent-preclean: 0.001/0.001 secs] [Times: user=0.00 sys=0.00, real=0.00 secs] 
2017-11-07T23:52:04.659+0300: 329.416: [CMS-concurrent-abortable-preclean-start]
2017-11-07T23:52:04.659+0300: 329.416: [CMS-concurrent-abortable-preclean: 0.000/0.000 secs] [Times: user=0.00 sys=0.00, real=0.00 secs] 
2017-11-07T23:52:04.660+0300: 329.416: [GC (CMS Final Remark) [YG occupancy: 102670 K (157248 K)]2017-11-07T23:52:04.660+0300: 329.417: [GC (CMS Final Remark) 2017-11-07T23:52:04.660+0300: 329.417: [ParNew: 102670K->102670K(157248K), 0.0000280 secs] 427041K->427041K(506816K), 0.0000710 secs] [Times: user=0.00 sys=0.00, real=0.00 secs] 
2017-11-07T23:52:04.660+0300: 329.417: [Rescan (parallel) , 0.0087852 secs]2017-11-07T23:52:04.669+0300: 329.425: [weak refs processing, 0.0000895 secs]2017-11-07T23:52:04.669+0300: 329.426: [class unloading, 0.0023473 secs]2017-11-07T23:52:04.671+0300: 329.428: [scrub symbol table, 0.0013428 secs]2017-11-07T23:52:04.673+0300: 329.429: [scrub string table, 0.0003536 secs][1 CMS-remark: 324370K(349568K)] 427041K(506816K), 0.0132713 secs] [Times: user=0.06 sys=0.00, real=0.01 secs] 
2017-11-07T23:52:04.673+0300: 329.430: [CMS-concurrent-sweep-start]
2017-11-07T23:52:04.684+0300: 329.441: [CMS-concurrent-sweep: 0.011/0.011 secs] [Times: user=0.02 sys=0.00, real=0.01 secs] 
2017-11-07T23:52:04.685+0300: 329.441: [CMS-concurrent-reset-start]
2017-11-07T23:52:04.685+0300: 329.442: [CMS-concurrent-reset: 0.000/0.000 secs] [Times: user=0.00 sys=0.00, real=0.00 secs] 
2017-11-07T23:52:06.685+0300: 331.442: [GC (CMS Initial Mark) [1 CMS-initial-mark: 321851K(349568K)] 430017K(506816K), 0.0083911 secs] [Times: user=0.01 sys=0.00, real=0.01 secs] 
2017-11-07T23:52:06.693+0300: 331.450: [CMS-concurrent-mark-start]
2017-11-07T23:52:06.715+0300: 331.472: [CMS-concurrent-mark: 0.022/0.022 secs] [Times: user=0.02 sys=0.00, real=0.02 secs] 
2017-11-07T23:52:06.715+0300: 331.472: [CMS-concurrent-preclean-start]
2017-11-07T23:52:06.716+0300: 331.473: [CMS-concurrent-preclean: 0.001/0.001 secs] [Times: user=0.00 sys=0.00, real=0.00 secs] 
2017-11-07T23:52:06.716+0300: 331.473: [CMS-concurrent-abortable-preclean-start]
2017-11-07T23:52:06.716+0300: 331.473: [CMS-concurrent-abortable-preclean: 0.000/0.000 secs] [Times: user=0.00 sys=0.00, real=0.00 secs] 
2017-11-07T23:52:06.717+0300: 331.474: [GC (CMS Final Remark) [YG occupancy: 108166 K (157248 K)]2017-11-07T23:52:06.717+0300: 331.474: [GC (CMS Final Remark) 2017-11-07T23:52:06.717+0300: 331.474: [ParNew: 108166K->108166K(157248K), 0.0000284 secs] 430017K->430017K(506816K), 0.0000824 secs] [Times: user=0.00 sys=0.00, real=0.00 secs] 
2017-11-07T23:52:06.717+0300: 331.474: [Rescan (parallel) , 0.0073543 secs]2017-11-07T23:52:06.724+0300: 331.481: [weak refs processing, 0.0000607 secs]2017-11-07T23:52:06.724+0300: 331.481: [class unloading, 0.0015012 secs]2017-11-07T23:52:06.726+0300: 331.483: [scrub symbol table, 0.0009434 secs]2017-11-07T23:52:06.727+0300: 331.484: [scrub string table, 0.0002180 secs][1 CMS-remark: 321851K(349568K)] 430017K(506816K), 0.0103829 secs] [Times: user=0.01 sys=0.00, real=0.01 secs] 
2017-11-07T23:52:06.727+0300: 331.484: [CMS-concurrent-sweep-start]
2017-11-07T23:52:06.736+0300: 331.493: [CMS-concurrent-sweep: 0.009/0.009 secs] [Times: user=0.00 sys=0.00, real=0.01 secs] 
2017-11-07T23:52:06.736+0300: 331.493: [CMS-concurrent-reset-start]
2017-11-07T23:52:06.737+0300: 331.494: [CMS-concurrent-reset: 0.000/0.000 secs] [Times: user=0.00 sys=0.00, real=0.00 secs] 
2017-11-07T23:52:08.737+0300: 333.494: [GC (CMS Initial Mark) [1 CMS-initial-mark: 319331K(349568K)] 432942K(506816K), 0.0087479 secs] [Times: user=0.00 sys=0.00, real=0.01 secs] 
2017-11-07T23:52:08.746+0300: 333.503: [CMS-concurrent-mark-start]
2017-11-07T23:52:08.767+0300: 333.524: [CMS-concurrent-mark: 0.022/0.022 secs] [Times: user=0.00 sys=0.00, real=0.02 secs] 
2017-11-07T23:52:08.767+0300: 333.524: [CMS-concurrent-preclean-start]
2017-11-07T23:52:08.769+0300: 333.526: [CMS-concurrent-preclean: 0.001/0.001 secs] [Times: user=0.02 sys=0.00, real=0.00 secs] 
2017-11-07T23:52:08.769+0300: 333.526: [CMS-concurrent-abortable-preclean-start]
2017-11-07T23:52:08.769+0300: 333.526: [CMS-concurrent-abortable-preclean: 0.000/0.000 secs] [Times: user=0.00 sys=0.00, real=0.00 secs] 
2017-11-07T23:52:08.769+0300: 333.526: [GC (CMS Final Remark) [YG occupancy: 113610 K (157248 K)]2017-11-07T23:52:08.769+0300: 333.526: [GC (CMS Final Remark) 2017-11-07T23:52:08.769+0300: 333.526: [ParNew: 113610K->113610K(157248K), 0.0000291 secs] 432942K->432942K(506816K), 0.0000735 secs] [Times: user=0.00 sys=0.00, real=0.00 secs] 
2017-11-07T23:52:08.769+0300: 333.526: [Rescan (parallel) , 0.0093760 secs]2017-11-07T23:52:08.779+0300: 333.536: [weak refs processing, 0.0000873 secs]2017-11-07T23:52:08.779+0300: 333.536: [class unloading, 0.0022905 secs]2017-11-07T23:52:08.781+0300: 333.538: [scrub symbol table, 0.0013719 secs]2017-11-07T23:52:08.783+0300: 333.540: [scrub string table, 0.0003476 secs][1 CMS-remark: 319331K(349568K)] 432942K(506816K), 0.0138117 secs] [Times: user=0.00 sys=0.00, real=0.01 secs] 
2017-11-07T23:52:08.783+0300: 333.540: [CMS-concurrent-sweep-start]
2017-11-07T23:52:08.795+0300: 333.552: [CMS-concurrent-sweep: 0.012/0.012 secs] [Times: user=0.02 sys=0.00, real=0.01 secs] 
2017-11-07T23:52:08.795+0300: 333.552: [CMS-concurrent-reset-start]
2017-11-07T23:52:08.795+0300: 333.552: [CMS-concurrent-reset: 0.000/0.000 secs] [Times: user=0.00 sys=0.00, real=0.00 secs] 
2017-11-07T23:52:10.795+0300: 335.552: [GC (CMS Initial Mark) [1 CMS-initial-mark: 316812K(349568K)] 435794K(506816K), 0.0092219 secs] [Times: user=0.02 sys=0.00, real=0.01 secs] 
2017-11-07T23:52:10.804+0300: 335.561: [CMS-concurrent-mark-start]
2017-11-07T23:52:10.826+0300: 335.583: [CMS-concurrent-mark: 0.022/0.022 secs] [Times: user=0.02 sys=0.00, real=0.02 secs] 
2017-11-07T23:52:10.826+0300: 335.583: [CMS-concurrent-preclean-start]
2017-11-07T23:52:10.827+0300: 335.584: [CMS-concurrent-preclean: 0.001/0.001 secs] [Times: user=0.02 sys=0.00, real=0.00 secs] 
2017-11-07T23:52:10.827+0300: 335.584: [CMS-concurrent-abortable-preclean-start]
2017-11-07T23:52:10.827+0300: 335.584: [CMS-concurrent-abortable-preclean: 0.000/0.000 secs] [Times: user=0.00 sys=0.00, real=0.00 secs] 
2017-11-07T23:52:10.828+0300: 335.585: [GC (CMS Final Remark) [YG occupancy: 118982 K (157248 K)]2017-11-07T23:52:10.828+0300: 335.585: [GC (CMS Final Remark) 2017-11-07T23:52:10.828+0300: 335.585: [ParNew: 118982K->118982K(157248K), 0.0000298 secs] 435794K->435794K(506816K), 0.0000756 secs] [Times: user=0.00 sys=0.00, real=0.00 secs] 
2017-11-07T23:52:10.828+0300: 335.585: [Rescan (parallel) , 0.0093188 secs]2017-11-07T23:52:10.837+0300: 335.594: [weak refs processing, 0.0000770 secs]2017-11-07T23:52:10.837+0300: 335.594: [class unloading, 0.0020909 secs]2017-11-07T23:52:10.839+0300: 335.596: [scrub symbol table, 0.0012026 secs]2017-11-07T23:52:10.841+0300: 335.598: [scrub string table, 0.0003142 secs][1 CMS-remark: 316812K(349568K)] 435794K(506816K), 0.0133317 secs] [Times: user=0.00 sys=0.00, real=0.01 secs] 
2017-11-07T23:52:10.841+0300: 335.598: [CMS-concurrent-sweep-start]
2017-11-07T23:52:10.852+0300: 335.610: [CMS-concurrent-sweep: 0.011/0.011 secs] [Times: user=0.03 sys=0.02, real=0.01 secs] 
2017-11-07T23:52:10.853+0300: 335.610: [CMS-concurrent-reset-start]
2017-11-07T23:52:10.853+0300: 335.610: [CMS-concurrent-reset: 0.001/0.001 secs] [Times: user=0.00 sys=0.00, real=0.00 secs] 
2017-11-07T23:52:12.853+0300: 337.610: [GC (CMS Initial Mark) [1 CMS-initial-mark: 314292K(349568K)] 438737K(506816K), 0.0099682 secs] [Times: user=0.01 sys=0.00, real=0.01 secs] 
2017-11-07T23:52:12.863+0300: 337.620: [CMS-concurrent-mark-start]
2017-11-07T23:52:12.880+0300: 337.638: [CMS-concurrent-mark: 0.018/0.018 secs] [Times: user=0.02 sys=0.00, real=0.02 secs] 
2017-11-07T23:52:12.881+0300: 337.638: [CMS-concurrent-preclean-start]
2017-11-07T23:52:12.881+0300: 337.639: [CMS-concurrent-preclean: 0.001/0.001 secs] [Times: user=0.00 sys=0.00, real=0.00 secs] 
2017-11-07T23:52:12.881+0300: 337.639: [CMS-concurrent-abortable-preclean-start]
2017-11-07T23:52:12.881+0300: 337.639: [CMS-concurrent-abortable-preclean: 0.000/0.000 secs] [Times: user=0.00 sys=0.00, real=0.00 secs] 
2017-11-07T23:52:12.882+0300: 337.639: [GC (CMS Final Remark) [YG occupancy: 124444 K (157248 K)]2017-11-07T23:52:12.882+0300: 337.639: [GC (CMS Final Remark) 2017-11-07T23:52:12.882+0300: 337.639: [ParNew: 124444K->124444K(157248K), 0.0000192 secs] 438737K->438737K(506816K), 0.0000469 secs] [Times: user=0.00 sys=0.00, real=0.00 secs] 
2017-11-07T23:52:12.882+0300: 337.639: [Rescan (parallel) , 0.0071533 secs]2017-11-07T23:52:12.889+0300: 337.646: [weak refs processing, 0.0000565 secs]2017-11-07T23:52:12.889+0300: 337.646: [class unloading, 0.0015495 secs]2017-11-07T23:52:12.891+0300: 337.648: [scrub symbol table, 0.0009487 secs]2017-11-07T23:52:12.891+0300: 337.649: [scrub string table, 0.0002358 secs][1 CMS-remark: 314292K(349568K)] 438737K(506816K), 0.0101646 secs] [Times: user=0.06 sys=0.00, real=0.01 secs] 
2017-11-07T23:52:12.892+0300: 337.649: [CMS-concurrent-sweep-start]
2017-11-07T23:52:12.901+0300: 337.658: [CMS-concurrent-sweep: 0.009/0.009 secs] [Times: user=0.00 sys=0.00, real=0.01 secs] 
2017-11-07T23:52:12.901+0300: 337.658: [CMS-concurrent-reset-start]
2017-11-07T23:52:12.902+0300: 337.659: [CMS-concurrent-reset: 0.000/0.000 secs] [Times: user=0.02 sys=0.00, real=0.00 secs] 
2017-11-07T23:52:14.902+0300: 339.658: [GC (CMS Initial Mark) [1 CMS-initial-mark: 311773K(349568K)] 441650K(506816K), 0.0106805 secs] [Times: user=0.00 sys=0.00, real=0.01 secs] 
2017-11-07T23:52:14.912+0300: 339.669: [CMS-concurrent-mark-start]
2017-11-07T23:52:14.934+0300: 339.690: [CMS-concurrent-mark: 0.021/0.021 secs] [Times: user=0.03 sys=0.00, real=0.02 secs] 
2017-11-07T23:52:14.934+0300: 339.690: [CMS-concurrent-preclean-start]
2017-11-07T23:52:14.935+0300: 339.691: [CMS-concurrent-preclean: 0.001/0.001 secs] [Times: user=0.00 sys=0.00, real=0.00 secs] 
2017-11-07T23:52:14.935+0300: 339.691: [CMS-concurrent-abortable-preclean-start]
2017-11-07T23:52:14.935+0300: 339.692: [CMS-concurrent-abortable-preclean: 0.000/0.000 secs] [Times: user=0.00 sys=0.00, real=0.00 secs] 
2017-11-07T23:52:14.935+0300: 339.692: [GC (CMS Final Remark) [YG occupancy: 129877 K (157248 K)]2017-11-07T23:52:14.936+0300: 339.692: [GC (CMS Final Remark) 2017-11-07T23:52:14.936+0300: 339.692: [ParNew: 129877K->129877K(157248K), 0.0000284 secs] 441650K->441650K(506816K), 0.0000724 secs] [Times: user=0.00 sys=0.00, real=0.00 secs] 
2017-11-07T23:52:14.936+0300: 339.692: [Rescan (parallel) , 0.0096920 secs]2017-11-07T23:52:14.945+0300: 339.702: [weak refs processing, 0.0000845 secs]2017-11-07T23:52:14.946+0300: 339.702: [class unloading, 0.0015605 secs]2017-11-07T23:52:14.947+0300: 339.703: [scrub symbol table, 0.0009310 secs]2017-11-07T23:52:14.948+0300: 339.704: [scrub string table, 0.0002262 secs][1 CMS-remark: 311773K(349568K)] 441650K(506816K), 0.0128194 secs] [Times: user=0.00 sys=0.02, real=0.01 secs] 
2017-11-07T23:52:14.948+0300: 339.705: [CMS-concurrent-sweep-start]
2017-11-07T23:52:14.957+0300: 339.714: [CMS-concurrent-sweep: 0.009/0.009 secs] [Times: user=0.00 sys=0.00, real=0.01 secs] 
2017-11-07T23:52:14.957+0300: 339.714: [CMS-concurrent-reset-start]
2017-11-07T23:52:14.958+0300: 339.714: [CMS-concurrent-reset: 0.000/0.000 secs] [Times: user=0.00 sys=0.00, real=0.00 secs] 
2017-11-07T23:52:16.958+0300: 341.714: [GC (CMS Initial Mark) [1 CMS-initial-mark: 309253K(349568K)] 444575K(506816K), 0.0109361 secs] [Times: user=0.02 sys=0.00, real=0.01 secs] 
2017-11-07T23:52:16.969+0300: 341.725: [CMS-concurrent-mark-start]
2017-11-07T23:52:16.990+0300: 341.746: [CMS-concurrent-mark: 0.021/0.021 secs] [Times: user=0.03 sys=0.00, real=0.02 secs] 
2017-11-07T23:52:16.990+0300: 341.746: [CMS-concurrent-preclean-start]
2017-11-07T23:52:16.992+0300: 341.748: [CMS-concurrent-preclean: 0.001/0.001 secs] [Times: user=0.00 sys=0.00, real=0.00 secs] 
2017-11-07T23:52:16.992+0300: 341.748: [CMS-concurrent-abortable-preclean-start]
2017-11-07T23:52:16.992+0300: 341.748: [CMS-concurrent-abortable-preclean: 0.000/0.000 secs] [Times: user=0.00 sys=0.00, real=0.00 secs] 
2017-11-07T23:52:16.992+0300: 341.748: [GC (CMS Final Remark) [YG occupancy: 135322 K (157248 K)]2017-11-07T23:52:16.992+0300: 341.748: [GC (CMS Final Remark) 2017-11-07T23:52:16.992+0300: 341.748: [ParNew: 135322K->135322K(157248K), 0.0000291 secs] 444575K->444575K(506816K), 0.0000731 secs] [Times: user=0.00 sys=0.00, real=0.00 secs] 
2017-11-07T23:52:16.992+0300: 341.748: [Rescan (parallel) , 0.0124334 secs]2017-11-07T23:52:17.005+0300: 341.761: [weak refs processing, 0.0000895 secs]2017-11-07T23:52:17.005+0300: 341.761: [class unloading, 0.0022628 secs]2017-11-07T23:52:17.007+0300: 341.763: [scrub symbol table, 0.0013418 secs]2017-11-07T23:52:17.008+0300: 341.765: [scrub string table, 0.0003661 secs][1 CMS-remark: 309253K(349568K)] 444575K(506816K), 0.0168283 secs] [Times: user=0.01 sys=0.00, real=0.02 secs] 
2017-11-07T23:52:17.009+0300: 341.765: [CMS-concurrent-sweep-start]
2017-11-07T23:52:17.019+0300: 341.776: [CMS-concurrent-sweep: 0.010/0.010 secs] [Times: user=0.00 sys=0.00, real=0.01 secs] 
2017-11-07T23:52:17.019+0300: 341.776: [CMS-concurrent-reset-start]
2017-11-07T23:52:17.020+0300: 341.776: [CMS-concurrent-reset: 0.000/0.000 secs] [Times: user=0.00 sys=0.00, real=0.00 secs] 
2017-11-07T23:52:19.020+0300: 343.776: [GC (CMS Initial Mark) [1 CMS-initial-mark: 306734K(349568K)] 447395K(506816K), 0.0074417 secs] [Times: user=0.00 sys=0.00, real=0.01 secs] 
2017-11-07T23:52:19.027+0300: 343.784: [CMS-concurrent-mark-start]
2017-11-07T23:52:19.042+0300: 343.798: [CMS-concurrent-mark: 0.014/0.014 secs] [Times: user=0.02 sys=0.00, real=0.02 secs] 
2017-11-07T23:52:19.042+0300: 343.798: [CMS-concurrent-preclean-start]
2017-11-07T23:52:19.042+0300: 343.799: [CMS-concurrent-preclean: 0.001/0.001 secs] [Times: user=0.00 sys=0.00, real=0.00 secs] 
2017-11-07T23:52:19.043+0300: 343.799: [CMS-concurrent-abortable-preclean-start]
2017-11-07T23:52:19.043+0300: 343.799: [CMS-concurrent-abortable-preclean: 0.000/0.000 secs] [Times: user=0.00 sys=0.00, real=0.00 secs] 
2017-11-07T23:52:19.043+0300: 343.799: [GC (CMS Final Remark) [YG occupancy: 140661 K (157248 K)]2017-11-07T23:52:19.043+0300: 343.799: [GC (CMS Final Remark) 2017-11-07T23:52:19.043+0300: 343.799: [ParNew: 140661K->140661K(157248K), 0.0000170 secs] 447395K->447395K(506816K), 0.0000426 secs] [Times: user=0.00 sys=0.00, real=0.00 secs] 
2017-11-07T23:52:19.043+0300: 343.799: [Rescan (parallel) , 0.0082057 secs]2017-11-07T23:52:19.051+0300: 343.808: [weak refs processing, 0.0000639 secs]2017-11-07T23:52:19.051+0300: 343.808: [class unloading, 0.0017575 secs]2017-11-07T23:52:19.053+0300: 343.809: [scrub symbol table, 0.0009615 secs]2017-11-07T23:52:19.054+0300: 343.810: [scrub string table, 0.0002287 secs][1 CMS-remark: 306734K(349568K)] 447395K(506816K), 0.0114407 secs] [Times: user=0.05 sys=0.00, real=0.01 secs] 
2017-11-07T23:52:19.054+0300: 343.811: [CMS-concurrent-sweep-start]
2017-11-07T23:52:19.064+0300: 343.820: [CMS-concurrent-sweep: 0.009/0.009 secs] [Times: user=0.00 sys=0.00, real=0.01 secs] 
2017-11-07T23:52:19.064+0300: 343.820: [CMS-concurrent-reset-start]
2017-11-07T23:52:19.064+0300: 343.820: [CMS-concurrent-reset: 0.000/0.000 secs] [Times: user=0.00 sys=0.00, real=0.00 secs] 
2017-11-07T23:52:21.064+0300: 345.820: [GC (CMS Initial Mark) [1 CMS-initial-mark: 304214K(349568K)] 450258K(506816K), 0.0120127 secs] [Times: user=0.00 sys=0.00, real=0.01 secs] 
2017-11-07T23:52:21.076+0300: 345.832: [CMS-concurrent-mark-start]
2017-11-07T23:52:21.095+0300: 345.851: [CMS-concurrent-mark: 0.019/0.019 secs] [Times: user=0.03 sys=0.00, real=0.02 secs] 
2017-11-07T23:52:21.095+0300: 345.851: [CMS-concurrent-preclean-start]
2017-11-07T23:52:21.095+0300: 345.852: [CMS-concurrent-preclean: 0.001/0.001 secs] [Times: user=0.00 sys=0.00, real=0.00 secs] 
2017-11-07T23:52:21.095+0300: 345.852: [CMS-concurrent-abortable-preclean-start]
2017-11-07T23:52:21.095+0300: 345.852: [CMS-concurrent-abortable-preclean: 0.000/0.000 secs] [Times: user=0.00 sys=0.00, real=0.00 secs] 
2017-11-07T23:52:21.096+0300: 345.852: [GC (CMS Final Remark) [YG occupancy: 146044 K (157248 K)]2017-11-07T23:52:21.096+0300: 345.852: [GC (CMS Final Remark) 2017-11-07T23:52:21.096+0300: 345.852: [ParNew: 146044K->146044K(157248K), 0.0000178 secs] 450258K->450258K(506816K), 0.0000430 secs] [Times: user=0.00 sys=0.00, real=0.00 secs] 
2017-11-07T23:52:21.096+0300: 345.852: [Rescan (parallel) , 0.0078986 secs]2017-11-07T23:52:21.104+0300: 345.860: [weak refs processing, 0.0000554 secs]2017-11-07T23:52:21.104+0300: 345.860: [class unloading, 0.0016915 secs]2017-11-07T23:52:21.105+0300: 345.862: [scrub symbol table, 0.0010527 secs]2017-11-07T23:52:21.107+0300: 345.863: [scrub string table, 0.0002297 secs][1 CMS-remark: 304214K(349568K)] 450258K(506816K), 0.0111541 secs] [Times: user=0.00 sys=0.00, real=0.01 secs] 
2017-11-07T23:52:21.107+0300: 345.863: [CMS-concurrent-sweep-start]
2017-11-07T23:52:21.116+0300: 345.872: [CMS-concurrent-sweep: 0.009/0.009 secs] [Times: user=0.01 sys=0.00, real=0.01 secs] 
2017-11-07T23:52:21.116+0300: 345.872: [CMS-concurrent-reset-start]
2017-11-07T23:52:21.116+0300: 345.873: [CMS-concurrent-reset: 0.000/0.000 secs] [Times: user=0.00 sys=0.00, real=0.00 secs] 
2017-11-07T23:52:23.116+0300: 347.872: [GC (CMS Initial Mark) [1 CMS-initial-mark: 301695K(349568K)] 453024K(506816K), 0.0118635 secs] [Times: user=0.01 sys=0.00, real=0.01 secs] 
2017-11-07T23:52:23.128+0300: 347.884: [CMS-concurrent-mark-start]
2017-11-07T23:52:23.148+0300: 347.904: [CMS-concurrent-mark: 0.020/0.020 secs] [Times: user=0.02 sys=0.00, real=0.02 secs] 
2017-11-07T23:52:23.148+0300: 347.904: [CMS-concurrent-preclean-start]
2017-11-07T23:52:23.149+0300: 347.906: [CMS-concurrent-preclean: 0.001/0.001 secs] [Times: user=0.00 sys=0.00, real=0.00 secs] 
2017-11-07T23:52:23.149+0300: 347.906: [CMS-concurrent-abortable-preclean-start]
2017-11-07T23:52:23.149+0300: 347.906: [CMS-concurrent-abortable-preclean: 0.000/0.000 secs] [Times: user=0.00 sys=0.00, real=0.00 secs] 
2017-11-07T23:52:23.149+0300: 347.906: [GC (CMS Final Remark) [YG occupancy: 151329 K (157248 K)]2017-11-07T23:52:23.149+0300: 347.906: [GC (CMS Final Remark) 2017-11-07T23:52:23.150+0300: 347.906: [ParNew: 151329K->151329K(157248K), 0.0000295 secs] 453024K->453024K(506816K), 0.0000774 secs] [Times: user=0.00 sys=0.00, real=0.00 secs] 
2017-11-07T23:52:23.150+0300: 347.906: [Rescan (parallel) , 0.0124458 secs]2017-11-07T23:52:23.162+0300: 347.919: [weak refs processing, 0.0000550 secs]2017-11-07T23:52:23.162+0300: 347.919: [class unloading, 0.0017501 secs]2017-11-07T23:52:23.164+0300: 347.921: [scrub symbol table, 0.0010066 secs]2017-11-07T23:52:23.165+0300: 347.922: [scrub string table, 0.0002603 secs][1 CMS-remark: 301695K(349568K)] 453024K(506816K), 0.0158366 secs] [Times: user=0.06 sys=0.00, real=0.02 secs] 
2017-11-07T23:52:23.165+0300: 347.922: [CMS-concurrent-sweep-start]
2017-11-07T23:52:23.174+0300: 347.931: [CMS-concurrent-sweep: 0.009/0.009 secs] [Times: user=0.02 sys=0.00, real=0.01 secs] 
2017-11-07T23:52:23.174+0300: 347.931: [CMS-concurrent-reset-start]
2017-11-07T23:52:23.175+0300: 347.931: [CMS-concurrent-reset: 0.000/0.000 secs] [Times: user=0.00 sys=0.00, real=0.00 secs] 
2017-11-07T23:52:25.175+0300: 349.931: [GC (CMS Initial Mark) [1 CMS-initial-mark: 299175K(349568K)] 455818K(506816K), 0.0122385 secs] [Times: user=0.01 sys=0.00, real=0.01 secs] 
2017-11-07T23:52:25.187+0300: 349.944: [CMS-concurrent-mark-start]
2017-11-07T23:52:25.207+0300: 349.964: [CMS-concurrent-mark: 0.020/0.020 secs] [Times: user=0.02 sys=0.00, real=0.02 secs] 
2017-11-07T23:52:25.207+0300: 349.964: [CMS-concurrent-preclean-start]
2017-11-07T23:52:25.209+0300: 349.966: [CMS-concurrent-preclean: 0.001/0.001 secs] [Times: user=0.00 sys=0.00, real=0.00 secs] 
2017-11-07T23:52:25.209+0300: 349.966: [CMS-concurrent-abortable-preclean-start]
2017-11-07T23:52:25.209+0300: 349.966: [CMS-concurrent-abortable-preclean: 0.000/0.000 secs] [Times: user=0.00 sys=0.00, real=0.00 secs] 
2017-11-07T23:52:25.209+0300: 349.966: [GC (CMS Final Remark) [YG occupancy: 156642 K (157248 K)]2017-11-07T23:52:25.209+0300: 349.966: [GC (CMS Final Remark) 2017-11-07T23:52:25.209+0300: 349.966: [ParNew: 156642K->156642K(157248K), 0.0000288 secs] 455818K->455818K(506816K), 0.0000710 secs] [Times: user=0.00 sys=0.00, real=0.00 secs] 
2017-11-07T23:52:25.209+0300: 349.966: [Rescan (parallel) , 0.0129908 secs]2017-11-07T23:52:25.222+0300: 349.979: [weak refs processing, 0.0000934 secs]2017-11-07T23:52:25.222+0300: 349.979: [class unloading, 0.0025468 secs]2017-11-07T23:52:25.225+0300: 349.982: [scrub symbol table, 0.0014675 secs]2017-11-07T23:52:25.227+0300: 349.983: [scrub string table, 0.0003568 secs][1 CMS-remark: 299175K(349568K)] 455818K(506816K), 0.0178015 secs] [Times: user=0.08 sys=0.00, real=0.02 secs] 
2017-11-07T23:52:25.227+0300: 349.984: [CMS-concurrent-sweep-start]
2017-11-07T23:52:25.237+0300: 349.994: [CMS-concurrent-sweep: 0.010/0.010 secs] [Times: user=0.00 sys=0.00, real=0.01 secs] 
2017-11-07T23:52:25.237+0300: 349.994: [CMS-concurrent-reset-start]
2017-11-07T23:52:25.238+0300: 349.994: [CMS-concurrent-reset: 0.000/0.000 secs] [Times: user=0.00 sys=0.00, real=0.00 secs] 
2017-11-07T23:52:26.181+0300: 350.938: [GC (Allocation Failure) 2017-11-07T23:52:26.181+0300: 350.938: [ParNew: 157246K->157246K(157248K), 0.0000337 secs]2017-11-07T23:52:26.181+0300: 350.938: [CMS: 296655K->349565K(349568K), 0.1450190 secs] 453901K->443153K(506816K), [Metaspace: 9742K->9742K(1058816K)], 0.1451745 secs] [Times: user=0.14 sys=0.00, real=0.14 secs] 
2017-11-07T23:52:26.326+0300: 351.083: [GC (CMS Initial Mark) [1 CMS-initial-mark: 349565K(349568K)] 443693K(506816K), 0.0028930 secs] [Times: user=0.00 sys=0.00, real=0.00 secs] 
2017-11-07T23:52:26.329+0300: 351.086: [CMS-concurrent-mark-start]
2017-11-07T23:52:26.344+0300: 351.100: [CMS-concurrent-mark: 0.014/0.014 secs] [Times: user=0.02 sys=0.00, real=0.02 secs] 
2017-11-07T23:52:26.344+0300: 351.101: [CMS-concurrent-preclean-start]
2017-11-07T23:52:26.358+0300: 351.115: [CMS-concurrent-preclean: 0.014/0.014 secs] [Times: user=0.02 sys=0.00, real=0.01 secs] 
2017-11-07T23:52:26.358+0300: 351.115: [CMS-concurrent-abortable-preclean-start]
2017-11-07T23:52:26.358+0300: 351.115: [CMS-concurrent-abortable-preclean: 0.000/0.000 secs] [Times: user=0.00 sys=0.00, real=0.00 secs] 
2017-11-07T23:52:26.358+0300: 351.115: [GC (CMS Final Remark) [YG occupancy: 98293 K (157248 K)]2017-11-07T23:52:26.358+0300: 351.115: [GC (CMS Final Remark) 2017-11-07T23:52:26.358+0300: 351.115: [ParNew: 98293K->98293K(157248K), 0.0000174 secs] 447858K->447858K(506816K), 0.0000494 secs] [Times: user=0.00 sys=0.00, real=0.00 secs] 
2017-11-07T23:52:26.358+0300: 351.115: [Rescan (parallel) , 0.0029906 secs]2017-11-07T23:52:26.361+0300: 351.118: [weak refs processing, 0.0000639 secs]2017-11-07T23:52:26.361+0300: 351.118: [class unloading, 0.0014785 secs]2017-11-07T23:52:26.363+0300: 351.119: [scrub symbol table, 0.0009022 secs]2017-11-07T23:52:26.364+0300: 351.120: [scrub string table, 0.0002191 secs][1 CMS-remark: 349565K(349568K)] 447858K(506816K), 0.0058787 secs] [Times: user=0.00 sys=0.00, real=0.01 secs] 
2017-11-07T23:52:26.364+0300: 351.121: [CMS-concurrent-sweep-start]
2017-11-07T23:52:26.373+0300: 351.130: [CMS-concurrent-sweep: 0.009/0.009 secs] [Times: user=0.02 sys=0.00, real=0.01 secs] 
2017-11-07T23:52:26.374+0300: 351.130: [CMS-concurrent-reset-start]
2017-11-07T23:52:26.374+0300: 351.131: [CMS-concurrent-reset: 0.000/0.000 secs] [Times: user=0.00 sys=0.00, real=0.00 secs] 
2017-11-07T23:52:28.374+0300: 353.131: [GC (CMS Initial Mark) [1 CMS-initial-mark: 347046K(349568K)] 450693K(506816K), 0.0042760 secs] [Times: user=0.01 sys=0.00, real=0.00 secs] 
2017-11-07T23:52:28.378+0300: 353.135: [CMS-concurrent-mark-start]
2017-11-07T23:52:28.398+0300: 353.154: [CMS-concurrent-mark: 0.019/0.019 secs] [Times: user=0.02 sys=0.00, real=0.02 secs] 
2017-11-07T23:52:28.398+0300: 353.155: [CMS-concurrent-preclean-start]
2017-11-07T23:52:28.399+0300: 353.156: [CMS-concurrent-preclean: 0.001/0.001 secs] [Times: user=0.00 sys=0.00, real=0.00 secs] 
2017-11-07T23:52:28.399+0300: 353.156: [CMS-concurrent-abortable-preclean-start]
2017-11-07T23:52:28.399+0300: 353.156: [CMS-concurrent-abortable-preclean: 0.000/0.000 secs] [Times: user=0.00 sys=0.00, real=0.00 secs] 
2017-11-07T23:52:28.399+0300: 353.156: [GC (CMS Final Remark) [YG occupancy: 103647 K (157248 K)]2017-11-07T23:52:28.399+0300: 353.156: [GC (CMS Final Remark) 2017-11-07T23:52:28.399+0300: 353.156: [ParNew: 103647K->103647K(157248K), 0.0000270 secs] 450693K->450693K(506816K), 0.0000685 secs] [Times: user=0.00 sys=0.00, real=0.00 secs] 
2017-11-07T23:52:28.399+0300: 353.156: [Rescan (parallel) , 0.0045568 secs]2017-11-07T23:52:28.404+0300: 353.161: [weak refs processing, 0.0000888 secs]2017-11-07T23:52:28.404+0300: 353.161: [class unloading, 0.0024321 secs]2017-11-07T23:52:28.407+0300: 353.163: [scrub symbol table, 0.0013656 secs]2017-11-07T23:52:28.408+0300: 353.165: [scrub string table, 0.0003625 secs][1 CMS-remark: 347046K(349568K)] 450693K(506816K), 0.0091143 secs] [Times: user=0.00 sys=0.00, real=0.01 secs] 
2017-11-07T23:52:28.409+0300: 353.165: [CMS-concurrent-sweep-start]
2017-11-07T23:52:28.419+0300: 353.176: [CMS-concurrent-sweep: 0.010/0.010 secs] [Times: user=0.00 sys=0.00, real=0.01 secs] 
2017-11-07T23:52:28.419+0300: 353.176: [CMS-concurrent-reset-start]
2017-11-07T23:52:28.419+0300: 353.176: [CMS-concurrent-reset: 0.000/0.000 secs] [Times: user=0.00 sys=0.00, real=0.00 secs] 
2017-11-07T23:52:30.419+0300: 355.176: [GC (CMS Initial Mark) [1 CMS-initial-mark: 344526K(349568K)] 453661K(506816K), 0.0050972 secs] [Times: user=0.02 sys=0.00, real=0.01 secs] 
2017-11-07T23:52:30.424+0300: 355.181: [CMS-concurrent-mark-start]
2017-11-07T23:52:30.444+0300: 355.201: [CMS-concurrent-mark: 0.020/0.020 secs] [Times: user=0.02 sys=0.00, real=0.02 secs] 
2017-11-07T23:52:30.444+0300: 355.201: [CMS-concurrent-preclean-start]
2017-11-07T23:52:30.445+0300: 355.202: [CMS-concurrent-preclean: 0.001/0.001 secs] [Times: user=0.00 sys=0.00, real=0.00 secs] 
2017-11-07T23:52:30.445+0300: 355.202: [CMS-concurrent-abortable-preclean-start]
2017-11-07T23:52:30.445+0300: 355.202: [CMS-concurrent-abortable-preclean: 0.000/0.000 secs] [Times: user=0.00 sys=0.00, real=0.00 secs] 
2017-11-07T23:52:30.446+0300: 355.203: [GC (CMS Final Remark) [YG occupancy: 109135 K (157248 K)]2017-11-07T23:52:30.446+0300: 355.203: [GC (CMS Final Remark) 2017-11-07T23:52:30.446+0300: 355.203: [ParNew: 109135K->109135K(157248K), 0.0000284 secs] 453661K->453661K(506816K), 0.0000731 secs] [Times: user=0.00 sys=0.00, real=0.00 secs] 
2017-11-07T23:52:30.446+0300: 355.203: [Rescan (parallel) , 0.0051206 secs]2017-11-07T23:52:30.451+0300: 355.208: [weak refs processing, 0.0000852 secs]2017-11-07T23:52:30.451+0300: 355.208: [class unloading, 0.0017994 secs]2017-11-07T23:52:30.453+0300: 355.210: [scrub symbol table, 0.0010669 secs]2017-11-07T23:52:30.454+0300: 355.211: [scrub string table, 0.0002386 secs][1 CMS-remark: 344526K(349568K)] 453661K(506816K), 0.0086464 secs] [Times: user=0.02 sys=0.00, real=0.01 secs] 
2017-11-07T23:52:30.454+0300: 355.211: [CMS-concurrent-sweep-start]
2017-11-07T23:52:30.464+0300: 355.221: [CMS-concurrent-sweep: 0.009/0.009 secs] [Times: user=0.00 sys=0.00, real=0.01 secs] 
2017-11-07T23:52:30.464+0300: 355.221: [CMS-concurrent-reset-start]
2017-11-07T23:52:30.464+0300: 355.221: [CMS-concurrent-reset: 0.000/0.000 secs] [Times: user=0.00 sys=0.00, real=0.00 secs] 
2017-11-07T23:52:32.465+0300: 357.221: [GC (CMS Initial Mark) [1 CMS-initial-mark: 342006K(349568K)] 456493K(506816K), 0.0059398 secs] [Times: user=0.00 sys=0.00, real=0.01 secs] 
2017-11-07T23:52:32.471+0300: 357.227: [CMS-concurrent-mark-start]
2017-11-07T23:52:32.490+0300: 357.246: [CMS-concurrent-mark: 0.019/0.019 secs] [Times: user=0.02 sys=0.00, real=0.02 secs] 
2017-11-07T23:52:32.490+0300: 357.246: [CMS-concurrent-preclean-start]
2017-11-07T23:52:32.492+0300: 357.248: [CMS-concurrent-preclean: 0.001/0.001 secs] [Times: user=0.00 sys=0.00, real=0.00 secs] 
2017-11-07T23:52:32.492+0300: 357.248: [CMS-concurrent-abortable-preclean-start]
2017-11-07T23:52:32.492+0300: 357.248: [CMS-concurrent-abortable-preclean: 0.000/0.000 secs] [Times: user=0.00 sys=0.00, real=0.00 secs] 
2017-11-07T23:52:32.492+0300: 357.248: [GC (CMS Final Remark) [YG occupancy: 114486 K (157248 K)]2017-11-07T23:52:32.492+0300: 357.248: [GC (CMS Final Remark) 2017-11-07T23:52:32.492+0300: 357.248: [ParNew: 114486K->114486K(157248K), 0.0000291 secs] 456493K->456493K(506816K), 0.0000739 secs] [Times: user=0.00 sys=0.00, real=0.00 secs] 
2017-11-07T23:52:32.492+0300: 357.248: [Rescan (parallel) , 0.0044148 secs]2017-11-07T23:52:32.496+0300: 357.252: [weak refs processing, 0.0000515 secs]2017-11-07T23:52:32.496+0300: 357.252: [class unloading, 0.0014589 secs]2017-11-07T23:52:32.498+0300: 357.254: [scrub symbol table, 0.0009239 secs]2017-11-07T23:52:32.499+0300: 357.255: [scrub string table, 0.0002201 secs][1 CMS-remark: 342006K(349568K)] 456493K(506816K), 0.0073461 secs] [Times: user=0.02 sys=0.00, real=0.01 secs] 
2017-11-07T23:52:32.499+0300: 357.255: [CMS-concurrent-sweep-start]
2017-11-07T23:52:32.508+0300: 357.264: [CMS-concurrent-sweep: 0.009/0.009 secs] [Times: user=0.00 sys=0.00, real=0.01 secs] 
2017-11-07T23:52:32.508+0300: 357.264: [CMS-concurrent-reset-start]
2017-11-07T23:52:32.509+0300: 357.265: [CMS-concurrent-reset: 0.000/0.000 secs] [Times: user=0.00 sys=0.00, real=0.00 secs] 
2017-11-07T23:52:34.509+0300: 359.265: [GC (CMS Initial Mark) [1 CMS-initial-mark: 339487K(349568K)] 459338K(506816K), 0.0063854 secs] [Times: user=0.00 sys=0.00, real=0.01 secs] 
2017-11-07T23:52:34.515+0300: 359.271: [CMS-concurrent-mark-start]
2017-11-07T23:52:34.534+0300: 359.290: [CMS-concurrent-mark: 0.019/0.019 secs] [Times: user=0.02 sys=0.00, real=0.02 secs] 
2017-11-07T23:52:34.534+0300: 359.290: [CMS-concurrent-preclean-start]
2017-11-07T23:52:34.535+0300: 359.291: [CMS-concurrent-preclean: 0.001/0.001 secs] [Times: user=0.00 sys=0.00, real=0.00 secs] 
2017-11-07T23:52:34.535+0300: 359.291: [CMS-concurrent-abortable-preclean-start]
2017-11-07T23:52:34.535+0300: 359.291: [CMS-concurrent-abortable-preclean: 0.000/0.000 secs] [Times: user=0.00 sys=0.00, real=0.00 secs] 
2017-11-07T23:52:34.535+0300: 359.291: [GC (CMS Final Remark) [YG occupancy: 119851 K (157248 K)]2017-11-07T23:52:34.535+0300: 359.291: [GC (CMS Final Remark) 2017-11-07T23:52:34.535+0300: 359.291: [ParNew: 119851K->119851K(157248K), 0.0000202 secs] 459338K->459338K(506816K), 0.0000494 secs] [Times: user=0.00 sys=0.00, real=0.00 secs] 
2017-11-07T23:52:34.535+0300: 359.291: [Rescan (parallel) , 0.0048934 secs]2017-11-07T23:52:34.540+0300: 359.296: [weak refs processing, 0.0000636 secs]2017-11-07T23:52:34.540+0300: 359.296: [class unloading, 0.0016617 secs]2017-11-07T23:52:34.542+0300: 359.298: [scrub symbol table, 0.0009920 secs]2017-11-07T23:52:34.543+0300: 359.299: [scrub string table, 0.0002510 secs][1 CMS-remark: 339487K(349568K)] 459338K(506816K), 0.0081056 secs] [Times: user=0.06 sys=0.00, real=0.01 secs] 
2017-11-07T23:52:34.543+0300: 359.300: [CMS-concurrent-sweep-start]
2017-11-07T23:52:34.553+0300: 359.309: [CMS-concurrent-sweep: 0.010/0.010 secs] [Times: user=0.00 sys=0.00, real=0.01 secs] 
2017-11-07T23:52:34.553+0300: 359.309: [CMS-concurrent-reset-start]
2017-11-07T23:52:34.554+0300: 359.310: [CMS-concurrent-reset: 0.000/0.000 secs] [Times: user=0.00 sys=0.00, real=0.00 secs] 
2017-11-07T23:52:36.554+0300: 361.310: [GC (CMS Initial Mark) [1 CMS-initial-mark: 336967K(349568K)] 462527K(506816K), 0.0048391 secs] [Times: user=0.00 sys=0.00, real=0.00 secs] 
2017-11-07T23:52:36.559+0300: 361.315: [CMS-concurrent-mark-start]
2017-11-07T23:52:36.572+0300: 361.328: [CMS-concurrent-mark: 0.013/0.013 secs] [Times: user=0.01 sys=0.00, real=0.01 secs] 
2017-11-07T23:52:36.572+0300: 361.328: [CMS-concurrent-preclean-start]
2017-11-07T23:52:36.573+0300: 361.329: [CMS-concurrent-preclean: 0.001/0.001 secs] [Times: user=0.00 sys=0.00, real=0.00 secs] 
2017-11-07T23:52:36.573+0300: 361.329: [CMS-concurrent-abortable-preclean-start]
2017-11-07T23:52:36.573+0300: 361.329: [CMS-concurrent-abortable-preclean: 0.000/0.000 secs] [Times: user=0.00 sys=0.00, real=0.00 secs] 
2017-11-07T23:52:36.573+0300: 361.329: [GC (CMS Final Remark) [YG occupancy: 125559 K (157248 K)]2017-11-07T23:52:36.573+0300: 361.329: [GC (CMS Final Remark) 2017-11-07T23:52:36.573+0300: 361.329: [ParNew: 125559K->125559K(157248K), 0.0000181 secs] 462527K->462527K(506816K), 0.0000462 secs] [Times: user=0.00 sys=0.00, real=0.00 secs] 
2017-11-07T23:52:36.573+0300: 361.329: [Rescan (parallel) , 0.0052783 secs]2017-11-07T23:52:36.578+0300: 361.335: [weak refs processing, 0.0000873 secs]2017-11-07T23:52:36.579+0300: 361.335: [class unloading, 0.0014746 secs]2017-11-07T23:52:36.580+0300: 361.336: [scrub symbol table, 0.0009555 secs]2017-11-07T23:52:36.581+0300: 361.337: [scrub string table, 0.0002194 secs][1 CMS-remark: 336967K(349568K)] 462527K(506816K), 0.0082420 secs] [Times: user=0.00 sys=0.00, real=0.01 secs] 
2017-11-07T23:52:36.581+0300: 361.338: [CMS-concurrent-sweep-start]
2017-11-07T23:52:36.591+0300: 361.347: [CMS-concurrent-sweep: 0.009/0.009 secs] [Times: user=0.02 sys=0.00, real=0.01 secs] 
2017-11-07T23:52:36.591+0300: 361.347: [CMS-concurrent-reset-start]
2017-11-07T23:52:36.591+0300: 361.347: [CMS-concurrent-reset: 0.000/0.000 secs] [Times: user=0.00 sys=0.00, real=0.00 secs] 
2017-11-07T23:52:38.591+0300: 363.347: [GC (CMS Initial Mark) [1 CMS-initial-mark: 334448K(349568K)] 465475K(506816K), 0.0078564 secs] [Times: user=0.02 sys=0.00, real=0.01 secs] 
2017-11-07T23:52:38.599+0300: 363.355: [CMS-concurrent-mark-start]
2017-11-07T23:52:38.618+0300: 363.374: [CMS-concurrent-mark: 0.019/0.019 secs] [Times: user=0.02 sys=0.00, real=0.02 secs] 
2017-11-07T23:52:38.618+0300: 363.374: [CMS-concurrent-preclean-start]
2017-11-07T23:52:38.619+0300: 363.375: [CMS-concurrent-preclean: 0.001/0.001 secs] [Times: user=0.00 sys=0.00, real=0.00 secs] 
2017-11-07T23:52:38.619+0300: 363.375: [CMS-concurrent-abortable-preclean-start]
2017-11-07T23:52:38.619+0300: 363.375: [CMS-concurrent-abortable-preclean: 0.000/0.000 secs] [Times: user=0.00 sys=0.00, real=0.00 secs] 
2017-11-07T23:52:38.619+0300: 363.376: [GC (CMS Final Remark) [YG occupancy: 131027 K (157248 K)]2017-11-07T23:52:38.619+0300: 363.376: [GC (CMS Final Remark) 2017-11-07T23:52:38.619+0300: 363.376: [ParNew: 131027K->131027K(157248K), 0.0000288 secs] 465475K->465475K(506816K), 0.0000742 secs] [Times: user=0.00 sys=0.00, real=0.00 secs] 
2017-11-07T23:52:38.620+0300: 363.376: [Rescan (parallel) , 0.0082100 secs]2017-11-07T23:52:38.628+0300: 363.384: [weak refs processing, 0.0000952 secs]2017-11-07T23:52:38.628+0300: 363.384: [class unloading, 0.0024314 secs]2017-11-07T23:52:38.630+0300: 363.387: [scrub symbol table, 0.0013872 secs]2017-11-07T23:52:38.632+0300: 363.388: [scrub string table, 0.0003646 secs][1 CMS-remark: 334448K(349568K)] 465475K(506816K), 0.0128517 secs] [Times: user=0.06 sys=0.00, real=0.01 secs] 
2017-11-07T23:52:38.632+0300: 363.389: [CMS-concurrent-sweep-start]
2017-11-07T23:52:38.645+0300: 363.401: [CMS-concurrent-sweep: 0.012/0.012 secs] [Times: user=0.01 sys=0.00, real=0.01 secs] 
2017-11-07T23:52:38.645+0300: 363.401: [CMS-concurrent-reset-start]
2017-11-07T23:52:38.646+0300: 363.402: [CMS-concurrent-reset: 0.001/0.001 secs] [Times: user=0.00 sys=0.00, real=0.00 secs] 
2017-11-07T23:52:40.645+0300: 365.401: [GC (CMS Initial Mark) [1 CMS-initial-mark: 331928K(349568K)] 468360K(506816K), 0.0083996 secs] [Times: user=0.00 sys=0.00, real=0.01 secs] 
2017-11-07T23:52:40.653+0300: 365.410: [CMS-concurrent-mark-start]
2017-11-07T23:52:40.672+0300: 365.429: [CMS-concurrent-mark: 0.019/0.019 secs] [Times: user=0.03 sys=0.00, real=0.02 secs] 
2017-11-07T23:52:40.672+0300: 365.429: [CMS-concurrent-preclean-start]
2017-11-07T23:52:40.674+0300: 365.430: [CMS-concurrent-preclean: 0.001/0.001 secs] [Times: user=0.00 sys=0.00, real=0.00 secs] 
2017-11-07T23:52:40.674+0300: 365.430: [CMS-concurrent-abortable-preclean-start]
2017-11-07T23:52:40.674+0300: 365.430: [CMS-concurrent-abortable-preclean: 0.000/0.000 secs] [Times: user=0.00 sys=0.00, real=0.00 secs] 
2017-11-07T23:52:40.674+0300: 365.430: [GC (CMS Final Remark) [YG occupancy: 136431 K (157248 K)]2017-11-07T23:52:40.674+0300: 365.431: [GC (CMS Final Remark) 2017-11-07T23:52:40.674+0300: 365.431: [ParNew: 136431K->136431K(157248K), 0.0000291 secs] 468360K->468360K(506816K), 0.0000739 secs] [Times: user=0.00 sys=0.00, real=0.00 secs] 
2017-11-07T23:52:40.674+0300: 365.431: [Rescan (parallel) , 0.0080488 secs]2017-11-07T23:52:40.682+0300: 365.439: [weak refs processing, 0.0000557 secs]2017-11-07T23:52:40.682+0300: 365.439: [class unloading, 0.0015470 secs]2017-11-07T23:52:40.684+0300: 365.440: [scrub symbol table, 0.0009501 secs]2017-11-07T23:52:40.685+0300: 365.441: [scrub string table, 0.0002230 secs][1 CMS-remark: 331928K(349568K)] 468360K(506816K), 0.0111332 secs] [Times: user=0.00 sys=0.00, real=0.01 secs] 
2017-11-07T23:52:40.685+0300: 365.442: [CMS-concurrent-sweep-start]
2017-11-07T23:52:40.695+0300: 365.451: [CMS-concurrent-sweep: 0.009/0.009 secs] [Times: user=0.02 sys=0.00, real=0.01 secs] 
2017-11-07T23:52:40.695+0300: 365.451: [CMS-concurrent-reset-start]
2017-11-07T23:52:40.695+0300: 365.451: [CMS-concurrent-reset: 0.000/0.000 secs] [Times: user=0.00 sys=0.00, real=0.00 secs] 
2017-11-07T23:52:42.695+0300: 367.451: [GC (CMS Initial Mark) [1 CMS-initial-mark: 329409K(349568K)] 471335K(506816K), 0.0089751 secs] [Times: user=0.02 sys=0.00, real=0.01 secs] 
2017-11-07T23:52:42.704+0300: 367.460: [CMS-concurrent-mark-start]
2017-11-07T23:52:42.723+0300: 367.480: [CMS-concurrent-mark: 0.019/0.019 secs] [Times: user=0.02 sys=0.00, real=0.02 secs] 
2017-11-07T23:52:42.723+0300: 367.480: [CMS-concurrent-preclean-start]
2017-11-07T23:52:42.725+0300: 367.481: [CMS-concurrent-preclean: 0.001/0.001 secs] [Times: user=0.00 sys=0.00, real=0.00 secs] 
2017-11-07T23:52:42.725+0300: 367.481: [CMS-concurrent-abortable-preclean-start]
2017-11-07T23:52:42.725+0300: 367.481: [CMS-concurrent-abortable-preclean: 0.000/0.000 secs] [Times: user=0.00 sys=0.00, real=0.00 secs] 
2017-11-07T23:52:42.725+0300: 367.481: [GC (CMS Final Remark) [YG occupancy: 141926 K (157248 K)]2017-11-07T23:52:42.725+0300: 367.481: [GC (CMS Final Remark) 2017-11-07T23:52:42.725+0300: 367.482: [ParNew: 141926K->141926K(157248K), 0.0000284 secs] 471335K->471335K(506816K), 0.0000735 secs] [Times: user=0.00 sys=0.00, real=0.00 secs] 
2017-11-07T23:52:42.725+0300: 367.482: [Rescan (parallel) , 0.0092865 secs]2017-11-07T23:52:42.734+0300: 367.491: [weak refs processing, 0.0000884 secs]2017-11-07T23:52:42.735+0300: 367.491: [class unloading, 0.0023867 secs]2017-11-07T23:52:42.737+0300: 367.493: [scrub symbol table, 0.0013677 secs]2017-11-07T23:52:42.738+0300: 367.495: [scrub string table, 0.0003895 secs][1 CMS-remark: 329409K(349568K)] 471335K(506816K), 0.0138888 secs] [Times: user=0.06 sys=0.00, real=0.01 secs] 
2017-11-07T23:52:42.739+0300: 367.495: [CMS-concurrent-sweep-start]
2017-11-07T23:52:42.751+0300: 367.508: [CMS-concurrent-sweep: 0.012/0.012 secs] [Times: user=0.02 sys=0.00, real=0.01 secs] 
2017-11-07T23:52:42.751+0300: 367.508: [CMS-concurrent-reset-start]
2017-11-07T23:52:42.752+0300: 367.508: [CMS-concurrent-reset: 0.001/0.001 secs] [Times: user=0.00 sys=0.00, real=0.00 secs] 
2017-11-07T23:52:44.752+0300: 369.508: [GC (CMS Initial Mark) [1 CMS-initial-mark: 326889K(349568K)] 474115K(506816K), 0.0092393 secs] [Times: user=0.02 sys=0.00, real=0.01 secs] 
2017-11-07T23:52:44.761+0300: 369.518: [CMS-concurrent-mark-start]
2017-11-07T23:52:44.780+0300: 369.537: [CMS-concurrent-mark: 0.019/0.019 secs] [Times: user=0.01 sys=0.00, real=0.02 secs] 
2017-11-07T23:52:44.780+0300: 369.537: [CMS-concurrent-preclean-start]
2017-11-07T23:52:44.782+0300: 369.538: [CMS-concurrent-preclean: 0.001/0.001 secs] [Times: user=0.00 sys=0.00, real=0.00 secs] 
2017-11-07T23:52:44.782+0300: 369.538: [CMS-concurrent-abortable-preclean-start]
2017-11-07T23:52:44.782+0300: 369.538: [CMS-concurrent-abortable-preclean: 0.000/0.000 secs] [Times: user=0.00 sys=0.00, real=0.00 secs] 
2017-11-07T23:52:44.782+0300: 369.538: [GC (CMS Final Remark) [YG occupancy: 147225 K (157248 K)]2017-11-07T23:52:44.782+0300: 369.539: [GC (CMS Final Remark) 2017-11-07T23:52:44.782+0300: 369.539: [ParNew: 147225K->147225K(157248K), 0.0000291 secs] 474115K->474115K(506816K), 0.0000728 secs] [Times: user=0.00 sys=0.00, real=0.00 secs] 
2017-11-07T23:52:44.782+0300: 369.539: [Rescan (parallel) , 0.0088747 secs]2017-11-07T23:52:44.791+0300: 369.548: [weak refs processing, 0.0000877 secs]2017-11-07T23:52:44.791+0300: 369.548: [class unloading, 0.0018048 secs]2017-11-07T23:52:44.793+0300: 369.550: [scrub symbol table, 0.0009849 secs]2017-11-07T23:52:44.794+0300: 369.551: [scrub string table, 0.0002248 secs][1 CMS-remark: 326889K(349568K)] 474115K(506816K), 0.0122932 secs] [Times: user=0.06 sys=0.00, real=0.01 secs] 
2017-11-07T23:52:44.794+0300: 369.551: [CMS-concurrent-sweep-start]
2017-11-07T23:52:44.803+0300: 369.560: [CMS-concurrent-sweep: 0.009/0.009 secs] [Times: user=0.00 sys=0.00, real=0.01 secs] 
2017-11-07T23:52:44.803+0300: 369.560: [CMS-concurrent-reset-start]
2017-11-07T23:52:44.804+0300: 369.560: [CMS-concurrent-reset: 0.000/0.000 secs] [Times: user=0.01 sys=0.00, real=0.00 secs] 
2017-11-07T23:52:46.804+0300: 371.560: [GC (CMS Initial Mark) [1 CMS-initial-mark: 324370K(349568K)] 476908K(506816K), 0.0097218 secs] [Times: user=0.00 sys=0.00, real=0.01 secs] 
2017-11-07T23:52:46.813+0300: 371.570: [CMS-concurrent-mark-start]
2017-11-07T23:52:46.832+0300: 371.589: [CMS-concurrent-mark: 0.019/0.019 secs] [Times: user=0.05 sys=0.00, real=0.02 secs] 
2017-11-07T23:52:46.832+0300: 371.589: [CMS-concurrent-preclean-start]
2017-11-07T23:52:46.833+0300: 371.590: [CMS-concurrent-preclean: 0.001/0.001 secs] [Times: user=0.00 sys=0.00, real=0.00 secs] 
2017-11-07T23:52:46.833+0300: 371.590: [CMS-concurrent-abortable-preclean-start]
2017-11-07T23:52:46.833+0300: 371.590: [CMS-concurrent-abortable-preclean: 0.000/0.000 secs] [Times: user=0.00 sys=0.00, real=0.00 secs] 
2017-11-07T23:52:46.833+0300: 371.590: [GC (CMS Final Remark) [YG occupancy: 152563 K (157248 K)]2017-11-07T23:52:46.833+0300: 371.590: [GC (CMS Final Remark) 2017-11-07T23:52:46.833+0300: 371.590: [ParNew: 152563K->152563K(157248K), 0.0000178 secs] 476934K->476934K(506816K), 0.0000437 secs] [Times: user=0.00 sys=0.00, real=0.00 secs] 
2017-11-07T23:52:46.833+0300: 371.590: [Rescan (parallel) , 0.0059632 secs]2017-11-07T23:52:46.839+0300: 371.596: [weak refs processing, 0.0000973 secs]2017-11-07T23:52:46.839+0300: 371.596: [class unloading, 0.0015999 secs]2017-11-07T23:52:46.841+0300: 371.598: [scrub symbol table, 0.0169700 secs]2017-11-07T23:52:46.858+0300: 371.615: [scrub string table, 0.0002248 secs][1 CMS-remark: 324370K(349568K)] 476934K(506816K), 0.0251079 secs] [Times: user=0.00 sys=0.00, real=0.03 secs] 
2017-11-07T23:52:46.858+0300: 371.615: [CMS-concurrent-sweep-start]
2017-11-07T23:52:46.867+0300: 371.624: [CMS-concurrent-sweep: 0.009/0.009 secs] [Times: user=0.02 sys=0.00, real=0.01 secs] 
2017-11-07T23:52:46.867+0300: 371.624: [CMS-concurrent-reset-start]
2017-11-07T23:52:46.868+0300: 371.625: [CMS-concurrent-reset: 0.000/0.000 secs] [Times: user=0.00 sys=0.00, real=0.00 secs] 
2017-11-07T23:52:48.336+0300: 373.092: [GC (Allocation Failure) 2017-11-07T23:52:48.336+0300: 373.092: [ParNew: 157247K->157247K(157248K), 0.0000327 secs]2017-11-07T23:52:48.336+0300: 373.092: [CMS: 321850K->349566K(349568K), 0.1400730 secs] 479098K->474835K(506816K), [Metaspace: 9756K->9756K(1058816K)], 0.1402310 secs] [Times: user=0.14 sys=0.00, real=0.14 secs] 
2017-11-07T23:52:48.476+0300: 373.232: [GC (CMS Initial Mark) [1 CMS-initial-mark: 349566K(349568K)] 475193K(506816K), 0.0036756 secs] [Times: user=0.00 sys=0.00, real=0.00 secs] 
2017-11-07T23:52:48.480+0300: 373.236: [CMS-concurrent-mark-start]
2017-11-07T23:52:48.494+0300: 373.250: [CMS-concurrent-mark: 0.014/0.014 secs] [Times: user=0.02 sys=0.00, real=0.01 secs] 
2017-11-07T23:52:48.494+0300: 373.250: [CMS-concurrent-preclean-start]
2017-11-07T23:52:48.508+0300: 373.264: [CMS-concurrent-preclean: 0.014/0.014 secs] [Times: user=0.01 sys=0.00, real=0.01 secs] 
2017-11-07T23:52:48.508+0300: 373.264: [CMS-concurrent-abortable-preclean-start]
2017-11-07T23:52:48.508+0300: 373.264: [CMS-concurrent-abortable-preclean: 0.000/0.000 secs] [Times: user=0.00 sys=0.00, real=0.00 secs] 
2017-11-07T23:52:48.508+0300: 373.264: [GC (CMS Final Remark) [YG occupancy: 125974 K (157248 K)]2017-11-07T23:52:48.508+0300: 373.264: [GC (CMS Final Remark) 2017-11-07T23:52:48.508+0300: 373.264: [ParNew: 125974K->125974K(157248K), 0.0000178 secs] 475541K->475541K(506816K), 0.0000433 secs] [Times: user=0.00 sys=0.00, real=0.00 secs] 
2017-11-07T23:52:48.508+0300: 373.264: [Rescan (parallel) , 0.0037373 secs]2017-11-07T23:52:48.512+0300: 373.268: [weak refs processing, 0.0000550 secs]2017-11-07T23:52:48.512+0300: 373.268: [class unloading, 0.0014721 secs]2017-11-07T23:52:48.514+0300: 373.270: [scrub symbol table, 0.0009274 secs]2017-11-07T23:52:48.515+0300: 373.270: [scrub string table, 0.0002123 secs][1 CMS-remark: 349566K(349568K)] 475541K(506816K), 0.0066307 secs] [Times: user=0.00 sys=0.00, real=0.01 secs] 
2017-11-07T23:52:48.515+0300: 373.271: [CMS-concurrent-sweep-start]
2017-11-07T23:52:48.525+0300: 373.280: [CMS-concurrent-sweep: 0.010/0.010 secs] [Times: user=0.02 sys=0.00, real=0.01 secs] 
2017-11-07T23:52:48.525+0300: 373.280: [CMS-concurrent-reset-start]
2017-11-07T23:52:48.525+0300: 373.281: [CMS-concurrent-reset: 0.000/0.000 secs] [Times: user=0.00 sys=0.00, real=0.00 secs] 
2017-11-07T23:52:50.525+0300: 375.281: [GC (CMS Initial Mark) [1 CMS-initial-mark: 347047K(349568K)] 478371K(506816K), 0.0055567 secs] [Times: user=0.02 sys=0.00, real=0.00 secs] 
2017-11-07T23:52:50.530+0300: 375.286: [CMS-concurrent-mark-start]
2017-11-07T23:52:50.551+0300: 375.307: [CMS-concurrent-mark: 0.020/0.020 secs] [Times: user=0.02 sys=0.00, real=0.02 secs] 
2017-11-07T23:52:50.551+0300: 375.307: [CMS-concurrent-preclean-start]
2017-11-07T23:52:50.552+0300: 375.308: [CMS-concurrent-preclean: 0.001/0.002 secs] [Times: user=0.00 sys=0.00, real=0.00 secs] 
2017-11-07T23:52:50.552+0300: 375.308: [CMS-concurrent-abortable-preclean-start]
2017-11-07T23:52:50.552+0300: 375.308: [CMS-concurrent-abortable-preclean: 0.000/0.000 secs] [Times: user=0.00 sys=0.00, real=0.00 secs] 
2017-11-07T23:52:50.552+0300: 375.308: [GC (CMS Final Remark) [YG occupancy: 131324 K (157248 K)]2017-11-07T23:52:50.552+0300: 375.308: [GC (CMS Final Remark) 2017-11-07T23:52:50.553+0300: 375.308: [ParNew: 131324K->131324K(157248K), 0.0000302 secs] 478371K->478371K(506816K), 0.0000870 secs] [Times: user=0.00 sys=0.00, real=0.00 secs] 
2017-11-07T23:52:50.553+0300: 375.308: [Rescan (parallel) , 0.0040136 secs]2017-11-07T23:52:50.557+0300: 375.313: [weak refs processing, 0.0000582 secs]2017-11-07T23:52:50.557+0300: 375.313: [class unloading, 0.0014284 secs]2017-11-07T23:52:50.558+0300: 375.314: [scrub symbol table, 0.0009221 secs]2017-11-07T23:52:50.559+0300: 375.315: [scrub string table, 0.0002166 secs][1 CMS-remark: 347047K(349568K)] 478371K(506816K), 0.0069275 secs] [Times: user=0.00 sys=0.00, real=0.01 secs] 
2017-11-07T23:52:50.560+0300: 375.315: [CMS-concurrent-sweep-start]
2017-11-07T23:52:50.569+0300: 375.325: [CMS-concurrent-sweep: 0.009/0.009 secs] [Times: user=0.02 sys=0.00, real=0.01 secs] 
2017-11-07T23:52:50.569+0300: 375.325: [CMS-concurrent-reset-start]
2017-11-07T23:52:50.569+0300: 375.325: [CMS-concurrent-reset: 0.000/0.000 secs] [Times: user=0.00 sys=0.00, real=0.00 secs] 
2017-11-07T23:52:52.569+0300: 377.325: [GC (CMS Initial Mark) [1 CMS-initial-mark: 344527K(349568K)] 481197K(506816K), 0.0058609 secs] [Times: user=0.02 sys=0.00, real=0.01 secs] 
2017-11-07T23:52:52.575+0300: 377.331: [CMS-concurrent-mark-start]
2017-11-07T23:52:52.596+0300: 377.352: [CMS-concurrent-mark: 0.021/0.021 secs] [Times: user=0.02 sys=0.00, real=0.02 secs] 
2017-11-07T23:52:52.596+0300: 377.352: [CMS-concurrent-preclean-start]
2017-11-07T23:52:52.597+0300: 377.353: [CMS-concurrent-preclean: 0.001/0.001 secs] [Times: user=0.00 sys=0.00, real=0.00 secs] 
2017-11-07T23:52:52.597+0300: 377.353: [CMS-concurrent-abortable-preclean-start]
2017-11-07T23:52:52.597+0300: 377.353: [CMS-concurrent-abortable-preclean: 0.000/0.000 secs] [Times: user=0.00 sys=0.00, real=0.00 secs] 
2017-11-07T23:52:52.598+0300: 377.353: [GC (CMS Final Remark) [YG occupancy: 136670 K (157248 K)]2017-11-07T23:52:52.598+0300: 377.354: [GC (CMS Final Remark) 2017-11-07T23:52:52.598+0300: 377.354: [ParNew: 136670K->136670K(157248K), 0.0000288 secs] 481197K->481197K(506816K), 0.0000728 secs] [Times: user=0.00 sys=0.00, real=0.00 secs] 
2017-11-07T23:52:52.598+0300: 377.354: [Rescan (parallel) , 0.0063456 secs]2017-11-07T23:52:52.604+0300: 377.360: [weak refs processing, 0.0000895 secs]2017-11-07T23:52:52.604+0300: 377.360: [class unloading, 0.0022912 secs]2017-11-07T23:52:52.607+0300: 377.363: [scrub symbol table, 0.0013524 secs]2017-11-07T23:52:52.608+0300: 377.364: [scrub string table, 0.0003614 secs][1 CMS-remark: 344527K(349568K)] 481197K(506816K), 0.0107874 secs] [Times: user=0.02 sys=0.00, real=0.01 secs] 
2017-11-07T23:52:52.608+0300: 377.364: [CMS-concurrent-sweep-start]
2017-11-07T23:52:52.621+0300: 377.377: [CMS-concurrent-sweep: 0.013/0.013 secs] [Times: user=0.01 sys=0.00, real=0.01 secs] 
2017-11-07T23:52:52.621+0300: 377.377: [CMS-concurrent-reset-start]
2017-11-07T23:52:52.622+0300: 377.378: [CMS-concurrent-reset: 0.001/0.001 secs] [Times: user=0.00 sys=0.00, real=0.00 secs] 
2017-11-07T23:52:54.622+0300: 379.378: [GC (CMS Initial Mark) [1 CMS-initial-mark: 342008K(349568K)] 484011K(506816K), 0.0059934 secs] [Times: user=0.00 sys=0.00, real=0.01 secs] 
2017-11-07T23:52:54.628+0300: 379.384: [CMS-concurrent-mark-start]
2017-11-07T23:52:54.649+0300: 379.405: [CMS-concurrent-mark: 0.021/0.021 secs] [Times: user=0.03 sys=0.00, real=0.02 secs] 
2017-11-07T23:52:54.649+0300: 379.405: [CMS-concurrent-preclean-start]
2017-11-07T23:52:54.650+0300: 379.406: [CMS-concurrent-preclean: 0.001/0.001 secs] [Times: user=0.00 sys=0.00, real=0.00 secs] 
2017-11-07T23:52:54.650+0300: 379.406: [CMS-concurrent-abortable-preclean-start]
2017-11-07T23:52:54.650+0300: 379.406: [CMS-concurrent-abortable-preclean: 0.000/0.000 secs] [Times: user=0.00 sys=0.00, real=0.00 secs] 
2017-11-07T23:52:54.651+0300: 379.407: [GC (CMS Final Remark) [YG occupancy: 142002 K (157248 K)]2017-11-07T23:52:54.651+0300: 379.407: [GC (CMS Final Remark) 2017-11-07T23:52:54.651+0300: 379.407: [ParNew: 142002K->142002K(157248K), 0.0000291 secs] 484011K->484011K(506816K), 0.0000731 secs] [Times: user=0.00 sys=0.00, real=0.00 secs] 
2017-11-07T23:52:54.651+0300: 379.407: [Rescan (parallel) , 0.0068594 secs]2017-11-07T23:52:54.658+0300: 379.414: [weak refs processing, 0.0000884 secs]2017-11-07T23:52:54.658+0300: 379.414: [class unloading, 0.0022933 secs]2017-11-07T23:52:54.660+0300: 379.416: [scrub symbol table, 0.0013450 secs]2017-11-07T23:52:54.661+0300: 379.417: [scrub string table, 0.0003565 secs][1 CMS-remark: 342008K(349568K)] 484011K(506816K), 0.0112891 secs] [Times: user=0.00 sys=0.00, real=0.01 secs] 
2017-11-07T23:52:54.662+0300: 379.418: [CMS-concurrent-sweep-start]
2017-11-07T23:52:54.672+0300: 379.428: [CMS-concurrent-sweep: 0.010/0.010 secs] [Times: user=0.02 sys=0.00, real=0.01 secs] 
2017-11-07T23:52:54.672+0300: 379.428: [CMS-concurrent-reset-start]
2017-11-07T23:52:54.672+0300: 379.428: [CMS-concurrent-reset: 0.000/0.000 secs] [Times: user=0.00 sys=0.00, real=0.00 secs] 
2017-11-07T23:52:56.672+0300: 381.428: [GC (CMS Initial Mark) [1 CMS-initial-mark: 339488K(349568K)] 486804K(506816K), 0.0064585 secs] [Times: user=0.02 sys=0.00, real=0.01 secs] 
2017-11-07T23:52:56.678+0300: 381.434: [CMS-concurrent-mark-start]
2017-11-07T23:52:56.699+0300: 381.455: [CMS-concurrent-mark: 0.021/0.021 secs] [Times: user=0.02 sys=0.00, real=0.02 secs] 
2017-11-07T23:52:56.699+0300: 381.455: [CMS-concurrent-preclean-start]
2017-11-07T23:52:56.700+0300: 381.457: [CMS-concurrent-preclean: 0.001/0.001 secs] [Times: user=0.00 sys=0.00, real=0.00 secs] 
2017-11-07T23:52:56.700+0300: 381.457: [CMS-concurrent-abortable-preclean-start]
2017-11-07T23:52:56.700+0300: 381.457: [CMS-concurrent-abortable-preclean: 0.000/0.000 secs] [Times: user=0.00 sys=0.00, real=0.00 secs] 
2017-11-07T23:52:56.701+0300: 381.457: [GC (CMS Final Remark) [YG occupancy: 147315 K (157248 K)]2017-11-07T23:52:56.701+0300: 381.457: [GC (CMS Final Remark) 2017-11-07T23:52:56.701+0300: 381.457: [ParNew: 147315K->147315K(157248K), 0.0000288 secs] 486804K->486804K(506816K), 0.0000724 secs] [Times: user=0.00 sys=0.00, real=0.00 secs] 
2017-11-07T23:52:56.701+0300: 381.457: [Rescan (parallel) , 0.0048888 secs]2017-11-07T23:52:56.706+0300: 381.462: [weak refs processing, 0.0000618 secs]2017-11-07T23:52:56.706+0300: 381.462: [class unloading, 0.0014866 secs]2017-11-07T23:52:56.707+0300: 381.463: [scrub symbol table, 0.0009764 secs]2017-11-07T23:52:56.708+0300: 381.464: [scrub string table, 0.0002333 secs][1 CMS-remark: 339488K(349568K)] 486804K(506816K), 0.0079412 secs] [Times: user=0.02 sys=0.00, real=0.01 secs] 
2017-11-07T23:52:56.709+0300: 381.465: [CMS-concurrent-sweep-start]
2017-11-07T23:52:56.718+0300: 381.474: [CMS-concurrent-sweep: 0.009/0.009 secs] [Times: user=0.00 sys=0.00, real=0.01 secs] 
2017-11-07T23:52:56.718+0300: 381.474: [CMS-concurrent-reset-start]
2017-11-07T23:52:56.719+0300: 381.475: [CMS-concurrent-reset: 0.000/0.000 secs] [Times: user=0.00 sys=0.00, real=0.00 secs] 
2017-11-07T23:52:58.718+0300: 383.474: [GC (CMS Initial Mark) [1 CMS-initial-mark: 336969K(349568K)] 489584K(506816K), 0.0065284 secs] [Times: user=0.02 sys=0.00, real=0.01 secs] 
2017-11-07T23:52:58.724+0300: 383.481: [CMS-concurrent-mark-start]
2017-11-07T23:52:58.745+0300: 383.501: [CMS-concurrent-mark: 0.021/0.021 secs] [Times: user=0.01 sys=0.00, real=0.02 secs] 
2017-11-07T23:52:58.745+0300: 383.501: [CMS-concurrent-preclean-start]
2017-11-07T23:52:58.747+0300: 383.503: [CMS-concurrent-preclean: 0.001/0.001 secs] [Times: user=0.00 sys=0.00, real=0.00 secs] 
2017-11-07T23:52:58.747+0300: 383.503: [CMS-concurrent-abortable-preclean-start]
2017-11-07T23:52:58.747+0300: 383.503: [CMS-concurrent-abortable-preclean: 0.000/0.000 secs] [Times: user=0.00 sys=0.00, real=0.00 secs] 
2017-11-07T23:52:58.747+0300: 383.503: [GC (CMS Final Remark) [YG occupancy: 152614 K (157248 K)]2017-11-07T23:52:58.747+0300: 383.503: [GC (CMS Final Remark) 2017-11-07T23:52:58.747+0300: 383.503: [ParNew: 152614K->152614K(157248K), 0.0000288 secs] 489584K->489584K(506816K), 0.0000721 secs] [Times: user=0.00 sys=0.00, real=0.00 secs] 
2017-11-07T23:52:58.747+0300: 383.503: [Rescan (parallel) , 0.0072283 secs]2017-11-07T23:52:58.754+0300: 383.511: [weak refs processing, 0.0000987 secs]2017-11-07T23:52:58.754+0300: 383.511: [class unloading, 0.0024137 secs]2017-11-07T23:52:58.757+0300: 383.513: [scrub symbol table, 0.0013805 secs]2017-11-07T23:52:58.758+0300: 383.515: [scrub string table, 0.0003700 secs][1 CMS-remark: 336969K(349568K)] 489584K(506816K), 0.0118611 secs] [Times: user=0.06 sys=0.00, real=0.01 secs] 
2017-11-07T23:52:58.759+0300: 383.515: [CMS-concurrent-sweep-start]
2017-11-07T23:52:58.771+0300: 383.527: [CMS-concurrent-sweep: 0.012/0.012 secs] [Times: user=0.02 sys=0.00, real=0.01 secs] 
2017-11-07T23:52:58.771+0300: 383.528: [CMS-concurrent-reset-start]
2017-11-07T23:52:58.772+0300: 383.528: [CMS-concurrent-reset: 0.001/0.001 secs] [Times: user=0.00 sys=0.00, real=0.00 secs] 
2017-11-07T23:53:00.486+0300: 385.242: [GC (Allocation Failure) 2017-11-07T23:53:00.486+0300: 385.242: [ParNew: 157243K->157243K(157248K), 0.0000320 secs]2017-11-07T23:53:00.486+0300: 385.242: [CMS: 334449K->349566K(349568K), 0.1525306 secs] 491693K->489872K(506816K), [Metaspace: 9752K->9752K(1058816K)], 0.1526804 secs] [Times: user=0.16 sys=0.00, real=0.15 secs] 
2017-11-07T23:53:00.639+0300: 385.395: [GC (CMS Initial Mark) [1 CMS-initial-mark: 349566K(349568K)] 489947K(506816K), 0.0039784 secs] [Times: user=0.00 sys=0.00, real=0.00 secs] 
2017-11-07T23:53:00.643+0300: 385.399: [CMS-concurrent-mark-start]
2017-11-07T23:53:00.658+0300: 385.414: [CMS-concurrent-mark: 0.015/0.015 secs] [Times: user=0.02 sys=0.00, real=0.02 secs] 
2017-11-07T23:53:00.658+0300: 385.414: [CMS-concurrent-preclean-start]
2017-11-07T23:53:00.672+0300: 385.428: [CMS-concurrent-preclean: 0.014/0.014 secs] [Times: user=0.01 sys=0.00, real=0.01 secs] 
2017-11-07T23:53:00.672+0300: 385.428: [CMS-concurrent-abortable-preclean-start]
2017-11-07T23:53:00.672+0300: 385.428: [CMS-concurrent-abortable-preclean: 0.000/0.000 secs] [Times: user=0.00 sys=0.00, real=0.00 secs] 
2017-11-07T23:53:00.672+0300: 385.428: [GC (CMS Final Remark) [YG occupancy: 140978 K (157248 K)]2017-11-07T23:53:00.672+0300: 385.429: [GC (CMS Final Remark) 2017-11-07T23:53:00.672+0300: 385.429: [ParNew: 140978K->140978K(157248K), 0.0000181 secs] 490545K->490545K(506816K), 0.0000433 secs] [Times: user=0.00 sys=0.00, real=0.00 secs] 
2017-11-07T23:53:00.672+0300: 385.429: [Rescan (parallel) , 0.0040725 secs]2017-11-07T23:53:00.676+0300: 385.433: [weak refs processing, 0.0000628 secs]2017-11-07T23:53:00.676+0300: 385.433: [class unloading, 0.0014753 secs]2017-11-07T23:53:00.678+0300: 385.434: [scrub symbol table, 0.0009253 secs]2017-11-07T23:53:00.679+0300: 385.435: [scrub string table, 0.0002184 secs][1 CMS-remark: 349566K(349568K)] 490545K(506816K), 0.0069723 secs] [Times: user=0.00 sys=0.00, real=0.01 secs] 
2017-11-07T23:53:00.679+0300: 385.436: [CMS-concurrent-sweep-start]
2017-11-07T23:53:00.689+0300: 385.445: [CMS-concurrent-sweep: 0.010/0.010 secs] [Times: user=0.02 sys=0.00, real=0.01 secs] 
2017-11-07T23:53:00.689+0300: 385.445: [CMS-concurrent-reset-start]
2017-11-07T23:53:00.689+0300: 385.446: [CMS-concurrent-reset: 0.000/0.000 secs] [Times: user=0.00 sys=0.00, real=0.00 secs] 
2017-11-07T23:53:02.689+0300: 387.445: [GC (CMS Initial Mark) [1 CMS-initial-mark: 347047K(349568K)] 493326K(506816K), 0.0052076 secs] [Times: user=0.00 sys=0.00, real=0.01 secs] 
2017-11-07T23:53:02.694+0300: 387.450: [CMS-concurrent-mark-start]
2017-11-07T23:53:02.715+0300: 387.472: [CMS-concurrent-mark: 0.021/0.021 secs] [Times: user=0.03 sys=0.00, real=0.02 secs] 
2017-11-07T23:53:02.715+0300: 387.472: [CMS-concurrent-preclean-start]
2017-11-07T23:53:02.717+0300: 387.473: [CMS-concurrent-preclean: 0.001/0.001 secs] [Times: user=0.00 sys=0.00, real=0.00 secs] 
2017-11-07T23:53:02.717+0300: 387.473: [CMS-concurrent-abortable-preclean-start]
2017-11-07T23:53:02.717+0300: 387.473: [CMS-concurrent-abortable-preclean: 0.000/0.000 secs] [Times: user=0.00 sys=0.00, real=0.00 secs] 
2017-11-07T23:53:02.717+0300: 387.474: [GC (CMS Final Remark) [YG occupancy: 146279 K (157248 K)]2017-11-07T23:53:02.717+0300: 387.474: [GC (CMS Final Remark) 2017-11-07T23:53:02.717+0300: 387.474: [ParNew: 146279K->146279K(157248K), 0.0000330 secs] 493326K->493326K(506816K), 0.0000873 secs] [Times: user=0.00 sys=0.00, real=0.00 secs] 
2017-11-07T23:53:02.717+0300: 387.474: [Rescan (parallel) , 0.0058098 secs]2017-11-07T23:53:02.723+0300: 387.480: [weak refs processing, 0.0000909 secs]2017-11-07T23:53:02.723+0300: 387.480: [class unloading, 0.0024211 secs]2017-11-07T23:53:02.726+0300: 387.482: [scrub symbol table, 0.0013549 secs]2017-11-07T23:53:02.727+0300: 387.484: [scrub string table, 0.0003632 secs][1 CMS-remark: 347047K(349568K)] 493326K(506816K), 0.0104195 secs] [Times: user=0.00 sys=0.00, real=0.01 secs] 
2017-11-07T23:53:02.728+0300: 387.484: [CMS-concurrent-sweep-start]
2017-11-07T23:53:02.739+0300: 387.495: [CMS-concurrent-sweep: 0.011/0.011 secs] [Times: user=0.02 sys=0.00, real=0.01 secs] 
2017-11-07T23:53:02.739+0300: 387.495: [CMS-concurrent-reset-start]
2017-11-07T23:53:02.739+0300: 387.496: [CMS-concurrent-reset: 0.000/0.000 secs] [Times: user=0.00 sys=0.00, real=0.00 secs] 
2017-11-07T23:53:04.739+0300: 389.495: [GC (CMS Initial Mark) [1 CMS-initial-mark: 344527K(349568K)] 496106K(506816K), 0.0052002 secs] [Times: user=0.02 sys=0.00, real=0.00 secs] 
2017-11-07T23:53:04.744+0300: 389.501: [CMS-concurrent-mark-start]
2017-11-07T23:53:04.765+0300: 389.522: [CMS-concurrent-mark: 0.021/0.021 secs] [Times: user=0.02 sys=0.00, real=0.02 secs] 
2017-11-07T23:53:04.765+0300: 389.522: [CMS-concurrent-preclean-start]
2017-11-07T23:53:04.767+0300: 389.523: [CMS-concurrent-preclean: 0.001/0.001 secs] [Times: user=0.00 sys=0.00, real=0.00 secs] 
2017-11-07T23:53:04.767+0300: 389.523: [CMS-concurrent-abortable-preclean-start]
2017-11-07T23:53:04.767+0300: 389.523: [CMS-concurrent-abortable-preclean: 0.000/0.000 secs] [Times: user=0.00 sys=0.00, real=0.00 secs] 
2017-11-07T23:53:04.767+0300: 389.524: [GC (CMS Final Remark) [YG occupancy: 151578 K (157248 K)]2017-11-07T23:53:04.767+0300: 389.524: [GC (CMS Final Remark) 2017-11-07T23:53:04.767+0300: 389.524: [ParNew: 151578K->151578K(157248K), 0.0000277 secs] 496106K->496106K(506816K), 0.0000699 secs] [Times: user=0.00 sys=0.00, real=0.00 secs] 
2017-11-07T23:53:04.767+0300: 389.524: [Rescan (parallel) , 0.0052364 secs]2017-11-07T23:53:04.773+0300: 389.529: [weak refs processing, 0.0000685 secs]2017-11-07T23:53:04.773+0300: 389.529: [class unloading, 0.0016372 secs]2017-11-07T23:53:04.774+0300: 389.531: [scrub symbol table, 0.0010840 secs]2017-11-07T23:53:04.775+0300: 389.532: [scrub string table, 0.0002354 secs][1 CMS-remark: 344527K(349568K)] 496106K(506816K), 0.0085761 secs] [Times: user=0.06 sys=0.00, real=0.01 secs] 
2017-11-07T23:53:04.776+0300: 389.532: [CMS-concurrent-sweep-start]
2017-11-07T23:53:04.785+0300: 389.542: [CMS-concurrent-sweep: 0.009/0.009 secs] [Times: user=0.00 sys=0.00, real=0.01 secs] 
2017-11-07T23:53:04.785+0300: 389.542: [CMS-concurrent-reset-start]
2017-11-07T23:53:04.786+0300: 389.542: [CMS-concurrent-reset: 0.000/0.000 secs] [Times: user=0.00 sys=0.00, real=0.00 secs] 
2017-11-07T23:53:06.787+0300: 391.542: [GC (CMS Initial Mark) [1 CMS-initial-mark: 342008K(349568K)] 498899K(506816K), 0.0058148 secs] [Times: user=0.00 sys=0.00, real=0.01 secs] 
2017-11-07T23:53:06.793+0300: 391.548: [CMS-concurrent-mark-start]
2017-11-07T23:53:06.813+0300: 391.569: [CMS-concurrent-mark: 0.020/0.020 secs] [Times: user=0.02 sys=0.00, real=0.02 secs] 
2017-11-07T23:53:06.813+0300: 391.569: [CMS-concurrent-preclean-start]
2017-11-07T23:53:06.814+0300: 391.570: [CMS-concurrent-preclean: 0.001/0.001 secs] [Times: user=0.00 sys=0.00, real=0.00 secs] 
2017-11-07T23:53:06.814+0300: 391.570: [CMS-concurrent-abortable-preclean-start]
2017-11-07T23:53:06.814+0300: 391.570: [CMS-concurrent-abortable-preclean: 0.000/0.000 secs] [Times: user=0.00 sys=0.00, real=0.00 secs] 
2017-11-07T23:53:06.815+0300: 391.570: [GC (CMS Final Remark) [YG occupancy: 156891 K (157248 K)]2017-11-07T23:53:06.815+0300: 391.570: [GC (CMS Final Remark) 2017-11-07T23:53:06.815+0300: 391.570: [ParNew: 156891K->156891K(157248K), 0.0000288 secs] 498899K->498899K(506816K), 0.0000810 secs] [Times: user=0.00 sys=0.00, real=0.00 secs] 
2017-11-07T23:53:06.815+0300: 391.571: [Rescan (parallel) , 0.0056099 secs]2017-11-07T23:53:06.821+0300: 391.576: [weak refs processing, 0.0000916 secs]2017-11-07T23:53:06.821+0300: 391.576: [class unloading, 0.0023420 secs]2017-11-07T23:53:06.823+0300: 391.579: [scrub symbol table, 0.0013123 secs]2017-11-07T23:53:06.824+0300: 391.580: [scrub string table, 0.0003501 secs][1 CMS-remark: 342008K(349568K)] 498899K(506816K), 0.0100598 secs] [Times: user=0.06 sys=0.00, real=0.01 secs] 
2017-11-07T23:53:06.825+0300: 391.581: [CMS-concurrent-sweep-start]
2017-11-07T23:53:06.838+0300: 391.593: [CMS-concurrent-sweep: 0.013/0.013 secs] [Times: user=0.02 sys=0.00, real=0.01 secs] 
2017-11-07T23:53:06.838+0300: 391.593: [CMS-concurrent-reset-start]
2017-11-07T23:53:06.838+0300: 391.594: [CMS-concurrent-reset: 0.001/0.001 secs] [Times: user=0.00 sys=0.00, real=0.00 secs] 
2017-11-07T23:53:08.647+0300: 393.403: [GC (Allocation Failure) 2017-11-07T23:53:08.647+0300: 393.403: [ParNew: 157247K->157247K(157248K), 0.0000330 secs]2017-11-07T23:53:08.647+0300: 393.403: [CMS: 339488K->349566K(349568K), 0.1422818 secs] 496735K->495677K(506816K), [Metaspace: 9752K->9752K(1058816K)], 0.1424278 secs] [Times: user=0.14 sys=0.00, real=0.14 secs] 
2017-11-07T23:53:08.790+0300: 393.545: [GC (CMS Initial Mark) [1 CMS-initial-mark: 349566K(349568K)] 495742K(506816K), 0.0039877 secs] [Times: user=0.00 sys=0.00, real=0.00 secs] 
2017-11-07T23:53:08.794+0300: 393.549: [CMS-concurrent-mark-start]
2017-11-07T23:53:08.809+0300: 393.564: [CMS-concurrent-mark: 0.015/0.015 secs] [Times: user=0.02 sys=0.00, real=0.02 secs] 
2017-11-07T23:53:08.809+0300: 393.564: [CMS-concurrent-preclean-start]
2017-11-07T23:53:08.823+0300: 393.579: [CMS-concurrent-preclean: 0.014/0.014 secs] [Times: user=0.01 sys=0.00, real=0.01 secs] 
2017-11-07T23:53:08.823+0300: 393.579: [CMS-concurrent-abortable-preclean-start]
2017-11-07T23:53:08.823+0300: 393.579: [CMS-concurrent-abortable-preclean: 0.000/0.000 secs] [Times: user=0.00 sys=0.00, real=0.00 secs] 
2017-11-07T23:53:08.823+0300: 393.579: [GC (CMS Final Remark) [YG occupancy: 151056 K (157248 K)]2017-11-07T23:53:08.823+0300: 393.579: [GC (CMS Final Remark) 2017-11-07T23:53:08.823+0300: 393.579: [ParNew: 151056K->151056K(157248K), 0.0000174 secs] 500623K->500623K(506816K), 0.0000419 secs] [Times: user=0.00 sys=0.00, real=0.00 secs] 
2017-11-07T23:53:08.823+0300: 393.579: [Rescan (parallel) , 0.0040175 secs]2017-11-07T23:53:08.827+0300: 393.583: [weak refs processing, 0.0000572 secs]2017-11-07T23:53:08.827+0300: 393.583: [class unloading, 0.0015101 secs]2017-11-07T23:53:08.829+0300: 393.584: [scrub symbol table, 0.0009285 secs]2017-11-07T23:53:08.830+0300: 393.585: [scrub string table, 0.0003078 secs][1 CMS-remark: 349566K(349568K)] 500623K(506816K), 0.0070607 secs] [Times: user=0.02 sys=0.00, real=0.01 secs] 
2017-11-07T23:53:08.830+0300: 393.586: [CMS-concurrent-sweep-start]
2017-11-07T23:53:08.840+0300: 393.595: [CMS-concurrent-sweep: 0.010/0.010 secs] [Times: user=0.00 sys=0.00, real=0.01 secs] 
2017-11-07T23:53:08.840+0300: 393.595: [CMS-concurrent-reset-start]
2017-11-07T23:53:08.840+0300: 393.596: [CMS-concurrent-reset: 0.000/0.000 secs] [Times: user=0.00 sys=0.00, real=0.00 secs] 
2017-11-07T23:53:10.840+0300: 395.595: [GC (CMS Initial Mark) [1 CMS-initial-mark: 347047K(349568K)] 503430K(506816K), 0.0056380 secs] [Times: user=0.03 sys=0.00, real=0.01 secs] 
2017-11-07T23:53:10.845+0300: 395.601: [CMS-concurrent-mark-start]
2017-11-07T23:53:10.866+0300: 395.622: [CMS-concurrent-mark: 0.021/0.021 secs] [Times: user=0.02 sys=0.00, real=0.02 secs] 
2017-11-07T23:53:10.866+0300: 395.622: [CMS-concurrent-preclean-start]
2017-11-07T23:53:10.868+0300: 395.623: [CMS-concurrent-preclean: 0.001/0.001 secs] [Times: user=0.00 sys=0.00, real=0.00 secs] 
2017-11-07T23:53:10.868+0300: 395.623: [CMS-concurrent-abortable-preclean-start]
2017-11-07T23:53:10.868+0300: 395.623: [CMS-concurrent-abortable-preclean: 0.000/0.000 secs] [Times: user=0.00 sys=0.00, real=0.00 secs] 
2017-11-07T23:53:10.868+0300: 395.624: [GC (CMS Final Remark) [YG occupancy: 156382 K (157248 K)]2017-11-07T23:53:10.868+0300: 395.624: [GC (CMS Final Remark) 2017-11-07T23:53:10.868+0300: 395.624: [ParNew: 156382K->156382K(157248K), 0.0000249 secs] 503430K->503430K(506816K), 0.0000636 secs] [Times: user=0.00 sys=0.00, real=0.00 secs] 
2017-11-07T23:53:10.868+0300: 395.624: [Rescan (parallel) , 0.0048728 secs]2017-11-07T23:53:10.873+0300: 395.629: [weak refs processing, 0.0000795 secs]2017-11-07T23:53:10.873+0300: 395.629: [class unloading, 0.0020686 secs]2017-11-07T23:53:10.875+0300: 395.631: [scrub symbol table, 0.0011983 secs]2017-11-07T23:53:10.876+0300: 395.632: [scrub string table, 0.0003181 secs][1 CMS-remark: 347047K(349568K)] 503430K(506816K), 0.0088477 secs] [Times: user=0.06 sys=0.00, real=0.01 secs] 
2017-11-07T23:53:10.877+0300: 395.632: [CMS-concurrent-sweep-start]
2017-11-07T23:53:10.888+0300: 395.644: [CMS-concurrent-sweep: 0.012/0.012 secs] [Times: user=0.02 sys=0.00, real=0.01 secs] 
2017-11-07T23:53:10.888+0300: 395.644: [CMS-concurrent-reset-start]
2017-11-07T23:53:10.889+0300: 395.645: [CMS-concurrent-reset: 0.001/0.001 secs] [Times: user=0.00 sys=0.00, real=0.00 secs] 
2017-11-07T23:53:12.795+0300: 397.551: [GC (Allocation Failure) 2017-11-07T23:53:12.795+0300: 397.551: [ParNew: 157247K->157247K(157248K), 0.0000327 secs]2017-11-07T23:53:12.795+0300: 397.551: [CMS: 344527K->349566K(349568K), 0.1246703 secs] 501775K->501250K(506816K), [Metaspace: 9752K->9752K(1058816K)], 0.1248127 secs] [Times: user=0.13 sys=0.00, real=0.13 secs] 
2017-11-07T23:53:12.920+0300: 397.676: [GC (CMS Initial Mark) [1 CMS-initial-mark: 349566K(349568K)] 501258K(506816K), 0.0041105 secs] [Times: user=0.00 sys=0.00, real=0.00 secs] 
2017-11-07T23:53:12.924+0300: 397.680: [CMS-concurrent-mark-start]
2017-11-07T23:53:12.939+0300: 397.695: [CMS-concurrent-mark: 0.015/0.015 secs] [Times: user=0.01 sys=0.00, real=0.01 secs] 
2017-11-07T23:53:12.939+0300: 397.695: [CMS-concurrent-preclean-start]
2017-11-07T23:53:12.953+0300: 397.709: [CMS-concurrent-preclean: 0.014/0.014 secs] [Times: user=0.02 sys=0.00, real=0.01 secs] 
2017-11-07T23:53:12.953+0300: 397.709: [CMS-concurrent-abortable-preclean-start]
2017-11-07T23:53:12.953+0300: 397.709: [CMS-concurrent-abortable-preclean: 0.000/0.000 secs] [Times: user=0.00 sys=0.00, real=0.00 secs] 
2017-11-07T23:53:12.954+0300: 397.709: [GC (CMS Final Remark) [YG occupancy: 156120 K (157248 K)]2017-11-07T23:53:12.954+0300: 397.710: [GC (CMS Final Remark) 2017-11-07T23:53:12.954+0300: 397.710: [ParNew: 156120K->156120K(157248K), 0.0000174 secs] 505687K->505687K(506816K), 0.0000426 secs] [Times: user=0.00 sys=0.00, real=0.00 secs] 
2017-11-07T23:53:12.954+0300: 397.710: [Rescan (parallel) , 0.0039695 secs]2017-11-07T23:53:12.958+0300: 397.714: [weak refs processing, 0.0000618 secs]2017-11-07T23:53:12.958+0300: 397.714: [class unloading, 0.0016372 secs]2017-11-07T23:53:12.959+0300: 397.715: [scrub symbol table, 0.0009242 secs]2017-11-07T23:53:12.960+0300: 397.716: [scrub string table, 0.0002304 secs][1 CMS-remark: 349566K(349568K)] 505687K(506816K), 0.0070543 secs] [Times: user=0.00 sys=0.00, real=0.01 secs] 
2017-11-07T23:53:12.961+0300: 397.717: [CMS-concurrent-sweep-start]
2017-11-07T23:53:12.970+0300: 397.726: [CMS-concurrent-sweep: 0.009/0.009 secs] [Times: user=0.01 sys=0.00, real=0.01 secs] 
2017-11-07T23:53:12.970+0300: 397.726: [CMS-concurrent-reset-start]
2017-11-07T23:53:12.971+0300: 397.727: [CMS-concurrent-reset: 0.000/0.000 secs] [Times: user=0.00 sys=0.00, real=0.00 secs] 
2017-11-07T23:53:14.925+0300: 399.681: [GC (Allocation Failure) 2017-11-07T23:53:14.925+0300: 399.681: [ParNew: 157243K->157243K(157248K), 0.0000320 secs]2017-11-07T23:53:14.925+0300: 399.681: [CMS: 347259K->349566K(349568K), 0.1357793 secs] 504502K->504001K(506816K), [Metaspace: 9752K->9752K(1058816K)], 0.1359253 secs] [Times: user=0.14 sys=0.00, real=0.14 secs] 
2017-11-07T23:53:15.061+0300: 399.817: [GC (CMS Initial Mark) [1 CMS-initial-mark: 349566K(349568K)] 504216K(506816K), 0.0042515 secs] [Times: user=0.00 sys=0.00, real=0.00 secs] 
2017-11-07T23:53:15.066+0300: 399.822: [CMS-concurrent-mark-start]
2017-11-07T23:53:15.066+0300: 399.822: [Full GC (Allocation Failure) 2017-11-07T23:53:15.066+0300: 399.822: [CMS2017-11-07T23:53:15.080+0300: 399.836: [CMS-concurrent-mark: 0.015/0.015 secs] [Times: user=0.01 sys=0.00, real=0.01 secs] 
 (concurrent mode failure): 349566K->349566K(349568K), 0.0618223 secs] 506811K->506808K(506816K), [Metaspace: 9752K->9752K(1058816K)], 0.0618890 secs] [Times: user=0.06 sys=0.00, real=0.06 secs] 
2017-11-07T23:53:15.128+0300: 399.884: [Full GC (Allocation Failure) 2017-11-07T23:53:15.128+0300: 399.884: [CMS: 349566K->349564K(349568K), 0.1151459 secs] 506808K->506771K(506816K), [Metaspace: 9752K->9752K(1058816K)], 0.1152314 secs] [Times: user=0.13 sys=0.00, real=0.12 secs] 
2017-11-07T23:53:15.243+0300: 399.999: [Full GC (Allocation Failure) 2017-11-07T23:53:15.244+0300: 399.999: [CMS: 349564K->349564K(349568K), 0.0484501 secs] 506808K->506806K(506816K), [Metaspace: 9671K->9671K(1058816K)], 0.0485232 secs] [Times: user=0.05 sys=0.00, real=0.05 secs] 
2017-11-07T23:53:15.292+0300: 400.048: [Full GC (Allocation Failure) 2017-11-07T23:53:15.292+0300: 400.048: [CMS: 349564K->349564K(349568K), 0.0478792 secs] 506806K->506806K(506816K), [Metaspace: 9671K->9671K(1058816K)], 0.0479374 secs] [Times: user=0.05 sys=0.00, real=0.05 secs] 
2017-11-07T23:53:15.342+0300: 400.098: [GC (CMS Initial Mark) [1 CMS-initial-mark: 349564K(349568K)] 506806K(506816K), 0.0040320 secs] [Times: user=0.00 sys=0.00, real=0.00 secs] 
2017-11-07T23:53:15.346+0300: 400.102: [CMS-concurrent-mark-start]
2017-11-07T23:53:15.702+0300: 400.458: [Full GC (Allocation Failure) 2017-11-07T23:53:15.702+0300: 400.458: [CMS2017-11-07T23:53:15.717+0300: 400.473: [CMS-concurrent-mark: 0.015/0.371 secs] [Times: user=0.14 sys=0.20, real=0.37 secs] 
 (concurrent mode failure): 349567K->349566K(349568K), 0.1094742 secs] 506815K->506813K(506816K), [Metaspace: 9671K->9671K(1058816K)], 0.1095420 secs] [Times: user=0.11 sys=0.00, real=0.11 secs] 
2017-11-07T23:53:15.812+0300: 400.568: [Full GC (Allocation Failure) 2017-11-07T23:53:15.812+0300: 400.568: [CMS: 349567K->349566K(349568K), 0.0968292 secs] 506814K->506813K(506816K), [Metaspace: 9671K->9671K(1058816K)], 0.0968977 secs] [Times: user=0.09 sys=0.00, real=0.10 secs] 
2017-11-07T23:53:15.909+0300: 400.665: [Full GC (Allocation Failure) 2017-11-07T23:53:15.909+0300: 400.665: [CMS: 349566K->349565K(349568K), 0.0506809 secs] 506813K->506812K(506816K), [Metaspace: 9671K->9671K(1058816K)], 0.0507395 secs] [Times: user=0.06 sys=0.00, real=0.05 secs] 
2017-11-07T23:53:15.960+0300: 400.716: [GC (CMS Initial Mark) [1 CMS-initial-mark: 349567K(349568K)] 506814K(506816K), 0.0040789 secs] [Times: user=0.00 sys=0.00, real=0.00 secs] 
2017-11-07T23:53:15.964+0300: 400.720: [CMS-concurrent-mark-start]
2017-11-07T23:53:15.964+0300: 400.720: [Full GC (Allocation Failure) 2017-11-07T23:53:15.964+0300: 400.720: [CMS2017-11-07T23:53:15.979+0300: 400.735: [CMS-concurrent-mark: 0.015/0.015 secs] [Times: user=0.01 sys=0.02, real=0.02 secs] 
 (concurrent mode failure): 349567K->349566K(349568K), 0.0719251 secs] 506814K->506813K(506816K), [Metaspace: 9671K->9671K(1058816K)], 0.0719872 secs] [Times: user=0.08 sys=0.06, real=0.07 secs] 
2017-11-07T23:53:16.037+0300: 400.793: [Full GC (Allocation Failure) 2017-11-07T23:53:16.037+0300: 400.793: [CMS: 349567K->349566K(349568K), 0.0491577 secs] 506815K->506813K(506816K), [Metaspace: 9672K->9672K(1058816K)], 0.0492245 secs] [Times: user=0.05 sys=0.00, real=0.05 secs] 
2017-11-07T23:53:16.087+0300: 400.842: [GC (CMS Initial Mark) [1 CMS-initial-mark: 349566K(349568K)] 506814K(506816K), 0.0044066 secs] [Times: user=0.00 sys=0.00, real=0.00 secs] 
2017-11-07T23:53:16.091+0300: 400.847: [CMS-concurrent-mark-start]
2017-11-07T23:53:16.091+0300: 400.847: [Full GC (Allocation Failure) 2017-11-07T23:53:16.091+0300: 400.847: [CMS2017-11-07T23:53:16.105+0300: 400.861: [CMS-concurrent-mark: 0.014/0.014 secs] [Times: user=0.02 sys=0.00, real=0.01 secs] 
 (concurrent mode failure): 349567K->349567K(349568K), 0.0637520 secs] 506815K->506815K(506816K), [Metaspace: 9674K->9674K(1058816K)], 0.0638127 secs] [Times: user=0.06 sys=0.00, real=0.06 secs] 
2017-11-07T23:53:16.155+0300: 400.911: [Full GC (Allocation Failure) 2017-11-07T23:53:16.155+0300: 400.911: [CMS: 349567K->349567K(349568K), 0.0497460 secs] 506815K->506815K(506816K), [Metaspace: 9674K->9674K(1058816K)], 0.0498110 secs] [Times: user=0.05 sys=0.00, real=0.05 secs] 
2017-11-07T23:53:16.205+0300: 400.961: [Full GC (Allocation Failure) 2017-11-07T23:53:16.205+0300: 400.961: [CMS: 349567K->349567K(349568K), 0.0497038 secs] 506815K->506815K(506816K), [Metaspace: 9674K->9674K(1058816K)], 0.0497571 secs] [Times: user=0.06 sys=0.00, real=0.05 secs] 
2017-11-07T23:53:16.255+0300: 401.011: [GC (CMS Initial Mark) [1 CMS-initial-mark: 349567K(349568K)] 506815K(506816K), 0.0040636 secs] [Times: user=0.00 sys=0.00, real=0.00 secs] 
2017-11-07T23:53:16.259+0300: 401.015: [CMS-concurrent-mark-start]
2017-11-07T23:53:16.259+0300: 401.015: [Full GC (Allocation Failure) 2017-11-07T23:53:16.259+0300: 401.015: [CMS2017-11-07T23:53:16.274+0300: 401.030: [CMS-concurrent-mark: 0.015/0.015 secs] [Times: user=0.02 sys=0.00, real=0.01 secs] 
 (concurrent mode failure): 349567K->349567K(349568K), 0.0639210 secs] 506815K->506815K(506816K), [Metaspace: 9674K->9674K(1058816K)], 0.0639817 secs] [Times: user=0.05 sys=0.00, real=0.06 secs] 
2017-11-07T23:53:16.323+0300: 401.079: [Full GC (Allocation Failure) 2017-11-07T23:53:16.323+0300: 401.079: [CMS: 349567K->349567K(349568K), 0.0490182 secs] 506815K->506815K(506816K), [Metaspace: 9674K->9674K(1058816K)], 0.0490647 secs] [Times: user=0.05 sys=0.00, real=0.05 secs] 
2017-11-07T23:53:16.373+0300: 401.129: [Full GC (Allocation Failure) 2017-11-07T23:53:16.373+0300: 401.129: [CMS: 349567K->349567K(349568K), 0.0493626 secs] 506815K->506815K(506816K), [Metaspace: 9674K->9674K(1058816K)], 0.0494190 secs] [Times: user=0.05 sys=0.00, real=0.05 secs] 
2017-11-07T23:53:16.422+0300: 401.178: [Full GC (Allocation Failure) 2017-11-07T23:53:16.422+0300: 401.178: [CMS: 349567K->349567K(349568K), 0.0494822 secs] 506815K->506815K(506816K), [Metaspace: 9674K->9674K(1058816K)], 0.0495383 secs] [Times: user=0.05 sys=0.00, real=0.05 secs] 
2017-11-07T23:53:16.472+0300: 401.228: [Full GC (Allocation Failure) 2017-11-07T23:53:16.472+0300: 401.228: [CMS: 349567K->349565K(349568K), 0.0954011 secs] 506815K->506812K(506816K), [Metaspace: 9675K->9675K(1058816K)], 0.0954672 secs] [Times: user=0.11 sys=0.00, real=0.10 secs] 
2017-11-07T23:53:16.567+0300: 401.324: [GC (CMS Initial Mark) [1 CMS-initial-mark: 349565K(349568K)] 506812K(506816K), 0.0040651 secs] [Times: user=0.00 sys=0.00, real=0.01 secs] 
2017-11-07T23:53:16.572+0300: 401.328: [CMS-concurrent-mark-start]
2017-11-07T23:53:16.572+0300: 401.328: [Full GC (Allocation Failure) 2017-11-07T23:53:16.572+0300: 401.328: [CMS2017-11-07T23:53:16.587+0300: 401.343: [CMS-concurrent-mark: 0.015/0.015 secs] [Times: user=0.02 sys=0.00, real=0.01 secs] 
 (concurrent mode failure): 349566K->349564K(349568K), 0.0644014 secs] 506814K->506808K(506816K), [Metaspace: 9676K->9676K(1058816K)], 0.0644710 secs] [Times: user=0.06 sys=0.00, real=0.07 secs] 
2017-11-07T23:53:16.637+0300: 401.393: [Full GC (Allocation Failure) 2017-11-07T23:53:16.637+0300: 401.393: [CMS: 349567K->349565K(349568K), 0.0495092 secs] 506815K->506811K(506816K), [Metaspace: 9683K->9683K(1058816K)], 0.0495639 secs] [Times: user=0.05 sys=0.00, real=0.05 secs] 
2017-11-07T23:53:16.687+0300: 401.443: [GC (CMS Initial Mark) [1 CMS-initial-mark: 349565K(349568K)] 506811K(506816K), 0.0039436 secs] [Times: user=0.01 sys=0.00, real=0.00 secs] 
2017-11-07T23:53:16.691+0300: 401.447: [CMS-concurrent-mark-start]
2017-11-07T23:53:16.691+0300: 401.447: [Full GC (Allocation Failure) 2017-11-07T23:53:16.691+0300: 401.447: [CMS2017-11-07T23:53:16.706+0300: 401.462: [CMS-concurrent-mark: 0.015/0.015 secs] [Times: user=0.00 sys=0.00, real=0.02 secs] 
 (concurrent mode failure): 349565K->349563K(349568K), 0.0692099 secs] 506813K->506809K(506816K), [Metaspace: 9683K->9683K(1058816K)], 0.0692689 secs] [Times: user=0.06 sys=0.00, real=0.07 secs] 
2017-11-07T23:53:16.761+0300: 401.517: [Full GC (Allocation Failure) 2017-11-07T23:53:16.761+0300: 401.517: [CMS: 349563K->349563K(349568K), 0.0484742 secs] 506809K->506809K(506816K), [Metaspace: 9683K->9683K(1058816K)], 0.0485229 secs] [Times: user=0.05 sys=0.00, real=0.05 secs] 
2017-11-07T23:53:16.810+0300: 401.566: [Full GC (Allocation Failure) 2017-11-07T23:53:16.810+0300: 401.566: [CMS: 349567K->349563K(349568K), 0.0942514 secs] 506815K->506806K(506816K), [Metaspace: 9696K->9696K(1058816K)], 0.0943196 secs] [Times: user=0.09 sys=0.00, real=0.09 secs] 
2017-11-07T23:53:16.905+0300: 401.661: [GC (CMS Initial Mark) [1 CMS-initial-mark: 349563K(349568K)] 506807K(506816K), 0.0041709 secs] [Times: user=0.00 sys=0.00, real=0.00 secs] 
2017-11-07T23:53:16.909+0300: 401.665: [CMS-concurrent-mark-start]
2017-11-07T23:53:16.910+0300: 401.666: [Full GC (Allocation Failure) 2017-11-07T23:53:16.910+0300: 401.666: [CMS2017-11-07T23:53:16.924+0300: 401.680: [CMS-concurrent-mark: 0.015/0.015 secs] [Times: user=0.03 sys=0.00, real=0.02 secs] 
 (concurrent mode failure): 349567K->349567K(349568K), 0.1328938 secs] 506815K->506790K(506816K), [Metaspace: 9707K->9707K(1058816K)], 0.1329634 secs] [Times: user=0.13 sys=0.00, real=0.13 secs] 
2017-11-07T23:53:17.044+0300: 401.800: [Full GC (Allocation Failure) 2017-11-07T23:53:17.044+0300: 401.800: [CMS: 349567K->349565K(349568K), 0.0994821 secs] 506815K->506798K(506816K), [Metaspace: 9729K->9729K(1058816K)], 0.0995667 secs] [Times: user=0.11 sys=0.00, real=0.10 secs] 
2017-11-07T23:53:17.144+0300: 401.900: [GC (CMS Initial Mark) [1 CMS-initial-mark: 349565K(349568K)] 506799K(506816K), 0.0043548 secs] [Times: user=0.00 sys=0.00, real=0.00 secs] 
2017-11-07T23:53:17.149+0300: 401.905: [CMS-concurrent-mark-start]
2017-11-07T23:53:17.150+0300: 401.906: [Full GC (Allocation Failure) 2017-11-07T23:53:17.150+0300: 401.906: [CMS2017-11-07T23:53:17.163+0300: 401.919: [CMS-concurrent-mark: 0.014/0.015 secs] [Times: user=0.02 sys=0.00, real=0.01 secs] 
 (concurrent mode failure): 349567K->349564K(349568K), 0.1089192 secs] 506815K->506799K(506816K), [Metaspace: 9731K->9731K(1058816K)], 0.1089991 secs] [Times: user=0.11 sys=0.00, real=0.11 secs] 
2017-11-07T23:53:17.260+0300: 402.016: [Full GC (Allocation Failure) 2017-11-07T23:53:17.260+0300: 402.016: [CMS: 349567K->349564K(349568K), 0.0500873 secs] 506815K->506800K(506816K), [Metaspace: 9731K->9731K(1058816K)], 0.0501480 secs] [Times: user=0.05 sys=0.00, real=0.05 secs] 
2017-11-07T23:53:17.310+0300: 402.066: [GC (CMS Initial Mark) [1 CMS-initial-mark: 349564K(349568K)] 506801K(506816K), 0.0040100 secs] [Times: user=0.00 sys=0.00, real=0.00 secs] 
2017-11-07T23:53:17.314+0300: 402.070: [CMS-concurrent-mark-start]
2017-11-07T23:53:17.315+0300: 402.071: [Full GC (Allocation Failure) 2017-11-07T23:53:17.315+0300: 402.071: [CMS2017-11-07T23:53:17.330+0300: 402.086: [CMS-concurrent-mark: 0.016/0.016 secs] [Times: user=0.05 sys=0.00, real=0.02 secs] 
 (concurrent mode failure): 349567K->349564K(349568K), 0.0635567 secs] 506815K->506800K(506816K), [Metaspace: 9734K->9734K(1058816K)], 0.0636157 secs] [Times: user=0.06 sys=0.00, real=0.06 secs] 
2017-11-07T23:53:17.379+0300: 402.135: [Full GC (Allocation Failure) 2017-11-07T23:53:17.379+0300: 402.135: [CMS: 349568K->349566K(349568K), 0.0939408 secs] 506815K->506804K(506816K), [Metaspace: 9736K->9736K(1058816K)], 0.0940118 secs] [Times: user=0.09 sys=0.00, real=0.09 secs] 
2017-11-07T23:53:17.473+0300: 402.229: [GC (CMS Initial Mark) [1 CMS-initial-mark: 349566K(349568K)] 506805K(506816K), 0.0041286 secs] [Times: user=0.00 sys=0.00, real=0.00 secs] 
2017-11-07T23:53:17.477+0300: 402.233: [CMS-concurrent-mark-start]
2017-11-07T23:53:17.478+0300: 402.234: [Full GC (Allocation Failure) 2017-11-07T23:53:17.478+0300: 402.234: [CMS2017-11-07T23:53:17.493+0300: 402.249: [CMS-concurrent-mark: 0.015/0.015 secs] [Times: user=0.02 sys=0.00, real=0.02 secs] 
 (concurrent mode failure): 349566K->349566K(349568K), 0.0631878 secs] 506813K->506809K(506816K), [Metaspace: 9736K->9736K(1058816K)], 0.0632531 secs] [Times: user=0.06 sys=0.00, real=0.06 secs] 
2017-11-07T23:53:17.542+0300: 402.299: [Full GC (Allocation Failure) 2017-11-07T23:53:17.542+0300: 402.299: [CMS: 349567K->349566K(349568K), 0.0483297 secs] 506815K->506811K(506816K), [Metaspace: 9738K->9738K(1058816K)], 0.0483936 secs] [Times: user=0.05 sys=0.00, real=0.05 secs] 
2017-11-07T23:53:17.591+0300: 402.347: [GC (CMS Initial Mark) [1 CMS-initial-mark: 349566K(349568K)] 506811K(506816K), 0.0040995 secs] [Times: user=0.00 sys=0.00, real=0.00 secs] 
2017-11-07T23:53:17.595+0300: 402.351: [CMS-concurrent-mark-start]
2017-11-07T23:53:17.595+0300: 402.352: [Full GC (Allocation Failure) 2017-11-07T23:53:17.595+0300: 402.352: [CMS2017-11-07T23:53:17.610+0300: 402.366: [CMS-concurrent-mark: 0.015/0.015 secs] [Times: user=0.00 sys=0.01, real=0.01 secs] 
 (concurrent mode failure): 349566K->349566K(349568K), 0.0637644 secs] 506811K->506811K(506816K), [Metaspace: 9738K->9738K(1058816K)], 0.0638287 secs] [Times: user=0.06 sys=0.01, real=0.06 secs] 
2017-11-07T23:53:17.659+0300: 402.415: [Full GC (Allocation Failure) 2017-11-07T23:53:17.659+0300: 402.415: [CMS: 349566K->349563K(349568K), 0.0918186 secs] 506811K->506801K(506816K), [Metaspace: 9738K->9738K(1058816K)], 0.0918687 secs] [Times: user=0.08 sys=0.00, real=0.09 secs] 
2017-11-07T23:53:17.753+0300: 402.509: [Full GC (Allocation Failure) 2017-11-07T23:53:17.753+0300: 402.509: [CMS: 349564K->349564K(349568K), 0.0478774 secs] 506812K->506809K(506816K), [Metaspace: 9773K->9773K(1058816K)], 0.0479388 secs] [Times: user=0.05 sys=0.00, real=0.05 secs] 
2017-11-07T23:53:17.801+0300: 402.557: [Full GC (Allocation Failure) 2017-11-07T23:53:17.801+0300: 402.557: [CMS: 349564K->349564K(349568K), 0.0476026 secs] 506809K->506809K(506816K), [Metaspace: 9773K->9773K(1058816K)], 0.0476580 secs] [Times: user=0.05 sys=0.00, real=0.05 secs] 
2017-11-07T23:53:17.849+0300: 402.605: [GC (CMS Initial Mark) [1 CMS-initial-mark: 349564K(349568K)] 506809K(506816K), 0.0042266 secs] [Times: user=0.00 sys=0.00, real=0.00 secs] 
2017-11-07T23:53:17.853+0300: 402.609: [CMS-concurrent-mark-start]
2017-11-07T23:53:17.854+0300: 402.610: [Full GC (Allocation Failure) 2017-11-07T23:53:17.854+0300: 402.610: [CMS2017-11-07T23:53:17.868+0300: 402.624: [CMS-concurrent-mark: 0.015/0.015 secs] [Times: user=0.01 sys=0.00, real=0.02 secs] 
 (concurrent mode failure): 349564K->349564K(349568K), 0.0620431 secs] 506809K->506809K(506816K), [Metaspace: 9783K->9783K(1058816K)], 0.0621099 secs] [Times: user=0.06 sys=0.00, real=0.06 secs] 
2017-11-07T23:53:17.916+0300: 402.672: [Full GC (Allocation Failure) 2017-11-07T23:53:17.916+0300: 402.672: [CMS: 349564K->349564K(349568K), 0.0484465 secs] 506809K->506809K(506816K), [Metaspace: 9783K->9783K(1058816K)], 0.0485069 secs] [Times: user=0.05 sys=0.00, real=0.05 secs] 
2017-11-07T23:53:17.966+0300: 402.722: [Full GC (Allocation Failure) 2017-11-07T23:53:17.966+0300: 402.722: [CMS: 349567K->349564K(349568K), 0.0487118 secs] 506815K->506811K(506816K), [Metaspace: 9822K->9822K(1058816K)], 0.0487672 secs] [Times: user=0.05 sys=0.00, real=0.05 secs] 
2017-11-07T23:53:18.015+0300: 402.771: [GC (CMS Initial Mark) [1 CMS-initial-mark: 349566K(349568K)] 506813K(506816K), 0.0039493 secs] [Times: user=0.01 sys=0.00, real=0.00 secs] 
2017-11-07T23:53:18.019+0300: 402.775: [CMS-concurrent-mark-start]
2017-11-07T23:53:18.020+0300: 402.776: [Full GC (Allocation Failure) 2017-11-07T23:53:18.020+0300: 402.776: [CMS2017-11-07T23:53:18.033+0300: 402.789: [CMS-concurrent-mark: 0.014/0.014 secs] [Times: user=0.02 sys=0.00, real=0.01 secs] 
 (concurrent mode failure): 349566K->349564K(349568K), 0.1067072 secs] 506814K->506811K(506816K), [Metaspace: 9824K->9824K(1058816K)], 0.1067686 secs] [Times: user=0.11 sys=0.00, real=0.11 secs] 
2017-11-07T23:53:18.127+0300: 402.884: [Full GC (Allocation Failure) 2017-11-07T23:53:18.128+0300: 402.884: [CMS: 349568K->349564K(349568K), 0.0495632 secs] 506816K->506812K(506816K), [Metaspace: 9828K->9828K(1058816K)], 0.0496161 secs] [Times: user=0.05 sys=0.00, real=0.05 secs] 
2017-11-07T23:53:18.177+0300: 402.933: [GC (CMS Initial Mark) [1 CMS-initial-mark: 349564K(349568K)] 506812K(506816K), 0.0039720 secs] [Times: user=0.00 sys=0.00, real=0.00 secs] 
2017-11-07T23:53:18.181+0300: 402.937: [CMS-concurrent-mark-start]
2017-11-07T23:53:18.182+0300: 402.938: [Full GC (Allocation Failure) 2017-11-07T23:53:18.182+0300: 402.938: [CMS2017-11-07T23:53:18.197+0300: 402.953: [CMS-concurrent-mark: 0.015/0.016 secs] [Times: user=0.02 sys=0.00, real=0.02 secs] 
 (concurrent mode failure): 349567K->349565K(349568K), 0.0652099 secs] 506815K->506812K(506816K), [Metaspace: 9829K->9829K(1058816K)], 0.0652752 secs] [Times: user=0.06 sys=0.00, real=0.07 secs] 
2017-11-07T23:53:18.248+0300: 403.004: [Full GC (Allocation Failure) 2017-11-07T23:53:18.248+0300: 403.004: [CMS: 349567K->349566K(349568K), 0.0486006 secs] 506815K->506814K(506816K), [Metaspace: 9829K->9829K(1058816K)], 0.0486649 secs] [Times: user=0.05 sys=0.00, real=0.05 secs] 
2017-11-07T23:53:18.297+0300: 403.053: [GC (CMS Initial Mark) [1 CMS-initial-mark: 349566K(349568K)] 506814K(506816K), 0.0037597 secs] [Times: user=0.01 sys=0.00, real=0.00 secs] 
2017-11-07T23:53:18.301+0300: 403.057: [CMS-concurrent-mark-start]
2017-11-07T23:53:18.301+0300: 403.057: [Full GC (Allocation Failure) 2017-11-07T23:53:18.301+0300: 403.057: [CMS2017-11-07T23:53:18.315+0300: 403.071: [CMS-concurrent-mark: 0.014/0.014 secs] [Times: user=0.02 sys=0.00, real=0.01 secs] 
 (concurrent mode failure): 349566K->349565K(349568K), 0.0630674 secs] 506814K->506813K(506816K), [Metaspace: 9829K->9829K(1058816K)], 0.0631246 secs] [Times: user=0.06 sys=0.00, real=0.06 secs] 
2017-11-07T23:53:18.364+0300: 403.120: [Full GC (Allocation Failure) 2017-11-07T23:53:18.364+0300: 403.120: [CMS: 349565K->349565K(349568K), 0.0480425 secs] 506813K->506813K(506816K), [Metaspace: 9829K->9829K(1058816K)], 0.0480940 secs] [Times: user=0.05 sys=0.00, real=0.05 secs] 
Heap
 par new generation   total 157248K, used 157247K [0x00000000e0000000, 0x00000000eaaa0000, 0x00000000eaaa0000)
  eden space 139776K,  99% used [0x00000000e0000000, 0x00000000e887fff8, 0x00000000e8880000)
  from space 17472K,  99% used [0x00000000e8880000, 0x00000000e998fff8, 0x00000000e9990000)
  to   space 17472K,   0% used [0x00000000e9990000, 0x00000000e9990000, 0x00000000eaaa0000)
 concurrent mark-sweep generation total 349568K, used 349567K [0x00000000eaaa0000, 0x0000000100000000, 0x0000000100000000)
 Metaspace       used 9834K, capacity 10086K, committed 10496K, reserved 1058816K
  class space    used 1109K, capacity 1187K, committed 1280K, reserved 1048576K
2017-11-07T23:53:18.413+0300: 403.169: [Full GC (Allocation Failure) 2017-11-07T23:53:18.413+0300: 403.170: [CMS: 349567K->349564K(349568K), 0.0934913 secs] 506815K->506799K(506816K), [Metaspace: 9834K->9834K(1058816K)], 0.0935587 secs] [Times: user=0.09 sys=0.00, real=0.09 secs] 
2017-11-07T23:53:18.507+0300: 403.263: [GC (CMS Initial Mark) [1 CMS-initial-mark: 349564K(349568K)] 506800K(506816K), 0.0039671 secs] [Times: user=0.00 sys=0.00, real=0.00 secs] 
2017-11-07T23:53:18.511+0300: 403.267: [CMS-concurrent-mark-start]
